1	AAAAAA.ACAGTG	0	0
1	AAAAAA.GAACAA	0	0
1	AAAAAA.GTGCCT	0	0
1	AAAAAC.AAATTA	0	0
1	AAAAAC.ATTGTG	0	0
1	AAAAAC.TTAGAA	0	0
1	AAAAAG.ACAAAA	0	0
1	AAAAAG.CATTTT	0	0
1	AAAAAG.TGCCTG	0	0
1	AAAAAT.TCTCTG	0	0
1	AAAACA.TAAGGC	0	0
1	AAAACA.TACAAT	0	0
1	AAAACA.TCCCAC	0	0
1	AAAACA.TCTACA	0	0
1	AAAACC.ACAGGG	0	0
1	AAAACC.ACTTCT	0	0
1	AAAACC.AGCAAG	0	0
1	AAAACC.ATCATA	0	0
1	AAAACC.GCTACT	0	0
1	AAAACC.TCTTTA	0	0
1	AAAACC.TTGCTA	0	0
1	AAAACG.CAATTC	0	0
1	AAAACT.AAAACA	0	0
1	AAAACT.AGAGTA	0	0
1	AAAACT.GGATCA	0	0
1	AAAAGA.ATGCTC	0	0
1	AAAAGG.CAAAAA	0	0
1	AAAAGT.ACCTTT	0	0
1	AAAAGT.CATTAA	0	0
1	AAAAGT.TTCCAG	0	0
1	AAAATA.ATGTGT	0	0
1	AAAATA.GTGTGA	0	0
1	AAAATC.CCCGTC	0	0
1	AAAATC.TCTGGT	0	0
1	AAAATC.TTAATT	0	0
1	AAAATG.AGACAT	0	0
1	AAAATG.CTTAAA	0	0
1	AAAATT.ATTGCC	0	0
1	AAAATT.TGTGCG	0	0
1	AAAATT.TTGATG	0	0
1	AAACAA.AAAAAC	0	0
1	AAACAA.AACAGC	0	0
1	AAACAA.AGAGTT	0	0
1	AAACAA.ATTACC	0	0
1	AAACAA.CTTTGT	0	0
1	AAACAA.TATCTG	0	0
1	AAACAC.CAAAAA	0	0
1	AAACAC.CAAGAA	0	0
1	AAACAC.CACAGA	0	0
1	AAACAC.TCTATC	0	0
1	AAACAC.TGAAGA	0	0
1	AAACAC.TTAATA	0	0
1	AAACAG.AAGAAG	0	0
1	AAACAG.ACAAGC	0	0
1	AAACAG.AGCAAG	0	0
1	AAACAG.TTCATC	0	0
1	AAACAT.GCAGTG	0	0
1	AAACAT.TTAGGG	0	0
1	AAACCA.ACAAAC	0	0
1	AAACCA.GCGAAC	0	0
1	AAACCA.TACCAG	0	0
1	AAACCA.TCTCTG	0	0
1	AAACCC.CACCTT	0	0
1	AAACCC.GGAGTC	0	0
1	AAACCC.TCCTTG	0	0
1	AAACCT.GGGGCC	0	0
1	AAACCT.TAAGCC	0	0
1	AAACGA.TTTGAT	0	0
1	AAACTA.ACAAAT	0	0
1	AAACTA.GATCAG	0	0
1	AAACTG.CCTACT	0	0
1	AAACTG.CTATTG	0	0
1	AAACTG.TAAATA	0	0
1	AAACTT.TTGGGT	0	0
1	AAAGAA.ACTGTT	0	0
1	AAAGAA.ATGTAC	0	0
1	AAAGAA.CAATGA	0	0
1	AAAGAA.GATAGG	0	0
1	AAAGAA.GTGTCC	0	0
1	AAAGAA.TTATCT	0	0
1	AAAGAG.CACCAC	0	0
1	AAAGAT.ACATTG	0	0
1	AAAGAT.CAAATT	0	0
1	AAAGAT.GCTGAG	0	0
1	AAAGAT.GCTGCA	0	0
1	AAAGAT.TAATTC	0	0
1	AAAGAT.TTAGTT	0	0
1	AAAGCA.GTAAAG	0	0
1	AAAGCA.TCGTGG	0	0
1	AAAGCA.TTTTAT	0	0
1	AAAGCC.AAAAAC	0	0
1	AAAGCC.TGGTCA	0	0
1	AAAGCT.GAAACA	0	0
1	AAAGCT.GCTCTT	0	0
1	AAAGCT.TTACAA	0	0
1	AAAGGA.TTCCTT	0	0
1	AAAGGC.CATTTG	0	0
1	AAAGGC.TAGCAT	0	0
1	AAAGGC.TTTTGC	0	0
1	AAAGGT.AAACCA	0	0
1	AAAGGT.AACAGG	0	0
1	AAAGGT.AGATGG	0	0
1	AAAGGT.ATTCCT	0	0
1	AAAGGT.CTGATT	0	0
1	AAAGGT.TACTCT	0	0
1	AAAGGT.TATACC	0	0
1	AAAGTA.ATCTTC	0	0
1	AAAGTA.TGTTGT	0	0
1	AAAGTA.TTATCA	0	0
1	AAAGTC.AGTTGT	0	0
1	AAAGTG.ACATCA	0	0
1	AAAGTG.CAACAG	0	0
1	AAAGTG.CTTTTA	0	0
1	AAAGTT.GATGGA	0	0
1	AAAGTT.GTTGGT	0	0
1	AAAGTT.TTACCA	0	0
1	AAAGTT.TTGAAC	0	0
1	AAATAA.CATGCA	0	0
1	AAATAA.GCTACT	0	0
1	AAATAA.GGACAC	0	0
1	AAATAA.TTTTTG	0	0
1	AAATAC.TGGTGT	0	0
1	AAATAC.TGTGAT	0	0
1	AAATAG.CATACA	0	0
1	AAATAT.ATATTA	0	0
1	AAATAT.TAGTAC	0	0
1	AAATCA.AACCCT	0	0
1	AAATCA.TTTCCA	0	0
1	AAATCT.AATTCT	0	0
1	AAATCT.CAGCAG	0	0
1	AAATCT.TATGAC	0	0
1	AAATCT.TATTAT	0	0
1	AAATGA.ATCCTT	0	0
1	AAATGA.TTATCA	0	0
1	AAATGC.CGTAAT	0	0
1	AAATGC.TTTTTA	0	0
1	AAATGG.ATATTA	0	0
1	AAATGG.CAGATA	0	0
1	AAATGG.GAATTG	0	0
1	AAATGG.GATGTG	0	0
1	AAATGT.CTGCAA	0	0
1	AAATGT.TGGTAA	0	0
1	AAATTA.AGAAGA	0	0
1	AAATTA.TGAAAT	0	0
1	AAATTC.CAAGTG	0	0
1	AAATTC.CAGTGC	0	0
1	AAATTC.CTCGAG	0	0
1	AAATTC.TCTTCT	0	0
1	AAATTG.CGGTGG	0	0
1	AAATTG.GCAATT	0	0
1	AAATTG.GTAGTC	0	0
1	AAATTG.TCTCCA	0	0
1	AAATTG.TGATGA	0	0
1	AAATTG.TGGGTG	0	0
1	AAATTT.ACAATT	0	0
1	AAATTT.ATATTA	0	0
1	AAATTT.GACATT	0	0
1	AAATTT.GGGGAC	0	0
1	AAATTT.TGGGTA	0	0
1	AAATTT.TTATCA	0	0
1	AACAAA.AATACC	0	0
1	AACAAA.ACGGCA	0	0
1	AACAAA.CCAAGG	0	0
1	AACAAA.CCTTAC	0	0
1	AACAAA.CTTGGC	0	0
1	AACAAA.GCTAGC	0	0
1	AACAAA.TAAAAT	0	0
1	AACAAA.TTGCAC	0	0
1	AACAAC.ACTGTT	0	0
1	AACAAC.AGGCCA	0	0
1	AACAAC.ATGTGT	0	0
1	AACAAC.CCGGAT	0	0
1	AACAAC.CTGTTG	0	0
1	AACAAC.TCTGTG	0	0
1	AACAAG.GAAGTG	0	0
1	AACAAG.TGATAA	0	0
1	AACAAT.CTGCAA	0	0
1	AACAAT.TGTGAT	0	0
1	AACAAT.TTGATG	0	0
1	AACACA.ACACTT	0	0
1	AACACA.ACCATT	0	0
1	AACACA.TGACTA	0	0
1	AACACC.ACCTTG	0	0
1	AACACC.GGTTGC	0	0
1	AACACC.TCATTA	0	0
1	AACACC.TCTTGA	0	0
1	AACACC.TTACGG	0	0
1	AACACG.AAATTA	0	0
1	AACACG.ACAGAA	0	0
1	AACACT.AATATC	0	0
1	AACACT.TCCTTA	0	0
1	AACAGA.CCTAAA	0	0
1	AACAGA.GAAGTT	0	0
1	AACAGA.GCAAAT	0	0
1	AACAGA.GCGCAA	0	0
1	AACAGA.GCTGAT	0	0
1	AACAGA.TTGTTA	0	0
1	AACAGC.TTAAGG	0	0
1	AACAGG.TGATGA	0	0
1	AACAGT.CAAGAA	0	0
1	AACAGT.GACAAC	0	0
1	AACATA.AATGTT	0	0
1	AACATA.GGATTA	0	0
1	AACATA.TGACTT	0	0
1	AACATC.AATTCG	0	0
1	AACATC.GGTGAT	0	0
1	AACATC.TTGCAA	0	0
1	AACATG.TCTTGT	0	0
1	AACATG.TTAGAA	0	0
1	AACATT.ACTGTA	0	0
1	AACATT.CCACCA	0	0
1	AACATT.GGGAGG	0	0
1	AACATT.TAACTG	0	0
1	AACATT.TTAGTA	0	0
1	AACCAA.CAACTT	0	0
1	AACCAC.CCAGGT	0	0
1	AACCAC.CGAACA	0	0
1	AACCAC.TAACTG	0	0
1	AACCAC.TTCCCG	0	0
1	AACCAG.AAATAA	0	0
1	AACCAG.ACTCAA	0	0
1	AACCAG.CAAGTT	0	0
1	AACCAG.CTCATC	0	0
1	AACCCA.GAGTCA	0	0
1	AACCCA.TGATTA	0	0
1	AACCCT.AAAAAG	0	0
1	AACCCT.AGTTGA	0	0
1	AACCGA.GACGAC	0	0
1	AACCGC.GCTTTA	0	0
1	AACCTA.TGTACT	0	0
1	AACCTC.TCAGGA	0	0
1	AACCTC.TTGAGG	0	0
1	AACCTG.AGCATT	0	0
1	AACCTT.AACACC	0	0
1	AACCTT.AGCTTA	0	0
1	AACCTT.TTGAAA	0	0
1	AACGAC.GTAATT	0	0
1	AACGAG.TGAAAC	0	0
1	AACGAT.TAAATG	0	0
1	AACGCT.AAAGCT	0	0
1	AACGTA.CAATGG	0	0
1	AACGTC.TTCTGT	0	0
1	AACTAA.ATTCTT	0	0
1	AACTAA.CAGACA	0	0
1	AACTAA.TAATCA	0	0
1	AACTAC.TCATCA	0	0
1	AACTAG.ATCAGT	0	0
1	AACTAT.GCTTTA	0	0
1	AACTAT.TTAGTA	0	0
1	AACTCA.GACTTG	0	0
1	AACTCA.TTTCCA	0	0
1	AACTCC.CGAACC	0	0
1	AACTCC.GATGAA	0	0
1	AACTGA.GGAGCC	0	0
1	AACTGC.CCTGCC	0	0
1	AACTGC.TTTGGC	0	0
1	AACTGG.ACTTCA	0	0
1	AACTGG.CCAGAA	0	0
1	AACTGT.AAAGGT	0	0
1	AACTGT.ACTCTT	0	0
1	AACTGT.CATACA	0	0
1	AACTGT.TAGGCA	0	0
1	AACTTA.AAATTA	0	0
1	AACTTA.TGACAA	0	0
1	AACTTA.TTTACT	0	0
1	AACTTA.TTTCTT	0	0
1	AACTTC.GCACTA	0	0
1	AACTTC.TCTTTA	0	0
1	AACTTC.TGCTGA	0	0
1	AACTTC.TGGCAG	0	0
1	AACTTG.TAATTC	0	0
1	AACTTG.TGTTGT	0	0
1	AACTTT.AAGCAA	0	0
1	AACTTT.ATTGGT	0	0
1	AACTTT.CTTGCT	0	0
1	AACTTT.GCCCTC	0	0
1	AACTTT.TATTGC	0	0
1	AACTTT.TCAGGG	0	0
1	AACTTT.TTAAGA	0	0
1	AAGAAA.AATTTA	0	0
1	AAGAAA.ACAATT	0	0
1	AAGAAA.CAGTTA	0	0
1	AAGAAA.GAGCTA	0	0
1	AAGAAA.TGTGCC	0	0
1	AAGAAC.TCTTTC	0	0
1	AAGAAC.TGTCCA	0	0
1	AAGAAG.CTCGGC	0	0
1	AAGAAG.GTTTGA	0	0
1	AAGAAG.TAAAAA	0	0
1	AAGAAG.TAACAT	0	0
1	AAGAAG.TCAAAT	0	0
1	AAGAAT.TCAAGT	0	0
1	AAGACA.CAGCAT	0	0
1	AAGACA.CTTTTC	0	0
1	AAGACA.TTTAAA	0	0
1	AAGACC.TTAAGT	0	0
1	AAGACT.AAGCTT	0	0
1	AAGAGA.AGGTAC	0	0
1	AAGAGA.TGTCAT	0	0
1	AAGAGC.ACCACA	0	0
1	AAGAGG.TAGCCA	0	0
1	AAGAGT.ATTTTG	0	0
1	AAGAGT.GAATGT	0	0
1	AAGATA.AGAAAA	0	0
1	AAGATA.TACTGA	0	0
1	AAGATG.ATGGAA	0	0
1	AAGATG.TAAGAA	0	0
1	AAGATG.TCCATA	0	0
1	AAGATT.TACAAA	0	0
1	AAGATT.TCAAAG	0	0
1	AAGATT.TGTCCG	0	0
1	AAGCAA.GTGAAA	0	0
1	AAGCAG.GTTACG	0	0
1	AAGCAG.TGGTAC	0	0
1	AAGCAT.CAGCCG	0	0
1	AAGCAT.GAGATA	0	0
1	AAGCAT.TTAGGC	0	0
1	AAGCCA.ATTCAT	0	0
1	AAGCCA.TAATTC	0	0
1	AAGCCA.TTCCAT	0	0
1	AAGCCA.TTTAAA	0	0
1	AAGCCC.TTAATA	0	0
1	AAGCCT.ACCGCA	0	0
1	AAGCCT.ACTCCC	0	0
1	AAGCCT.ATTATT	0	0
1	AAGCCT.TTCTCG	0	0
1	AAGCTA.TCTTAA	0	0
1	AAGCTA.TGAGGA	0	0
1	AAGCTG.ACTTGC	0	0
1	AAGCTG.ATTATT	0	0
1	AAGCTT.ATGCAC	0	0
1	AAGCTT.GATAAT	0	0
1	AAGGAA.ACAAGT	0	0
1	AAGGAA.TGATTA	0	0
1	AAGGAC.GGTTTG	0	0
1	AAGGAC.TTCTAA	0	0
1	AAGGAT.ACAGCT	0	0
1	AAGGAT.ATAAAC	0	0
1	AAGGAT.CTACTC	0	0
1	AAGGCA.TTTGAT	0	0
1	AAGGCC.GCAGCA	0	0
1	AAGGCC.TTAAAC	0	0
1	AAGGCT.ATGAAA	0	0
1	AAGGCT.CTGCAA	0	0
1	AAGGGA.ACTTTG	0	0
1	AAGGGA.CTAAAC	0	0
1	AAGGGG.TTCAAG	0	0
1	AAGGTA.ACAATA	0	0
1	AAGGTA.CTGAAC	0	0
1	AAGGTC.ATAAGA	0	0
1	AAGGTC.TTAATG	0	0
1	AAGGTG.AATAAA	0	0
1	AAGGTT.ATACCT	0	0
1	AAGGTT.ATTGCC	0	0
1	AAGGTT.CCCTGT	0	0
1	AAGGTT.CGAAGG	0	0
1	AAGTAC.AGTTTC	0	0
1	AAGTAG.ACCTGA	0	0
1	AAGTAG.AGTAAG	0	0
1	AAGTAG.TCTTCA	0	0
1	AAGTAG.TGAGCC	0	0
1	AAGTCA.ATGCAA	0	0
1	AAGTCA.CTAATT	0	0
1	AAGTCA.TAACTG	0	0
1	AAGTCA.TAAGAG	0	0
1	AAGTCA.TGTACT	0	0
1	AAGTCA.TGTCAA	0	0
1	AAGTCC.GAGTTG	0	0
1	AAGTGA.AACAGA	0	0
1	AAGTGA.ACACTT	0	0
1	AAGTGA.GCCATA	0	0
1	AAGTGA.GTAACT	0	0
1	AAGTGC.CCTACA	0	0
1	AAGTGC.TTTTAC	0	0
1	AAGTGG.AATACC	0	0
1	AAGTGG.TAAGCA	0	0
1	AAGTGG.TGGTAG	0	0
1	AAGTGT.TTGATA	0	0
1	AAGTTA.ACTTGT	0	0
1	AAGTTA.AGTTCC	0	0
1	AAGTTC.CCTACT	0	0
1	AAGTTG.AAACAT	0	0
1	AAGTTT.TCATAG	0	0
1	AAGTTT.TTATGG	0	0
1	AATAAA.ACAGCT	0	0
1	AATAAA.ACCATC	0	0
1	AATAAA.CACTAC	0	0
1	AATAAA.GACCTC	0	0
1	AATAAA.TCTAGC	0	0
1	AATAAA.TTTTGG	0	0
1	AATAAG.GGCTGG	0	0
1	AATAAT.GCGATC	0	0
1	AATAAT.GTTTAA	0	0
1	AATACA.ATCATG	0	0
1	AATACA.TTCAGT	0	0
1	AATACA.TTGAAT	0	0
1	AATACC.ATAGCA	0	0
1	AATACC.ATTGGC	0	0
1	AATACC.GTGGCT	0	0
1	AATACC.TTTGCT	0	0
1	AATACG.ATCACC	0	0
1	AATACT.CAAAAA	0	0
1	AATAGA.GTGAAT	0	0
1	AATAGA.TTATTA	0	0
1	AATAGG.CAATAC	0	0
1	AATAGT.AAATTG	0	0
1	AATAGT.ACTTTG	0	0
1	AATAGT.GTAACA	0	0
1	AATAGT.TGAACA	0	0
1	AATATC.TATAAT	0	0
1	AATATG.TTATTC	0	0
1	AATCAA.CACACC	0	0
1	AATCAA.GACACA	0	0
1	AATCAA.GACGGG	0	0
1	AATCAA.GATATG	0	0
1	AATCAA.GATGCT	0	0
1	AATCAA.GGTACA	0	0
1	AATCAA.TCCAAT	0	0
1	AATCAC.AATCAA	0	0
1	AATCAC.TTTTGA	0	0
1	AATCAG.ATGTAA	0	0
1	AATCAT.ACAACT	0	0
1	AATCAT.ATCTAA	0	0
1	AATCAT.CAAATC	0	0
1	AATCAT.TTCAGT	0	0
1	AATCCA.GTAAGG	0	0
1	AATCGA.AAGCAG	0	0
1	AATCTA.ACAACT	0	0
1	AATCTA.CAATGG	0	0
1	AATCTA.TCAACC	0	0
1	AATCTA.TTGTAA	0	0
1	AATCTG.AGGAGT	0	0
1	AATCTG.AGTAAA	0	0
1	AATCTG.CATGGC	0	0
1	AATCTG.CTTGAA	0	0
1	AATCTG.TAGTCA	0	0
1	AATCTG.TGCTGA	0	0
1	AATGAA.CACACA	0	0
1	AATGAA.CTCTTG	0	0
1	AATGAA.TAGCTG	0	0
1	AATGAT.GATTGA	0	0
1	AATGAT.TTTGTC	0	0
1	AATGCA.CCCGCA	0	0
1	AATGCA.TGCCTG	0	0
1	AATGCC.AGTGGT	0	0
1	AATGCT.AGGTGT	0	0
1	AATGCT.GACAAC	0	0
1	AATGCT.TTGTTA	0	0
1	AATGGA.GTACCA	0	0
1	AATGGC.ACAAAT	0	0
1	AATGGC.ATCTCT	0	0
1	AATGGC.GACCTC	0	0
1	AATGGC.TACATT	0	0
1	AATGGT.TACGTA	0	0
1	AATGGT.TGAATG	0	0
1	AATGGT.TTAGAA	0	0
1	AATGGT.TTGAAG	0	0
1	AATGTA.AAGGCA	0	0
1	AATGTA.ATTGTA	0	0
1	AATGTA.TAGAAG	0	0
1	AATGTA.TTTACA	0	0
1	AATGTC.TGACAC	0	0
1	AATGTG.CTTTCA	0	0
1	AATGTG.TAGGAT	0	0
1	AATGTG.TATGAG	0	0
1	AATGTT.AATTCA	0	0
1	AATGTT.CACTAT	0	0
1	AATTAA.CTTGTA	0	0
1	AATTAG.TATGGA	0	0
1	AATTAG.TGAAGA	0	0
1	AATTAT.TAGAGT	0	0
1	AATTAT.TTGGCA	0	0
1	AATTCA.AAGGTG	0	0
1	AATTCA.AGATGG	0	0
1	AATTCA.ATACTG	0	0
1	AATTCA.TTGTCT	0	0
1	AATTCA.TTTGAA	0	0
1	AATTCC.TCTAGT	0	0
1	AATTCT.AGTGCC	0	0
1	AATTGA.CTTGTA	0	0
1	AATTGA.TGCTAA	0	0
1	AATTGA.TTCTGG	0	0
1	AATTGA.TTGAGT	0	0
1	AATTGC.GTTTTA	0	0
1	AATTGT.ACACAT	0	0
1	AATTGT.ACATGC	0	0
1	AATTGT.AGTAAC	0	0
1	AATTGT.CATTCA	0	0
1	AATTGT.TACATA	0	0
1	AATTTA.AAAACA	0	0
1	AATTTA.ATGATG	0	0
1	AATTTG.ACATGT	0	0
1	AATTTG.ACATTC	0	0
1	AATTTG.ATGCAT	0	0
1	AATTTG.GGCCAA	0	0
1	AATTTG.TCATCT	0	0
1	AATTTG.TTTTTA	0	0
1	AATTTT.AAGGTC	0	0
1	AATTTT.CCAATA	0	0
1	AATTTT.CTCTGG	0	0
1	AATTTT.TTACCA	0	0
1	ACAAAA.ACATAC	0	0
1	ACAAAA.AGGCCA	0	0
1	ACAAAA.ATCGCT	0	0
1	ACAAAA.ATTCCC	0	0
1	ACAAAA.CAACAA	0	0
1	ACAAAA.CACTTG	0	0
1	ACAAAA.TTGGAT	0	0
1	ACAAAC.CAAGGA	0	0
1	ACAAAC.TAAAAT	0	0
1	ACAAAC.TCTATC	0	0
1	ACAAAG.AACCAT	0	0
1	ACAAAG.CTTACA	0	0
1	ACAAAT.AAAGAC	0	0
1	ACAAAT.AGCTCA	0	0
1	ACAAAT.ATTACT	0	0
1	ACAAAT.GTTTCA	0	0
1	ACAACA.CAGACA	0	0
1	ACAACA.CATCAC	0	0
1	ACAACA.GAACGT	0	0
1	ACAACA.GGTGAA	0	0
1	ACAACC.TCAACT	0	0
1	ACAACG.CGGCCC	0	0
1	ACAACT.AGAGTA	0	0
1	ACAACT.CTCCTG	0	0
1	ACAACT.GCGTGT	0	0
1	ACAAGA.AAGCCA	0	0
1	ACAAGA.ATTTCA	0	0
1	ACAAGA.CACTAT	0	0
1	ACAAGG.AGATGG	0	0
1	ACAAGG.CAAACT	0	0
1	ACAAGG.CACCAA	0	0
1	ACAAGG.TATTGA	0	0
1	ACAAGG.TCTCCA	0	0
1	ACAAGT.TGCCTA	0	0
1	ACAATC.ATGAGC	0	0
1	ACAATC.TTTTTA	0	0
1	ACAATG.AACTAA	0	0
1	ACAATG.TAGGGA	0	0
1	ACAATT.AAGACA	0	0
1	ACAATT.ATTGCC	0	0
1	ACAATT.TGTGAT	0	0
1	ACACAA.CCCCAA	0	0
1	ACACAA.GCAGAT	0	0
1	ACACAA.TAATTC	0	0
1	ACACAA.TAGGTA	0	0
1	ACACAC.CTGGTA	0	0
1	ACACAC.TCCAAC	0	0
1	ACACAG.CGAACT	0	0
1	ACACAT.GCTTAA	0	0
1	ACACCA.CTGTGA	0	0
1	ACACCA.CTTCTG	0	0
1	ACACCA.TACGGG	0	0
1	ACACCA.TAGTGG	0	0
1	ACACCA.TGTCTG	0	0
1	ACACCC.TAAGGG	0	0
1	ACACCT.ATAATA	0	0
1	ACACCT.ATACCA	0	0
1	ACACCT.TAGAAA	0	0
1	ACACCT.TATGGT	0	0
1	ACACGA.CAGCCT	0	0
1	ACACGA.TAACTC	0	0
1	ACACGC.TATTAA	0	0
1	ACACGG.TCATCA	0	0
1	ACACGT.TCTTTA	0	0
1	ACACTA.ACACCC	0	0
1	ACACTA.TAACAG	0	0
1	ACACTA.TGATGC	0	0
1	ACACTA.TTGCAA	0	0
1	ACACTC.ATCGTA	0	0
1	ACACTC.TAAAGT	0	0
1	ACACTC.TTAGCT	0	0
1	ACACTC.TTTATA	0	0
1	ACACTG.TTAAAG	0	0
1	ACACTT.AAGGTA	0	0
1	ACACTT.TGCCTG	0	0
1	ACAGAA.GCCGCT	0	0
1	ACAGAA.TTGTTA	0	0
1	ACAGAG.CTAAAA	0	0
1	ACAGCA.GAAGTG	0	0
1	ACAGCA.TTAAAA	0	0
1	ACAGCC.GCCCCT	0	0
1	ACAGCT.TTCTCC	0	0
1	ACAGGA.TCAACA	0	0
1	ACAGGG.AATTTC	0	0
1	ACAGTA.GCTAAG	0	0
1	ACAGTC.TTTACT	0	0
1	ACAGTT.AAGAAA	0	0
1	ACAGTT.AATTAT	0	0
1	ACAGTT.CACAAT	0	0
1	ACATAA.AAGCTG	0	0
1	ACATAA.AATGGT	0	0
1	ACATAA.CAGCCA	0	0
1	ACATAA.GAATAG	0	0
1	ACATAC.ATGCTA	0	0
1	ACATAC.GATTAA	0	0
1	ACATAC.TGGCAT	0	0
1	ACATAG.AATAAT	0	0
1	ACATAG.ACAAGT	0	0
1	ACATAG.TACTAA	0	0
1	ACATAT.GTTGAT	0	0
1	ACATCA.AAACCT	0	0
1	ACATGC.TTCCAC	0	0
1	ACATGG.AAGGAA	0	0
1	ACATGG.TTAAAT	0	0
1	ACATGT.CAACAC	0	0
1	ACATGT.CAGCCC	0	0
1	ACATGT.TCTGGG	0	0
1	ACATGT.TTTTTA	0	0
1	ACATTA.AACCTG	0	0
1	ACATTA.AGGTGG	0	0
1	ACATTA.TAGAGT	0	0
1	ACATTA.TGGCAA	0	0
1	ACATTC.TACGTG	0	0
1	ACATTG.CAAAAG	0	0
1	ACCAAA.ACCTGG	0	0
1	ACCAAA.GATTCT	0	0
1	ACCAAA.GTAATG	0	0
1	ACCAAC.CAAACT	0	0
1	ACCAAT.AAAGAT	0	0
1	ACCAAT.ACTAAT	0	0
1	ACCAAT.GAAAAA	0	0
1	ACCAAT.GGTATG	0	0
1	ACCAAT.GTACTA	0	0
1	ACCAAT.TCGTGA	0	0
1	ACCAAT.TGGTAG	0	0
1	ACCACA.AAAACT	0	0
1	ACCACA.GTACAA	0	0
1	ACCACC.ATCTGG	0	0
1	ACCACC.CCTGGA	0	0
1	ACCACG.GAACAA	0	0
1	ACCAGA.ACAAAT	0	0
1	ACCAGA.ATTTTG	0	0
1	ACCAGC.TTTTTA	0	0
1	ACCAGG.ACAAGG	0	0
1	ACCAGT.TCTGTA	0	0
1	ACCAGT.TGTGCC	0	0
1	ACCAGT.TGTGTA	0	0
1	ACCATA.AGAGTA	0	0
1	ACCATC.GTGAAT	0	0
1	ACCATT.AAGTTG	0	0
1	ACCATT.ACTTGA	0	0
1	ACCATT.AGATCT	0	0
1	ACCATT.TAACAA	0	0
1	ACCATT.TTCACT	0	0
1	ACCCAC.TTAAGT	0	0
1	ACCCAT.CTTCAG	0	0
1	ACCCGC.AAGAAG	0	0
1	ACCCTA.ACATTC	0	0
1	ACCCTC.AGATGA	0	0
1	ACCCTG.ATGGAA	0	0
1	ACCCTG.GGGAGA	0	0
1	ACCCTG.TATGCA	0	0
1	ACCCTT.TAAAAC	0	0
1	ACCGAG.CCACGC	0	0
1	ACCTAA.TCAACA	0	0
1	ACCTAA.TCACCT	0	0
1	ACCTAC.TTGAAG	0	0
1	ACCTAT.GGCAAA	0	0
1	ACCTCT.ACAACA	0	0
1	ACCTCT.TTTAGG	0	0
1	ACCTGA.CATAGT	0	0
1	ACCTGA.CGCACC	0	0
1	ACCTGA.TTACTG	0	0
1	ACCTGC.CATTAA	0	0
1	ACCTGC.TCAAGA	0	0
1	ACCTGT.TAGGTC	0	0
1	ACCTGT.TCTTCC	0	0
1	ACCTTA.TAAAGG	0	0
1	ACCTTC.AGGTAG	0	0
1	ACCTTC.CTTGCC	0	0
1	ACCTTC.GAACCT	0	0
1	ACCTTC.GGAACG	0	0
1	ACCTTG.AGGAAA	0	0
1	ACCTTG.GGCCGA	0	0
1	ACCTTG.TCTTCT	0	0
1	ACCTTT.TCAAAG	0	0
1	ACGAAA.CGTAAG	0	0
1	ACGAAT.AGTAAA	0	0
1	ACGACA.CAGATA	0	0
1	ACGAGC.CGTGCA	0	0
1	ACGATA.TAGTCA	0	0
1	ACGATC.AGTGTA	0	0
1	ACGCAA.ATAATA	0	0
1	ACGCAA.CTTCGA	0	0
1	ACGCAA.TGGATA	0	0
1	ACGCAA.TTGTGG	0	0
1	ACGCAT.AGTTCA	0	0
1	ACGCGT.TACGCC	0	0
1	ACGCTA.TAGTCG	0	0
1	ACGCTG.CTAAAC	0	0
1	ACGCTG.GAAGCT	0	0
1	ACGGAC.AAACCG	0	0
1	ACGGTG.AAGACG	0	0
1	ACGGTT.GTGTCT	0	0
1	ACGTAA.AGAGCA	0	0
1	ACGTAA.CCTGCT	0	0
1	ACGTAA.CTGGCA	0	0
1	ACGTAA.TGATAG	0	0
1	ACGTAC.AATGGA	0	0
1	ACGTAG.CGCAAC	0	0
1	ACGTAT.CAAGCA	0	0
1	ACGTCT.TCTGTA	0	0
1	ACGTGC.CGTACG	0	0
1	ACGTGG.ATTTCA	0	0
1	ACGTGG.TTTGGA	0	0
1	ACGTGT.AAAGAA	0	0
1	ACGTGT.TTTTCT	0	0
1	ACGTTG.ATGGCT	0	0
1	ACGTTT.GTGGAC	0	0
1	ACTAAA.AACCAA	0	0
1	ACTAAA.CATAAA	0	0
1	ACTAAA.GAAACA	0	0
1	ACTAAT.AATGTA	0	0
1	ACTAAT.AGACAA	0	0
1	ACTACA.ACAACA	0	0
1	ACTACA.ATAAAT	0	0
1	ACTACA.TCTTGG	0	0
1	ACTACC.AATTTA	0	0
1	ACTACC.ACTCAA	0	0
1	ACTACC.AGAGTG	0	0
1	ACTACC.TCTGTA	0	0
1	ACTACC.TTCTGC	0	0
1	ACTACT.ATGCTG	0	0
1	ACTACT.CCACCC	0	0
1	ACTACT.CTTCAG	0	0
1	ACTAGA.GGTTCT	0	0
1	ACTAGC.CATATA	0	0
1	ACTAGT.AAGCTG	0	0
1	ACTAGT.AGAAAA	0	0
1	ACTATG.CTTTAG	0	0
1	ACTATG.TGATGC	0	0
1	ACTATG.TTAGAA	0	0
1	ACTATT.TGACCA	0	0
1	ACTCAA.AACGTC	0	0
1	ACTCAA.AATTTG	0	0
1	ACTCAA.ATTAAA	0	0
1	ACTCAA.TCAGGC	0	0
1	ACTCAC.CAGTAT	0	0
1	ACTCAG.TTCCCA	0	0
1	ACTCAT.CAGACC	0	0
1	ACTCAT.TCTATG	0	0
1	ACTCAT.TGAGAT	0	0
1	ACTCCA.ATTCCC	0	0
1	ACTCCA.CAAATA	0	0
1	ACTCCC.TTCGGA	0	0
1	ACTCCG.GTGGCC	0	0
1	ACTCTG.ACTAAA	0	0
1	ACTGAA.ATTAAT	0	0
1	ACTGAA.CATGGG	0	0
1	ACTGAA.CCTTTG	0	0
1	ACTGAA.GTTTAC	0	0
1	ACTGAA.TCAGAG	0	0
1	ACTGAT.AAAGAT	0	0
1	ACTGCC.CCTCTG	0	0
1	ACTGGA.AAATGC	0	0
1	ACTGGA.ACATTG	0	0
1	ACTGGC.GTAACC	0	0
1	ACTGGT.ATACAG	0	0
1	ACTGGT.TAAAAG	0	0
1	ACTGTA.ACTCGA	0	0
1	ACTGTA.TAAACA	0	0
1	ACTGTC.ATAGGA	0	0
1	ACTGTG.CCTTGC	0	0
1	ACTGTG.TATGTA	0	0
1	ACTGTG.TCTGGG	0	0
1	ACTGTT.ATCAGA	0	0
1	ACTGTT.CAAACA	0	0
1	ACTGTT.CGACTA	0	0
1	ACTGTT.GCACAA	0	0
1	ACTGTT.TCCGAT	0	0
1	ACTGTT.TCTTTG	0	0
1	ACTTAA.CGAAAT	0	0
1	ACTTAA.GATCTA	0	0
1	ACTTAA.GCCTTG	0	0
1	ACTTAC.AATGAG	0	0
1	ACTTAC.CCAAAA	0	0
1	ACTTAC.CCGCAA	0	0
1	ACTTAT.AATGTC	0	0
1	ACTTAT.GATTTG	0	0
1	ACTTAT.TCCCTG	0	0
1	ACTTCA.GTGATG	0	0
1	ACTTCA.TGTATA	0	0
1	ACTTCA.TTTTAG	0	0
1	ACTTCC.CAAGGA	0	0
1	ACTTCC.TGGAAT	0	0
1	ACTTCG.ATGGTG	0	0
1	ACTTCT.CTGCTA	0	0
1	ACTTCT.TTGCAT	0	0
1	ACTTGC.TGTGGA	0	0
1	ACTTGC.TTTCAC	0	0
1	ACTTGG.TAGCAT	0	0
1	ACTTGT.ACGCCT	0	0
1	ACTTTA.ATACAT	0	0
1	ACTTTA.ATCGGC	0	0
1	ACTTTA.TATTCC	0	0
1	ACTTTA.TCTCCA	0	0
1	ACTTTA.TTAGGA	0	0
1	ACTTTC.ATCCAA	0	0
1	ACTTTC.GGTTAC	0	0
1	ACTTTG.TAAAGC	0	0
1	ACTTTT.AAGAAC	0	0
1	ACTTTT.CTAGAA	0	0
1	ACTTTT.GCATAT	0	0
1	ACTTTT.TATTAA	0	0
1	ACTTTT.TGTAAA	0	0
1	AGAAAA.AAGATG	0	0
1	AGAAAA.GACGAA	0	0
1	AGAAAA.GCTTAG	0	0
1	AGAAAA.TGGAAC	0	0
1	AGAAAC.CTCAAA	0	0
1	AGAAAG.TGGATA	0	0
1	AGAAAT.ATCCAA	0	0
1	AGAACC.GTACAG	0	0
1	AGAACC.GTAGAA	0	0
1	AGAACT.CCTTCC	0	0
1	AGAACT.GAACCA	0	0
1	AGAAGA.ACACGC	0	0
1	AGAAGA.TCACAG	0	0
1	AGAAGA.TCATCT	0	0
1	AGAAGC.GCTCGG	0	0
1	AGAAGG.AGCAGA	0	0
1	AGAAGG.ATGCCT	0	0
1	AGAAGT.AGGACT	0	0
1	AGAAGT.GCACCA	0	0
1	AGAAGT.TGATAG	0	0
1	AGAAGT.TTAACA	0	0
1	AGAATA.ATGTCT	0	0
1	AGAATC.TAGGGG	0	0
1	AGAATC.TCTGCA	0	0
1	AGAATG.AGAACG	0	0
1	AGAATG.CAAAAA	0	0
1	AGAATT.ATTCTG	0	0
1	AGAATT.CTTACA	0	0
1	AGAATT.GCTATG	0	0
1	AGACAA.CCTTAA	0	0
1	AGACAA.GTATAC	0	0
1	AGACAC.AATGCC	0	0
1	AGACAG.ACTTCA	0	0
1	AGACAT.CAACAA	0	0
1	AGACAT.TATAGC	0	0
1	AGACCA.AAGATC	0	0
1	AGACCA.TGAGTA	0	0
1	AGACTA.TTCTCC	0	0
1	AGACTT.TCAGTG	0	0
1	AGAGAA.ACACAG	0	0
1	AGAGAA.AGATCT	0	0
1	AGAGAA.ATTCTG	0	0
1	AGAGAA.CTGTTG	0	0
1	AGAGAA.TTTAAG	0	0
1	AGAGAG.TAGGCC	0	0
1	AGAGAT.TTGACA	0	0
1	AGAGCA.GAAGAA	0	0
1	AGAGGA.GCAAAG	0	0
1	AGAGTT.AAAGGC	0	0
1	AGAGTT.CTGATC	0	0
1	AGATAA.TCATTA	0	0
1	AGATAG.ACTTAA	0	0
1	AGATCA.ATTGGC	0	0
1	AGATCA.CATTCC	0	0
1	AGATCA.GAACTC	0	0
1	AGATCT.TGTGGC	0	0
1	AGATGC.TATTAC	0	0
1	AGATGC.TTCAAA	0	0
1	AGATGG.AATGCC	0	0
1	AGATGG.CATGTA	0	0
1	AGATGG.TGGAAC	0	0
1	AGATTA.GTGCTA	0	0
1	AGATTC.AAGACC	0	0
1	AGATTC.CTAAGA	0	0
1	AGATTC.TAAAGA	0	0
1	AGATTT.ATCTAA	0	0
1	AGATTT.ATTCCT	0	0
1	AGATTT.CCAATA	0	0
1	AGATTT.CTAATA	0	0
1	AGATTT.TCTGTA	0	0
1	AGATTT.TTAGTG	0	0
1	AGCAAA.AATACT	0	0
1	AGCAAA.CAAGAG	0	0
1	AGCAAA.CAAGTA	0	0
1	AGCAAA.CAGAAA	0	0
1	AGCAAA.CCAAAG	0	0
1	AGCAAA.TGTGAC	0	0
1	AGCAAC.AATGGA	0	0
1	AGCAAC.AGCAAA	0	0
1	AGCAAG.AGAAGA	0	0
1	AGCAAG.GTTTTC	0	0
1	AGCAAG.TGAAAT	0	0
1	AGCAAG.TTAGCA	0	0
1	AGCAAT.GATACA	0	0
1	AGCAAT.TTGTGA	0	0
1	AGCACA.AAAGAT	0	0
1	AGCACA.GTTGAG	0	0
1	AGCACC.TCTATG	0	0
1	AGCACT.GCTCAG	0	0
1	AGCAGA.AAATTC	0	0
1	AGCAGA.CTCGAA	0	0
1	AGCAGG.TCGCCA	0	0
1	AGCAGG.TTGCGG	0	0
1	AGCAGT.CAGATG	0	0
1	AGCAGT.GAAAAG	0	0
1	AGCATA.AATGTA	0	0
1	AGCATA.TCTTGC	0	0
1	AGCATC.AGATAC	0	0
1	AGCATC.ATAGTA	0	0
1	AGCATC.TCAGAG	0	0
1	AGCATG.AGCCGA	0	0
1	AGCATT.CAGTAG	0	0
1	AGCATT.TCTGCA	0	0
1	AGCATT.TTAGCA	0	0
1	AGCATT.TTCACT	0	0
1	AGCCAC.ACATCA	0	0
1	AGCCAC.GTACAG	0	0
1	AGCCAC.TATAAA	0	0
1	AGCCAT.AACTCA	0	0
1	AGCCAT.CGAAAG	0	0
1	AGCCAT.CTAGCA	0	0
1	AGCCCT.GCTCTG	0	0
1	AGCCCT.GTCAAG	0	0
1	AGCCCT.TATACG	0	0
1	AGCCTC.TTATTA	0	0
1	AGCCTT.AATACA	0	0
1	AGCGCT.GGGGCA	0	0
1	AGCGCT.TGAAAA	0	0
1	AGCGTG.ATAGCA	0	0
1	AGCGTT.TTAACA	0	0
1	AGCTAA.ACTGAA	0	0
1	AGCTAA.AGAATG	0	0
1	AGCTAC.GAGAAG	0	0
1	AGCTAT.GATGAA	0	0
1	AGCTAT.GTAGTA	0	0
1	AGCTCC.CTAGTG	0	0
1	AGCTCG.CAAGGG	0	0
1	AGCTCG.CGCCTA	0	0
1	AGCTCT.CCTAGC	0	0
1	AGCTGA.GTGATA	0	0
1	AGCTGG.ACTTTG	0	0
1	AGCTGT.ACGGCC	0	0
1	AGCTTA.GAGCAG	0	0
1	AGCTTA.GGTTGA	0	0
1	AGCTTG.CCATTG	0	0
1	AGCTTT.ATTTTC	0	0
1	AGCTTT.GCTAGC	0	0
1	AGCTTT.GGCAGA	0	0
1	AGCTTT.TCATTA	0	0
1	AGGAAA.TAACAA	0	0
1	AGGAAA.TGTATA	0	0
1	AGGAAC.AGAAGA	0	0
1	AGGAAC.CAAGTG	0	0
1	AGGAAG.CCTTTG	0	0
1	AGGAAG.TACACA	0	0
1	AGGAAT.TATCAA	0	0
1	AGGACA.GGGTCA	0	0
1	AGGACA.TCAGAC	0	0
1	AGGACG.GCAGGG	0	0
1	AGGACT.GAAAGA	0	0
1	AGGACT.TTTAAA	0	0
1	AGGAGA.TGTTCA	0	0
1	AGGATT.AACAAC	0	0
1	AGGCAA.GAACCT	0	0
1	AGGCAC.CTAGTA	0	0
1	AGGCAG.TCCTTG	0	0
1	AGGCAT.AAAATA	0	0
1	AGGCAT.AGTAGG	0	0
1	AGGCAT.GCAACA	0	0
1	AGGCAT.TAATTA	0	0
1	AGGCAT.TTACTA	0	0
1	AGGCCA.CAGCAA	0	0
1	AGGCCG.TAAACT	0	0
1	AGGCGT.GTAAGA	0	0
1	AGGCTA.AAAGCA	0	0
1	AGGCTG.GTTATA	0	0
1	AGGCTG.TGAAAC	0	0
1	AGGCTG.TTCTAA	0	0
1	AGGGAG.ACTTGA	0	0
1	AGGGAG.GCTGCC	0	0
1	AGGGAG.TCACGC	0	0
1	AGGGAT.ACATTA	0	0
1	AGGGCT.TAACTG	0	0
1	AGGGTA.AAAGAA	0	0
1	AGGGTA.ACACCA	0	0
1	AGGGTC.TTAGCA	0	0
1	AGGTAA.AATGAG	0	0
1	AGGTAA.TACTAA	0	0
1	AGGTAA.TATGTA	0	0
1	AGGTAG.TGTTAG	0	0
1	AGGTAG.TTTGTA	0	0
1	AGGTAT.TGAACA	0	0
1	AGGTCC.TAAGAA	0	0
1	AGGTGA.AATTTG	0	0
1	AGGTGA.ATAAAG	0	0
1	AGGTGC.ATCAAA	0	0
1	AGGTGG.TTAAAC	0	0
1	AGGTGT.AGTAAA	0	0
1	AGGTGT.GTTGGA	0	0
1	AGGTGT.TAGCTG	0	0
1	AGGTGT.TTAGGA	0	0
1	AGGTTG.ACCTCA	0	0
1	AGGTTG.AGAGCA	0	0
1	AGGTTT.ATAACC	0	0
1	AGGTTT.GATTAT	0	0
1	AGGTTT.GTCCGG	0	0
1	AGGTTT.TGTAAC	0	0
1	AGTAAA.AAATAA	0	0
1	AGTAAA.TACAAA	0	0
1	AGTAAA.TGTTAC	0	0
1	AGTAAA.TTCTTG	0	0
1	AGTAAA.TTGTTC	0	0
1	AGTAAC.CCTGAG	0	0
1	AGTAAG.TAATCA	0	0
1	AGTAAT.ACCTAA	0	0
1	AGTAAT.AGTTAT	0	0
1	AGTAAT.GTGACA	0	0
1	AGTACA.CTGGTA	0	0
1	AGTACA.GTGTTA	0	0
1	AGTACA.TGAATG	0	0
1	AGTACC.GCAGCA	0	0
1	AGTACG.TTTTGC	0	0
1	AGTACT.TTGTAC	0	0
1	AGTAGA.AGCTAG	0	0
1	AGTAGA.TAAAGC	0	0
1	AGTAGA.TTCAAA	0	0
1	AGTAGC.AAATCA	0	0
1	AGTAGC.TTATTA	0	0
1	AGTAGT.GAAAAT	0	0
1	AGTAGT.GTCGTC	0	0
1	AGTAGT.TTACTC	0	0
1	AGTATT.CCCTAT	0	0
1	AGTATT.GGTTTG	0	0
1	AGTATT.TACACT	0	0
1	AGTCAA.GAGATG	0	0
1	AGTCAA.TGAACA	0	0
1	AGTCAT.TTCAGA	0	0
1	AGTCCA.CCAACA	0	0
1	AGTCCA.TCAACA	0	0
1	AGTCCT.AGAATA	0	0
1	AGTCGC.ACAGGA	0	0
1	AGTCTA.AGCATC	0	0
1	AGTCTC.CGCAAC	0	0
1	AGTCTG.GAATTG	0	0
1	AGTCTG.TATGAC	0	0
1	AGTCTT.TTGCAT	0	0
1	AGTGAA.CGCCAC	0	0
1	AGTGAA.TAACTG	0	0
1	AGTGAA.TGGTCA	0	0
1	AGTGAC.GTTTGG	0	0
1	AGTGAG.GGTGCA	0	0
1	AGTGAG.TCAGAG	0	0
1	AGTGAG.TGTTTC	0	0
1	AGTGAT.ACCTTA	0	0
1	AGTGAT.TGCTAT	0	0
1	AGTGCC.TCTTTA	0	0
1	AGTGCC.TGCCTA	0	0
1	AGTGCG.GAGAAA	0	0
1	AGTGCT.TCTGAC	0	0
1	AGTGGG.CGCGAT	0	0
1	AGTGTA.AGTGAA	0	0
1	AGTGTT.TAAACA	0	0
1	AGTTAA.GTTAGA	0	0
1	AGTTAT.AAGAAA	0	0
1	AGTTCC.CTACTG	0	0
1	AGTTCC.TCTCTA	0	0
1	AGTTCT.GTTGTA	0	0
1	AGTTGA.TCAGCA	0	0
1	AGTTGG.TGATGC	0	0
1	AGTTGT.TGATTG	0	0
1	AGTTGT.TGGTAG	0	0
1	AGTTTA.AAAAAT	0	0
1	AGTTTA.ACTCTG	0	0
1	AGTTTA.CTCCAC	0	0
1	AGTTTA.GCCTGA	0	0
1	AGTTTA.TCATTC	0	0
1	AGTTTC.ACAAAA	0	0
1	AGTTTC.ATTTGG	0	0
1	AGTTTC.GGATTG	0	0
1	AGTTTC.TTATGA	0	0
1	AGTTTG.AACCTA	0	0
1	AGTTTG.CCTGGA	0	0
1	AGTTTG.TGTTTC	0	0
1	AGTTTT.GCACAA	0	0
1	ATAAAA.CTTCTA	0	0
1	ATAAAC.ACCCAT	0	0
1	ATAAAC.CTGAAC	0	0
1	ATAAAC.TTATAA	0	0
1	ATAAAG.ATTCAA	0	0
1	ATAAAG.TTGGTC	0	0
1	ATAAAT.CTACTG	0	0
1	ATAAAT.GCTTAA	0	0
1	ATAACA.CTTCTG	0	0
1	ATAACA.TTGTTA	0	0
1	ATAACC.TCAAAA	0	0
1	ATAAGA.TCTACA	0	0
1	ATAAGC.ATCCGA	0	0
1	ATAAGT.GTATGA	0	0
1	ATAATG.ACCCCA	0	0
1	ATACAA.AAAAAG	0	0
1	ATACAA.CACCAA	0	0
1	ATACAA.CCTCAC	0	0
1	ATACAC.GAAGTG	0	0
1	ATACAG.AAAGCA	0	0
1	ATACAG.CAATCC	0	0
1	ATACAT.TCTCTG	0	0
1	ATACCA.GAAAGC	0	0
1	ATACCA.TTTGCA	0	0
1	ATACCC.TAGCAA	0	0
1	ATACCG.TCAATG	0	0
1	ATACGA.TCTGTC	0	0
1	ATACGC.TAATAT	0	0
1	ATACGT.GCTTTA	0	0
1	ATACTA.ATGGAA	0	0
1	ATAGAA.TTAAAC	0	0
1	ATAGAA.TTCCAT	0	0
1	ATAGAC.GATCGA	0	0
1	ATAGAC.TAATCA	0	0
1	ATAGCA.AAGTAG	0	0
1	ATAGCA.CTACAG	0	0
1	ATAGCA.TCTTTG	0	0
1	ATAGCC.CGGAAC	0	0
1	ATAGCT.AAAAAC	0	0
1	ATAGGA.AGAATA	0	0
1	ATAGGA.TTGTTG	0	0
1	ATAGGT.AGCATA	0	0
1	ATAGGT.ATGTCC	0	0
1	ATAGGT.GTAACC	0	0
1	ATAGGT.TCTAAA	0	0
1	ATAGTT.CCAATC	0	0
1	ATAGTT.TTGATG	0	0
1	ATATAA.CAATTG	0	0
1	ATATAA.TGTCTG	0	0
1	ATATAC.ATTTAG	0	0
1	ATATAG.GGGTGA	0	0
1	ATATAT.GTCTAC	0	0
1	ATATCG.TAATTA	0	0
1	ATATCT.AGATGA	0	0
1	ATATGA.GGAAGG	0	0
1	ATATGA.TTCACG	0	0
1	ATATGC.AAAAAC	0	0
1	ATATGG.GATTGC	0	0
1	ATATGT.TTGTTC	0	0
1	ATATTA.GTGCAA	0	0
1	ATATTG.TGAACA	0	0
1	ATATTG.TGCTAG	0	0
1	ATATTT.AATTCA	0	0
1	ATCAAA.GTTCGG	0	0
1	ATCAAA.TACTTA	0	0
1	ATCAAA.TGTCCC	0	0
1	ATCAAA.TTGAAT	0	0
1	ATCAAC.ACACCC	0	0
1	ATCAAC.ATGTAA	0	0
1	ATCAAC.TTCTTA	0	0
1	ATCAAT.ATAAAC	0	0
1	ATCACA.TATTAG	0	0
1	ATCACA.TTCATG	0	0
1	ATCACC.GCGAAG	0	0
1	ATCACG.ACTAAA	0	0
1	ATCACT.TTAGGG	0	0
1	ATCAGA.ATACCA	0	0
1	ATCAGA.ATTATG	0	0
1	ATCAGA.TCAGAC	0	0
1	ATCAGC.AAATGC	0	0
1	ATCAGG.CCACAG	0	0
1	ATCAGG.TGTTAA	0	0
1	ATCAGT.CAAGCA	0	0
1	ATCAGT.CCAAGC	0	0
1	ATCAGT.GATAAA	0	0
1	ATCAGT.TGTAAC	0	0
1	ATCATA.CATTGA	0	0
1	ATCATC.AAATCC	0	0
1	ATCATC.ACAAAA	0	0
1	ATCATT.TAGATG	0	0
1	ATCCAA.TCTGCA	0	0
1	ATCCTC.TCTGGA	0	0
1	ATCCTG.AAATCG	0	0
1	ATCCTG.TAATTC	0	0
1	ATCCTT.ATTTCA	0	0
1	ATCCTT.TGACAG	0	0
1	ATCGAT.TACTGA	0	0
1	ATCGCT.ATAGCA	0	0
1	ATCGGC.CCGTAA	0	0
1	ATCGTA.TCCGCG	0	0
1	ATCGTG.TACAAC	0	0
1	ATCGTT.AGTGTG	0	0
1	ATCTAA.CTTAAC	0	0
1	ATCTAG.ACCATA	0	0
1	ATCTAG.TAGTGG	0	0
1	ATCTAT.CTATTC	0	0
1	ATCTAT.TGGCAA	0	0
1	ATCTAT.TGTTCG	0	0
1	ATCTAT.TTAAAA	0	0
1	ATCTGA.ATATTG	0	0
1	ATCTGG.ACGTAA	0	0
1	ATCTGG.TAAGGA	0	0
1	ATCTGG.TTGAAA	0	0
1	ATCTGT.AATTTG	0	0
1	ATCTGT.ATCCAA	0	0
1	ATCTGT.TGGCCA	0	0
1	ATCTGT.TTGTCA	0	0
1	ATCTTA.TAATGA	0	0
1	ATCTTC.ACCTAG	0	0
1	ATCTTC.TAATTA	0	0
1	ATCTTT.ATGGGA	0	0
1	ATCTTT.GCTAAG	0	0
1	ATCTTT.TCATCC	0	0
1	ATCTTT.TTTAAG	0	0
1	ATGAAA.ACATTC	0	0
1	ATGAAA.GATTGA	0	0
1	ATGAAA.TCAAGC	0	0
1	ATGAAC.GACGAC	0	0
1	ATGAAT.ATAAGA	0	0
1	ATGAAT.GCAACA	0	0
1	ATGAAT.TCTTGA	0	0
1	ATGACA.AGTCAT	0	0
1	ATGACA.GAACAG	0	0
1	ATGACA.TTGTAA	0	0
1	ATGACC.GTGTCC	0	0
1	ATGAGA.TTGAAA	0	0
1	ATGAGC.TGAAGA	0	0
1	ATGAGG.TGGTTC	0	0
1	ATGAGG.TTTGGC	0	0
1	ATGATG.AAAAGC	0	0
1	ATGATG.ATTGAC	0	0
1	ATGATT.CAGCCA	0	0
1	ATGATT.CTCAAT	0	0
1	ATGCAA.CAAATG	0	0
1	ATGCAA.CACCAC	0	0
1	ATGCAA.GAATGC	0	0
1	ATGCAA.TAATAA	0	0
1	ATGCAA.TTGAAT	0	0
1	ATGCAC.AGCAAC	0	0
1	ATGCAC.CCGCAT	0	0
1	ATGCAG.ATGCAT	0	0
1	ATGCAG.GGGTAA	0	0
1	ATGCAG.TTTTGC	0	0
1	ATGCGT.ATAACA	0	0
1	ATGCTA.ATTAGG	0	0
1	ATGCTA.GGAGAG	0	0
1	ATGCTA.TCCTTC	0	0
1	ATGCTC.AGGTTG	0	0
1	ATGCTC.TGTTCA	0	0
1	ATGCTG.TATCAG	0	0
1	ATGGAA.TTCACA	0	0
1	ATGGAC.ACAGGG	0	0
1	ATGGAC.ACTTAA	0	0
1	ATGGAC.CCAAAA	0	0
1	ATGGAT.ATTACA	0	0
1	ATGGCA.AACAAG	0	0
1	ATGGCA.TTGTGG	0	0
1	ATGGCT.GCAATG	0	0
1	ATGGGA.ACTTCG	0	0
1	ATGGGT.ATTTAG	0	0
1	ATGGTA.ATTAGA	0	0
1	ATGGTA.TAAGAG	0	0
1	ATGGTA.TCGGCA	0	0
1	ATGGTC.TAACAG	0	0
1	ATGGTC.TGTGTG	0	0
1	ATGGTG.TAGGAG	0	0
1	ATGGTT.ACCATC	0	0
1	ATGGTT.CACTAC	0	0
1	ATGTAA.ACAAGC	0	0
1	ATGTAA.TGAAAA	0	0
1	ATGTAC.ACCCTA	0	0
1	ATGTAG.CCATTA	0	0
1	ATGTCA.AATTCA	0	0
1	ATGTCA.CTAAAT	0	0
1	ATGTCC.AATTCA	0	0
1	ATGTCT.ATAATG	0	0
1	ATGTCT.TGGGAC	0	0
1	ATGTGA.AAGGCA	0	0
1	ATGTGA.TCAACA	0	0
1	ATGTGA.TGGACA	0	0
1	ATGTGC.AAAAAA	0	0
1	ATGTGC.ATTACC	0	0
1	ATGTGC.GGAGCA	0	0
1	ATGTGT.CTTAGA	0	0
1	ATGTTA.CAAAGG	0	0
1	ATGTTC.AAGGCA	0	0
1	ATGTTC.TTTAAT	0	0
1	ATGTTG.AAATGC	0	0
1	ATGTTT.ACAAAC	0	0
1	ATGTTT.TCACCC	0	0
1	ATGTTT.TTAGCA	0	0
1	ATTAAA.ACTACA	0	0
1	ATTAAA.ATTTTG	0	0
1	ATTAAA.TTCCAA	0	0
1	ATTAAG.AGAGTG	0	0
1	ATTAAT.TGACTC	0	0
1	ATTACA.AATTGA	0	0
1	ATTACA.TAGTAA	0	0
1	ATTACA.TCAAGA	0	0
1	ATTACC.CCTGCA	0	0
1	ATTACC.GAAGCA	0	0
1	ATTACC.GGTTTG	0	0
1	ATTACC.GTTATG	0	0
1	ATTACC.TTCTTA	0	0
1	ATTACC.TTGAAG	0	0
1	ATTACT.CAAAAT	0	0
1	ATTAGA.ATAATA	0	0
1	ATTAGA.GATGAA	0	0
1	ATTAGA.TAAGCA	0	0
1	ATTAGT.TGAGTC	0	0
1	ATTATA.ACGTAA	0	0
1	ATTATA.CGATAG	0	0
1	ATTATA.GCTGTA	0	0
1	ATTATG.TATTCG	0	0
1	ATTATG.TGATAG	0	0
1	ATTATT.GCACTA	0	0
1	ATTATT.TTACAA	0	0
1	ATTCAA.CAGGAC	0	0
1	ATTCAA.TCCAGG	0	0
1	ATTCAA.TTCTTA	0	0
1	ATTCAC.CAAACC	0	0
1	ATTCCA.ACACCA	0	0
1	ATTCCA.ATGGAA	0	0
1	ATTCCT.TGGACA	0	0
1	ATTCCT.TTGGCA	0	0
1	ATTCTA.CAGGAG	0	0
1	ATTCTC.GTGCCA	0	0
1	ATTCTC.TAAGAA	0	0
1	ATTCTC.TCGGCG	0	0
1	ATTCTT.GGTGGG	0	0
1	ATTCTT.GTAAGG	0	0
1	ATTCTT.GTGAAA	0	0
1	ATTCTT.TCTTGG	0	0
1	ATTGAA.AAGTTA	0	0
1	ATTGAA.GACCAC	0	0
1	ATTGAA.GTGTCA	0	0
1	ATTGAC.CATACA	0	0
1	ATTGAG.TCTTGA	0	0
1	ATTGAT.GTACAA	0	0
1	ATTGCC.GGAACC	0	0
1	ATTGCG.GTGCCA	0	0
1	ATTGCT.CATTCA	0	0
1	ATTGCT.TGTGAG	0	0
1	ATTGGA.AAGCCG	0	0
1	ATTGGC.CCCGCA	0	0
1	ATTGGC.GTGACA	0	0
1	ATTGGT.TCATAA	0	0
1	ATTGTA.AAGACA	0	0
1	ATTGTA.AGAAAG	0	0
1	ATTGTA.GCTTTA	0	0
1	ATTGTC.GTGGAC	0	0
1	ATTGTC.GTTGGC	0	0
1	ATTGTT.TTCAGC	0	0
1	ATTTAA.CCCAGG	0	0
1	ATTTCA.CAGGAC	0	0
1	ATTTCA.CCTCTA	0	0
1	ATTTCA.TATTAA	0	0
1	ATTTCC.GCAAAG	0	0
1	ATTTCG.ATGGCA	0	0
1	ATTTCT.TACAAA	0	0
1	ATTTCT.TGGTAA	0	0
1	ATTTCT.TGTTTG	0	0
1	ATTTCT.TTTGAA	0	0
1	ATTTGA.ACCTTC	0	0
1	ATTTGA.ACTAGA	0	0
1	ATTTGA.TAAAGA	0	0
1	ATTTGG.CCGACA	0	0
1	ATTTGG.TCATAG	0	0
1	ATTTGG.TGTGGA	0	0
1	ATTTGT.ACGCAC	0	0
1	ATTTGT.CACCAC	0	0
1	ATTTGT.CGAACA	0	0
1	ATTTGT.GGTATG	0	0
1	ATTTGT.GTTGAA	0	0
1	ATTTGT.TGCTAA	0	0
1	ATTTGT.TTCTAC	0	0
1	ATTTTA.ACATTA	0	0
1	ATTTTA.GTTTTA	0	0
1	ATTTTA.TTTTAC	0	0
1	ATTTTC.CCGAGG	0	0
1	ATTTTG.AAGCGC	0	0
1	ATTTTG.GGTAAG	0	0
1	ATTTTT.AAATTA	0	0
1	ATTTTT.AGTATA	0	0
1	ATTTTT.TTATTG	0	0
1	CAAAAA.ACCAGC	0	0
1	CAAAAA.AGATGG	0	0
1	CAAAAA.ATGACA	0	0
1	CAAAAA.CCAGCC	0	0
1	CAAAAC.ACGTCG	0	0
1	CAAAAC.AGTTGA	0	0
1	CAAAAG.TAAAAA	0	0
1	CAAAAG.TGACTC	0	0
1	CAAAAG.TGATTC	0	0
1	CAAAAG.TTTGAG	0	0
1	CAAAAT.AGAGAG	0	0
1	CAAAAT.TGAAGG	0	0
1	CAAAAT.TGGACA	0	0
1	CAAAAT.TTTGAG	0	0
1	CAAACA.TGGCCG	0	0
1	CAAACC.CTGAAA	0	0
1	CAAACT.AGTTGG	0	0
1	CAAACT.CTTGCA	0	0
1	CAAAGA.ACCTTC	0	0
1	CAAAGA.GGCATC	0	0
1	CAAAGC.AAAGCC	0	0
1	CAAAGG.GGTGCA	0	0
1	CAAAGT.AACACC	0	0
1	CAAAGT.ATAGAA	0	0
1	CAAATA.CTGGTG	0	0
1	CAAATC.TGTAAA	0	0
1	CAAATG.ATAAAG	0	0
1	CAAATT.GTTTGA	0	0
1	CAAATT.TCAGTG	0	0
1	CAACAA.AGCAAG	0	0
1	CAACAA.GCCAAA	0	0
1	CAACAA.TTAATG	0	0
1	CAACAC.ACAAAG	0	0
1	CAACAC.AGTGTC	0	0
1	CAACAC.GAGGTG	0	0
1	CAACAC.TTTGTG	0	0
1	CAACAG.ATCACC	0	0
1	CAACAG.ATCGTC	0	0
1	CAACAG.TGGACA	0	0
1	CAACAT.ACATAA	0	0
1	CAACAT.TGGTGA	0	0
1	CAACAT.TTAAAA	0	0
1	CAACCA.GTTCCC	0	0
1	CAACCA.TGTTGG	0	0
1	CAACGT.TACACC	0	0
1	CAACTA.AGCAAC	0	0
1	CAACTC.AGGCAG	0	0
1	CAACTC.GCGAAC	0	0
1	CAACTG.ATAGAC	0	0
1	CAACTG.ATTTTC	0	0
1	CAACTG.CAGTAA	0	0
1	CAACTG.GGGAGC	0	0
1	CAACTG.TGTAAG	0	0
1	CAACTT.ACTTAG	0	0
1	CAACTT.TCATAA	0	0
1	CAACTT.TGTGGC	0	0
1	CAAGAA.AACAGC	0	0
1	CAAGAA.ACTACA	0	0
1	CAAGAC.GCAGTG	0	0
1	CAAGCA.AAGCAA	0	0
1	CAAGCA.CGTACC	0	0
1	CAAGCA.GGTTAC	0	0
1	CAAGCT.TGTTAA	0	0
1	CAAGGA.GAGTTA	0	0
1	CAAGGA.TAGCAG	0	0
1	CAAGGC.AGCAGC	0	0
1	CAAGGC.TTCCAA	0	0
1	CAAGGT.TAGTGG	0	0
1	CAAGGT.TGCTAC	0	0
1	CAAGTA.AACTTC	0	0
1	CAAGTA.ATGTAG	0	0
1	CAAGTA.TGAGTG	0	0
1	CAAGTC.TCCCTA	0	0
1	CAAGTG.CTTTAA	0	0
1	CAATAA.CCATCC	0	0
1	CAATAG.AAAATG	0	0
1	CAATAG.AGTCCA	0	0
1	CAATCT.TACTCA	0	0
1	CAATGA.ATTCTC	0	0
1	CAATGA.TCTCAG	0	0
1	CAATGC.CAGTGG	0	0
1	CAATTA.AGGATA	0	0
1	CAATTA.TATGCC	0	0
1	CAATTT.AACTTC	0	0
1	CAATTT.TAATAA	0	0
1	CAATTT.TGATGA	0	0
1	CACAAA.CCAAAA	0	0
1	CACAAA.GTTTAA	0	0
1	CACAAA.TCCCTA	0	0
1	CACAAA.TCTGTG	0	0
1	CACAAC.CAGGCG	0	0
1	CACAAC.TGCGTG	0	0
1	CACAAT.TCTGCA	0	0
1	CACACA.ACTTAG	0	0
1	CACACA.TCTGAC	0	0
1	CACACA.TGGAAA	0	0
1	CACACA.TGGTAC	0	0
1	CACACT.AAAAGA	0	0
1	CACACT.AAAGGC	0	0
1	CACACT.ATTAAA	0	0
1	CACAGA.TTTTGA	0	0
1	CACATG.AAGAAG	0	0
1	CACATG.TTGTTA	0	0
1	CACATT.TTTGCA	0	0
1	CACCAA.AGAGCC	0	0
1	CACCAA.AGTCAG	0	0
1	CACCAC.TTCAAG	0	0
1	CACCAG.AAAACA	0	0
1	CACCAT.GTAACA	0	0
1	CACCAT.TAGGTG	0	0
1	CACCCA.TCAGTA	0	0
1	CACCCC.CATTAC	0	0
1	CACCCT.TTTTAA	0	0
1	CACCGA.GCCACG	0	0
1	CACCGC.ATTGCC	0	0
1	CACCGT.CGGCAC	0	0
1	CACCTA.ATCAAC	0	0
1	CACCTG.GCAAAG	0	0
1	CACCTG.TACACG	0	0
1	CACCTG.TGTCTA	0	0
1	CACGAA.GCTTTC	0	0
1	CACGCG.AGTACG	0	0
1	CACGGA.GAAACC	0	0
1	CACGTA.TCGCAA	0	0
1	CACGTG.AGGCTG	0	0
1	CACGTT.AGAAGA	0	0
1	CACTAA.TGAGAA	0	0
1	CACTAC.AGACTA	0	0
1	CACTAC.TTCCAA	0	0
1	CACTAG.CTCTAG	0	0
1	CACTAT.TATGGA	0	0
1	CACTCG.TATGTC	0	0
1	CACTGC.TTCTCC	0	0
1	CACTGG.ATTTCG	0	0
1	CACTGT.ACACTA	0	0
1	CACTGT.CACTCG	0	0
1	CACTTA.TAACAA	0	0
1	CACTTT.TTCCAC	0	0
1	CACTTT.TTGAAA	0	0
1	CACTTT.TTTGCA	0	0
1	CAGAAA.CAATAC	0	0
1	CAGAAA.TAGTGA	0	0
1	CAGAAT.TGACTA	0	0
1	CAGACA.AAAAAC	0	0
1	CAGACC.CTTCTA	0	0
1	CAGACT.TTTGCG	0	0
1	CAGAGT.GAATCA	0	0
1	CAGATT.TATCTC	0	0
1	CAGATT.TTAACA	0	0
1	CAGCAA.AAGTGC	0	0
1	CAGCAA.CTTTCC	0	0
1	CAGCAC.CAAAGC	0	0
1	CAGCAC.TCTAGG	0	0
1	CAGCAC.TGCTAG	0	0
1	CAGCAG.AGGGGA	0	0
1	CAGCAG.ATCCAC	0	0
1	CAGCAG.TAAACC	0	0
1	CAGCAG.TCGGCA	0	0
1	CAGCAT.TGCAAG	0	0
1	CAGCCA.TGTTTA	0	0
1	CAGCTA.AGTTTC	0	0
1	CAGCTA.TTTGCA	0	0
1	CAGCTG.ACTCAA	0	0
1	CAGCTG.TAATAG	0	0
1	CAGCTG.TTGTGC	0	0
1	CAGGAA.AGAATC	0	0
1	CAGGAA.TAATCA	0	0
1	CAGGAG.CTTAAA	0	0
1	CAGGCA.GACAAA	0	0
1	CAGGCT.GTAATG	0	0
1	CAGGGT.TTTCGG	0	0
1	CAGGTA.TTATAA	0	0
1	CAGGTG.ATTAAA	0	0
1	CAGGTG.GCTCAG	0	0
1	CAGGTG.TGTTGG	0	0
1	CAGGTT.ATCTAA	0	0
1	CAGGTT.GACAGC	0	0
1	CAGGTT.GCGACG	0	0
1	CAGTAG.TTGCAA	0	0
1	CAGTAT.TTTAGA	0	0
1	CAGTCA.CTTATG	0	0
1	CAGTCC.TACTTA	0	0
1	CAGTCT.AAAGAA	0	0
1	CAGTGC.AAGCTC	0	0
1	CAGTGC.ACAAAA	0	0
1	CAGTTA.ACAACA	0	0
1	CAGTTA.TTATAA	0	0
1	CAGTTG.ACAATC	0	0
1	CAGTTG.TGGTGC	0	0
1	CAGTTT.ACCTAA	0	0
1	CATAAA.GGATTA	0	0
1	CATAAA.TAATGG	0	0
1	CATAAC.ATCCAC	0	0
1	CATAAC.CTCAAA	0	0
1	CATAAG.CAAATA	0	0
1	CATAAT.AAAACA	0	0
1	CATAAT.ATCACC	0	0
1	CATACA.TAATTC	0	0
1	CATACC.CAGACG	0	0
1	CATACG.ATTAAC	0	0
1	CATAGA.CATCCA	0	0
1	CATAGC.AAGAAA	0	0
1	CATAGC.AGTGTA	0	0
1	CATAGC.TCATAA	0	0
1	CATAGT.AAAAGC	0	0
1	CATAGT.TATACA	0	0
1	CATATA.ACCATA	0	0
1	CATATC.AAACGC	0	0
1	CATATG.TTGTAA	0	0
1	CATCAA.CCTACA	0	0
1	CATCAA.TCTACC	0	0
1	CATCAC.ACTGTA	0	0
1	CATCAC.ATAGTC	0	0
1	CATCAC.TAGTCG	0	0
1	CATCAG.TTGAGG	0	0
1	CATCAG.TTGTGC	0	0
1	CATCCA.GCACAA	0	0
1	CATCGT.AACAAC	0	0
1	CATCTA.TTGTGC	0	0
1	CATCTG.AAAATC	0	0
1	CATCTG.AGGTCC	0	0
1	CATCTG.CACAAC	0	0
1	CATCTT.ATCCTC	0	0
1	CATGAC.ATGAGG	0	0
1	CATGAC.ATTTCA	0	0
1	CATGAG.ACATAA	0	0
1	CATGAG.TTATAA	0	0
1	CATGAT.ATCTCA	0	0
1	CATGAT.GAAAAG	0	0
1	CATGCA.ACCACA	0	0
1	CATGGC.GATTCC	0	0
1	CATGGC.TTGTTA	0	0
1	CATGGG.ATAGCA	0	0
1	CATGGT.ATGTTA	0	0
1	CATGTA.CTACCC	0	0
1	CATGTA.TCAACA	0	0
1	CATGTG.AACTAC	0	0
1	CATGTG.GCGAAA	0	0
1	CATGTT.TGCCAA	0	0
1	CATTAA.AACCAC	0	0
1	CATTAA.ACTAGC	0	0
1	CATTAA.AGGTAA	0	0
1	CATTAA.CTCCAC	0	0
1	CATTAA.GCCAGA	0	0
1	CATTAA.TTTAAA	0	0
1	CATTAT.GTATTC	0	0
1	CATTCC.AAGAAC	0	0
1	CATTCT.CACAAG	0	0
1	CATTCT.TCTTTC	0	0
1	CATTTA.TTATGC	0	0
1	CATTTA.TTGTGC	0	0
1	CATTTC.AGCAAA	0	0
1	CATTTG.CTTAGG	0	0
1	CATTTG.GTTATA	0	0
1	CATTTG.TGACGC	0	0
1	CATTTT.ATACAA	0	0
1	CATTTT.TAAAGA	0	0
1	CCAAAA.ATCACA	0	0
1	CCAAAA.CTCTTC	0	0
1	CCAAAG.CAATAG	0	0
1	CCAAAT.TGCAGC	0	0
1	CCAACA.AGCCTA	0	0
1	CCAACA.GCATAA	0	0
1	CCAACT.CACTAA	0	0
1	CCAAGA.GCAGTA	0	0
1	CCAAGT.ACATAG	0	0
1	CCAATA.AAATGC	0	0
1	CCAATC.TAAGAC	0	0
1	CCAATG.TACTAA	0	0
1	CCAATT.TGAAGA	0	0
1	CCACAT.AGGGAC	0	0
1	CCACAT.TTGAAG	0	0
1	CCACCA.ATTTTC	0	0
1	CCACCA.CAGAGC	0	0
1	CCACCA.TTAACC	0	0
1	CCACCT.TCTCCA	0	0
1	CCACGC.AGGTAG	0	0
1	CCACGC.CAATTC	0	0
1	CCACGG.ACCTCC	0	0
1	CCACTC.ATGGCA	0	0
1	CCAGAA.ATCAGG	0	0
1	CCAGAA.CTGGAC	0	0
1	CCAGAT.ACAGTA	0	0
1	CCAGAT.AGTTTC	0	0
1	CCAGCA.CTGCAA	0	0
1	CCAGTA.CAGAGG	0	0
1	CCAGTC.CTGAAG	0	0
1	CCAGTG.TGTAAG	0	0
1	CCAGTG.TGTGTA	0	0
1	CCATAA.AAAAGG	0	0
1	CCATAA.AGCCAG	0	0
1	CCATAG.AATAAA	0	0
1	CCATAG.GAAGTC	0	0
1	CCATAT.CAAACG	0	0
1	CCATCA.CTGAAG	0	0
1	CCATCA.GGCCAC	0	0
1	CCATCT.GGACGC	0	0
1	CCATGG.AGATTC	0	0
1	CCATGT.GACATA	0	0
1	CCATGT.TTGAAC	0	0
1	CCATTA.CAACAG	0	0
1	CCATTA.TATGGC	0	0
1	CCATTC.CTGCGC	0	0
1	CCATTG.GATAGC	0	0
1	CCATTT.ATCCTC	0	0
1	CCCAGG.AACAAA	0	0
1	CCCAGT.GTGTAA	0	0
1	CCCATA.CAAAAG	0	0
1	CCCCCT.CATACA	0	0
1	CCCCTA.TGCTGC	0	0
1	CCCGCA.TCTTGA	0	0
1	CCCTAC.GCTGCC	0	0
1	CCCTCA.TTGCAA	0	0
1	CCCTCC.TTAAGC	0	0
1	CCCTCT.TCAGAA	0	0
1	CCCTGA.TTGAAC	0	0
1	CCCTGC.TGGAGA	0	0
1	CCCTGT.CTACCA	0	0
1	CCCTTC.GCGTAG	0	0
1	CCCTTG.TACTCA	0	0
1	CCGAAG.TCTTAA	0	0
1	CCGAGG.CACGCG	0	0
1	CCGCAC.CTTGAA	0	0
1	CCGCAG.CGGTAC	0	0
1	CCGCGT.GCCTCG	0	0
1	CCGCTA.TTTAGA	0	0
1	CCGCTG.TTTAGG	0	0
1	CCGGTA.CACACC	0	0
1	CCGTAA.AACACA	0	0
1	CCGTAT.TTTGCA	0	0
1	CCGTGG.TATAAA	0	0
1	CCGTGT.CTATTC	0	0
1	CCTAAA.AATCTA	0	0
1	CCTAAT.TGTAAA	0	0
1	CCTAAT.TTTACA	0	0
1	CCTACA.ACCTCA	0	0
1	CCTACA.AGGTGC	0	0
1	CCTAGA.AAATCA	0	0
1	CCTATA.AGTTGA	0	0
1	CCTATT.CTTACA	0	0
1	CCTCAA.AAGAGA	0	0
1	CCTCAA.GAACAA	0	0
1	CCTCAT.ACGTAG	0	0
1	CCTCAT.GAGGCG	0	0
1	CCTCAT.TGGGCG	0	0
1	CCTCCA.ACGCAA	0	0
1	CCTCGT.TGTTCC	0	0
1	CCTCTA.ACAAAA	0	0
1	CCTGCA.GTGCTC	0	0
1	CCTGCG.GTCCTC	0	0
1	CCTGTA.TGAAAG	0	0
1	CCTGTT.GCATAG	0	0
1	CCTGTT.TCCAGC	0	0
1	CCTTAA.CTTAAG	0	0
1	CCTTAA.GGTGTA	0	0
1	CCTTAC.GCAGAG	0	0
1	CCTTAG.TATGCC	0	0
1	CCTTCA.GAGGAA	0	0
1	CCTTCA.TGTAGA	0	0
1	CCTTCC.AGGTAA	0	0
1	CCTTCT.TAGTCA	0	0
1	CCTTGA.CAGGGC	0	0
1	CCTTTA.TAAGAA	0	0
1	CCTTTT.TCTATC	0	0
1	CGAAAC.AATGAG	0	0
1	CGAAAC.GTAAGC	0	0
1	CGAAAG.GAGTGA	0	0
1	CGAAAT.CACCCC	0	0
1	CGAACA.TATCTA	0	0
1	CGAACC.GTAAAA	0	0
1	CGAAGA.CTAAAA	0	0
1	CGAAGT.AACTGA	0	0
1	CGACGA.GACTAC	0	0
1	CGAGAT.ACAACA	0	0
1	CGAGCT.CTGAAA	0	0
1	CGAGTG.CAAGAC	0	0
1	CGATAC.AGCCTC	0	0
1	CGATAT.TTCGAA	0	0
1	CGATCT.TCTATC	0	0
1	CGCAAA.AGGTTC	0	0
1	CGCAGA.ACAGAA	0	0
1	CGCAGT.GGGCGC	0	0
1	CGCATA.AAAACA	0	0
1	CGCCAT.GCCAGC	0	0
1	CGCCCT.ACACAC	0	0
1	CGCGAA.AAAATC	0	0
1	CGCTAC.TTAGAC	0	0
1	CGCTCA.GTCCTA	0	0
1	CGCTTC.AAAATC	0	0
1	CGGAAC.TTCTCC	0	0
1	CGGAGT.TCCAAA	0	0
1	CGGATG.ACCGTC	0	0
1	CGGCCT.CTGTAA	0	0
1	CGGCGC.GATCTA	0	0
1	CGGCTG.AACACG	0	0
1	CGGGCT.CACTTA	0	0
1	CGGTAC.ATTACC	0	0
1	CGGTAT.GTTGCA	0	0
1	CGGTGT.AGTGCA	0	0
1	CGTAAG.GTGGTC	0	0
1	CGTACA.TAGCAA	0	0
1	CGTACT.ATCAGC	0	0
1	CGTACT.CTGCAA	0	0
1	CGTCAA.ATCTTA	0	0
1	CGTCAC.AAATGA	0	0
1	CGTCGT.GGTTCA	0	0
1	CGTGAT.ACACCC	0	0
1	CGTGAT.AGGAAC	0	0
1	CGTGCT.GCGCTA	0	0
1	CGTTCC.ATTAAC	0	0
1	CGTTCT.AAAAGA	0	0
1	CGTTGA.AGGACA	0	0
1	CGTTTA.AGAACA	0	0
1	CGTTTA.ATAGCC	0	0
1	CGTTTA.ATGAAA	0	0
1	CGTTTA.TCAATC	0	0
1	CTAAAC.ACCAAG	0	0
1	CTAAAG.ATAAAG	0	0
1	CTAAAG.TGTGAA	0	0
1	CTAAGA.AATGTC	0	0
1	CTAAGA.GTTTGA	0	0
1	CTAATA.TCTAGA	0	0
1	CTAATG.TTGTAA	0	0
1	CTACAA.ACTACC	0	0
1	CTACAG.ATTGGC	0	0
1	CTACAG.TGATGC	0	0
1	CTACAT.CACCAG	0	0
1	CTACCA.CACAGA	0	0
1	CTACGT.CCCGCC	0	0
1	CTAGAC.TTGAGA	0	0
1	CTAGCT.TTGGAG	0	0
1	CTAGGT.TACCAA	0	0
1	CTAGTG.CTGTGC	0	0
1	CTATAA.ATGAGA	0	0
1	CTATAA.TTTTGA	0	0
1	CTATAC.TGTCTC	0	0
1	CTATAG.AAAGAA	0	0
1	CTATCT.TAGTAC	0	0
1	CTATGC.CAGGTC	0	0
1	CTATGT.AGATTA	0	0
1	CTATGT.GATAAC	0	0
1	CTATTA.AATCAC	0	0
1	CTCAAG.TGGTTC	0	0
1	CTCACT.TCTTCC	0	0
1	CTCAGT.GCAACC	0	0
1	CTCATA.ACCGAG	0	0
1	CTCATA.TTCACA	0	0
1	CTCATC.ACGCAC	0	0
1	CTCATG.AGACCA	0	0
1	CTCCAA.AACACC	0	0
1	CTCCGT.GAGGAG	0	0
1	CTCCTA.AACTTC	0	0
1	CTCCTC.AGTGGC	0	0
1	CTCCTG.GTTTAA	0	0
1	CTCGAA.TGCACC	0	0
1	CTCGAT.GTACTC	0	0
1	CTCTAA.AAACTC	0	0
1	CTCTAA.TACCAA	0	0
1	CTCTGT.AAATAA	0	0
1	CTCTTA.AACAGC	0	0
1	CTCTTA.CACGCC	0	0
1	CTCTTA.TGTCAA	0	0
1	CTCTTG.GCAGAA	0	0
1	CTCTTT.AAGTCC	0	0
1	CTGAAA.ACTCAA	0	0
1	CTGAAA.GAGCTA	0	0
1	CTGAAG.AATGAC	0	0
1	CTGACA.ACGTTA	0	0
1	CTGACA.TACTGA	0	0
1	CTGACC.GGGTAA	0	0
1	CTGACC.TATACA	0	0
1	CTGAGG.AAGGAC	0	0
1	CTGAGT.TGATAA	0	0
1	CTGATG.AACTCA	0	0
1	CTGATG.ACAATC	0	0
1	CTGATG.TAACAA	0	0
1	CTGATT.TCCTCA	0	0
1	CTGCAA.ATCAGC	0	0
1	CTGCAC.GAAGTC	0	0
1	CTGCAG.ACCAGC	0	0
1	CTGCAG.AGGAAG	0	0
1	CTGCAT.GAAAGC	0	0
1	CTGCGA.GATCTA	0	0
1	CTGCTA.AATGGC	0	0
1	CTGCTC.TCAACC	0	0
1	CTGCTG.AAAAAG	0	0
1	CTGCTG.CGTGAA	0	0
1	CTGCTT.AACCAA	0	0
1	CTGGAC.CATTGA	0	0
1	CTGGCA.TGACAA	0	0
1	CTGGTA.TGGTCA	0	0
1	CTGGTA.TTCACC	0	0
1	CTGGTG.TTCTTC	0	0
1	CTGGTT.TAAATC	0	0
1	CTGGTT.TATACC	0	0
1	CTGTAC.GTCTGC	0	0
1	CTGTAG.TACAGC	0	0
1	CTGTCA.TAAGAA	0	0
1	CTGTGA.ATCAAG	0	0
1	CTGTGC.CTTGCA	0	0
1	CTGTGT.GCCAAC	0	0
1	CTGTTA.AAACAA	0	0
1	CTGTTA.ACACCA	0	0
1	CTGTTA.CGGGTA	0	0
1	CTGTTA.CTTGCC	0	0
1	CTGTTC.ACTGAA	0	0
1	CTGTTG.AGCTCC	0	0
1	CTGTTG.ATTAAA	0	0
1	CTGTTG.ATTTCC	0	0
1	CTGTTG.GACTAC	0	0
1	CTGTTG.TAAACA	0	0
1	CTGTTG.TGGGAA	0	0
1	CTTAAA.AAACCC	0	0
1	CTTAAA.CAGCAA	0	0
1	CTTAAA.CCAGAC	0	0
1	CTTAAG.ATGGTA	0	0
1	CTTACA.GCTATA	0	0
1	CTTACC.CAGAGA	0	0
1	CTTAGA.ACAGCA	0	0
1	CTTATG.CACACA	0	0
1	CTTATT.AGCAAA	0	0
1	CTTCAA.AAATGA	0	0
1	CTTCAA.CTCAAC	0	0
1	CTTCAA.CTGAAG	0	0
1	CTTCAA.TTTTTA	0	0
1	CTTCAG.CTCATC	0	0
1	CTTCAG.GGTGCA	0	0
1	CTTCAG.TTGGAC	0	0
1	CTTCAT.TCCAAA	0	0
1	CTTCAT.TTGGTA	0	0
1	CTTCCA.TGAGAA	0	0
1	CTTCCT.TTCCAA	0	0
1	CTTCGA.TTCTGC	0	0
1	CTTCGG.ACCTTC	0	0
1	CTTCTA.GAAGCC	0	0
1	CTTCTC.AATTAA	0	0
1	CTTCTC.GTAACC	0	0
1	CTTCTC.TCAAGC	0	0
1	CTTCTG.AACATA	0	0
1	CTTCTG.CTCTGC	0	0
1	CTTGAA.GAAAAC	0	0
1	CTTGAA.TGTTGC	0	0
1	CTTGAA.TTCCAC	0	0
1	CTTGAA.TTCCTC	0	0
1	CTTGAC.ATCAAC	0	0
1	CTTGAT.GCTTTA	0	0
1	CTTGCA.CTAATA	0	0
1	CTTGCA.TGATGA	0	0
1	CTTGCG.TAAGCC	0	0
1	CTTGCT.TTTTTC	0	0
1	CTTGTA.ACGTAC	0	0
1	CTTGTA.GTGGGA	0	0
1	CTTGTG.AGGGAC	0	0
1	CTTGTG.TAATGA	0	0
1	CTTTAA.GCACTC	0	0
1	CTTTAC.ATCATA	0	0
1	CTTTAT.AGAACC	0	0
1	CTTTCA.TTGTAC	0	0
1	CTTTGA.GCTACA	0	0
1	CTTTGC.AATTTA	0	0
1	CTTTGC.AGATGA	0	0
1	CTTTGT.ATCCAA	0	0
1	CTTTTA.AAGTAC	0	0
1	CTTTTC.AATAGC	0	0
1	CTTTTG.AAACTA	0	0
1	CTTTTG.ATACCA	0	0
1	CTTTTG.TTCTGA	0	0
1	CTTTTT.TTAGAC	0	0
1	CTTTTT.TTTTCA	0	0
1	GAAAAA.AATTGC	0	0
1	GAAAAG.ACAATC	0	0
1	GAAAAG.ATTGTC	0	0
1	GAAAAG.GGCTTC	0	0
1	GAAAAG.TAAAAA	0	0
1	GAAACA.ACAACA	0	0
1	GAAACC.TCTCAC	0	0
1	GAAACT.CTCAAA	0	0
1	GAAACT.GCCTAC	0	0
1	GAAAGC.AGAAAA	0	0
1	GAAAGT.TACGCC	0	0
1	GAAAGT.TGCCCA	0	0
1	GAAAGT.TGTCTC	0	0
1	GAAATA.AAATGA	0	0
1	GAAATA.CCACAA	0	0
1	GAAATA.TCCAAA	0	0
1	GAAATA.TTTTTA	0	0
1	GAAATG.TGGACA	0	0
1	GAAATG.TTGCTC	0	0
1	GAAATT.AACTCC	0	0
1	GAAATT.CATCTA	0	0
1	GAAATT.GGCCTC	0	0
1	GAACAA.TCCTGA	0	0
1	GAACAA.TTCAGA	0	0
1	GAACAT.ACTACC	0	0
1	GAACCT.AGTTAC	0	0
1	GAACTA.TCAGAC	0	0
1	GAACTT.ACTCTC	0	0
1	GAACTT.TCCTGC	0	0
1	GAAGAA.AATCAC	0	0
1	GAAGAA.AGTCAC	0	0
1	GAAGAA.ATTTTA	0	0
1	GAAGAA.GCTGAA	0	0
1	GAAGAG.AGTTTA	0	0
1	GAAGAG.TTGGCC	0	0
1	GAAGAT.AGGAAC	0	0
1	GAAGCC.TAAAAA	0	0
1	GAAGGT.TAAACC	0	0
1	GAAGTA.CTGAGC	0	0
1	GAAGTC.GAGGAC	0	0
1	GAAGTG.CACCAA	0	0
1	GAAGTT.AATCCA	0	0
1	GAAGTT.GATAGA	0	0
1	GAAGTT.TCTTGA	0	0
1	GAAGTT.TGTTGA	0	0
1	GAATAT.CTATAA	0	0
1	GAATAT.TGCTAA	0	0
1	GAATCT.GAGTAA	0	0
1	GAATGA.AAAAAA	0	0
1	GAATGC.TCATCA	0	0
1	GAATGC.TGTTTA	0	0
1	GAATTA.TTACAC	0	0
1	GAATTC.TTACAC	0	0
1	GAATTT.ACTAAA	0	0
1	GAATTT.GCAAAA	0	0
1	GAATTT.GGTGAA	0	0
1	GAATTT.TCAGAA	0	0
1	GACAAA.AAAAAA	0	0
1	GACAAA.CTTATA	0	0
1	GACAAC.GCAGAC	0	0
1	GACAAG.ACACCA	0	0
1	GACAAG.CATTGC	0	0
1	GACAAG.TACAAC	0	0
1	GACAAT.TTAAGA	0	0
1	GACACC.CGTGAC	0	0
1	GACACG.GTCATC	0	0
1	GACAGT.TTTAGC	0	0
1	GACATA.CAATAA	0	0
1	GACATA.CTGGCA	0	0
1	GACATT.TCTCTC	0	0
1	GACCAT.TTGACA	0	0
1	GACGGT.CTTTAC	0	0
1	GACTAC.AACTCA	0	0
1	GACTCA.GTTAAC	0	0
1	GACTCT.TCATTA	0	0
1	GACTTT.TAAGTA	0	0
1	GAGAAA.ACTTCC	0	0
1	GAGAAG.CATTAA	0	0
1	GAGAAG.CGTAAA	0	0
1	GAGAAT.TTCACA	0	0
1	GAGACT.ACCTTA	0	0
1	GAGACT.GTTTTA	0	0
1	GAGAGC.GTGAAC	0	0
1	GAGATG.CAACTA	0	0
1	GAGATG.TTTCAA	0	0
1	GAGATT.ATTAAA	0	0
1	GAGATT.ATTTAA	0	0
1	GAGATT.TTGACA	0	0
1	GAGCAA.ATAAGC	0	0
1	GAGCAG.AGGGTA	0	0
1	GAGCAG.GTCGCC	0	0
1	GAGCTA.AAAATC	0	0
1	GAGCTT.TGGTGA	0	0
1	GAGGAA.TTAAGC	0	0
1	GAGGCT.CATTTA	0	0
1	GAGGGT.TTTTAA	0	0
1	GAGGTT.GCCACA	0	0
1	GAGTAA.TTTCCC	0	0
1	GAGTCT.ATGGAA	0	0
1	GAGTGC.GGAGAA	0	0
1	GAGTTC.ACTGTA	0	0
1	GATAAA.ATGTTA	0	0
1	GATAAA.ATTATA	0	0
1	GATACA.CTAATA	0	0
1	GATACC.ATACAA	0	0
1	GATAGA.GAGTTA	0	0
1	GATAGT.AACAAA	0	0
1	GATATC.ATGTAC	0	0
1	GATATC.TAAAAA	0	0
1	GATATT.CTGCTA	0	0
1	GATCAT.CAAATC	0	0
1	GATCCT.CGTGGA	0	0
1	GATCTC.AAGAAC	0	0
1	GATCTC.TTATTA	0	0
1	GATGAA.CGTCGA	0	0
1	GATGAT.GGCTGC	0	0
1	GATGAT.TAAACC	0	0
1	GATGCA.ATTCAA	0	0
1	GATGCT.CTGGTA	0	0
1	GATGCT.TCATAA	0	0
1	GATGTC.CCTAAA	0	0
1	GATGTG.TATTAC	0	0
1	GATGTT.AGTACA	0	0
1	GATTAA.AACTCC	0	0
1	GATTAC.AGTTCA	0	0
1	GATTAG.TAATGA	0	0
1	GATTAT.GTGCTA	0	0
1	GATTAT.TAGCTA	0	0
1	GATTAT.TCAATA	0	0
1	GATTGA.AAACCA	0	0
1	GATTGA.AAAGTA	0	0
1	GATTGA.TAGCTA	0	0
1	GATTTC.TCTAAA	0	0
1	GATTTG.CTACTA	0	0
1	GATTTT.TTATCA	0	0
1	GCAAAA.TAGGCA	0	0
1	GCAAAA.TCATGA	0	0
1	GCAAAC.AGGCAC	0	0
1	GCAAAC.TACGGA	0	0
1	GCAAAG.AAGAGC	0	0
1	GCAACA.GGACGA	0	0
1	GCAACG.CAACAA	0	0
1	GCAAGA.TACCAC	0	0
1	GCAAGG.TTTTCA	0	0
1	GCAAGT.AGTGCA	0	0
1	GCAATA.TCAACA	0	0
1	GCAATG.ATACAA	0	0
1	GCAATT.TTCGCA	0	0
1	GCACAA.AAGTCC	0	0
1	GCACAA.ATGTTA	0	0
1	GCACTA.ATTCCA	0	0
1	GCACTA.CCAATA	0	0
1	GCACTC.TGGACA	0	0
1	GCAGCA.TATACA	0	0
1	GCAGCC.AGTGAC	0	0
1	GCAGCC.GCAGAA	0	0
1	GCAGCT.TCCCTA	0	0
1	GCAGGA.CCACAA	0	0
1	GCAGTA.GGGAAC	0	0
1	GCAGTG.AAAGAA	0	0
1	GCAGTT.CAACTA	0	0
1	GCATAA.AATAGA	0	0
1	GCATCA.GGTCAA	0	0
1	GCATTG.CATGGA	0	0
1	GCATTG.CTAACA	0	0
1	GCATTG.CTGAGA	0	0
1	GCCAAA.ATGTTA	0	0
1	GCCAAT.CTAAGA	0	0
1	GCCAAT.TACACA	0	0
1	GCCACA.ATGACC	0	0
1	GCCACC.TCACAA	0	0
1	GCCACG.GGAGTA	0	0
1	GCCACT.CATGGC	0	0
1	GCCAGC.ATTCTA	0	0
1	GCCATG.CTAAAA	0	0
1	GCCATG.CTAACA	0	0
1	GCCCTG.TGTCCA	0	0
1	GCCCTT.CCACAA	0	0
1	GCCGGT.CTACAC	0	0
1	GCCGTC.GGACAA	0	0
1	GCCGTG.ACATGA	0	0
1	GCCTAA.AAACAA	0	0
1	GCCTTG.CCTCGA	0	0
1	GCCTTT.CAACAA	0	0
1	GCGAAG.GTCCCA	0	0
1	GCGAGC.AGAACA	0	0
1	GCGAGT.TATGCC	0	0
1	GCGATA.TGTTAC	0	0
1	GCGATC.AAACAA	0	0
1	GCGCCG.TCTAAA	0	0
1	GCGCTA.TGCAAC	0	0
1	GCGCTG.GGGCAA	0	0
1	GCGGCA.TCAAGC	0	0
1	GCGGGT.ATAAAC	0	0
1	GCGTAA.AGGTAA	0	0
1	GCTACT.TAGTAA	0	0
1	GCTAGT.TAACTA	0	0
1	GCTATG.TGTTCA	0	0
1	GCTATT.CAGTTA	0	0
1	GCTCAA.CATAAC	0	0
1	GCTCAC.TATAAC	0	0
1	GCTCCA.CACATA	0	0
1	GCTCGT.GCCTAA	0	0
1	GCTGAA.ATGTCA	0	0
1	GCTGAC.CTATAC	0	0
1	GCTGCG.TGTGCA	0	0
1	GCTGCT.GGTATA	0	0
1	GCTGCT.TTTACA	0	0
1	GCTTAA.AAAGCA	0	0
1	GCTTAT.CAGCAA	0	0
1	GCTTCA.ACTCAA	0	0
1	GCTTCA.TTGTAA	0	0
1	GCTTGC.TTTGGA	0	0
1	GCTTGT.CTTACA	0	0
1	GCTTTA.ATAGAA	0	0
1	GCTTTG.TGTAAA	0	0
1	GCTTTT.CGTTTA	0	0
1	GGAAAA.TCTGTA	0	0
1	GGAACA.TGTAGA	0	0
1	GGAAGC.CTCTGA	0	0
1	GGAATT.AAGGGA	0	0
1	GGAATT.GCGAGA	0	0
1	GGACAA.CAATCA	0	0
1	GGACAA.GACACC	0	0
1	GGACCT.CCTAAA	0	0
1	GGACTA.TCCCAC	0	0
1	GGACTT.TTCTTA	0	0
1	GGAGAA.GACAAA	0	0
1	GGAGAA.TTCCCC	0	0
1	GGAGAG.TGCCTA	0	0
1	GGAGAT.ACGCAC	0	0
1	GGAGCA.AAAACC	0	0
1	GGAGCC.TGAATA	0	0
1	GGAGGA.GTCTTA	0	0
1	GGAGGA.TTGAAA	0	0
1	GGAGGG.CATACA	0	0
1	GGAGGT.TTATCA	0	0
1	GGAGTA.GATCGA	0	0
1	GGAGTG.TAACAA	0	0
1	GGATAG.TGTCTA	0	0
1	GGATCA.ACATAC	0	0
1	GGCAAT.CTCAAC	0	0
1	GGCCAA.CTGTCA	0	0
1	GGCCAG.AGCAAC	0	0
1	GGCCCC.ATTTCA	0	0
1	GGCCTC.GTGAAA	0	0
1	GGCCTT.TGTAAA	0	0
1	GGCGCC.TAACTA	0	0
1	GGCTAA.CGCAAC	0	0
1	GGCTCT.AATGAC	0	0
1	GGCTTC.GGTGTA	0	0
1	GGCTTG.AAACCA	0	0
1	GGGAGA.AATTGA	0	0
1	GGGCGC.ATCAAA	0	0
1	GGGCTC.TCCATA	0	0
1	GGGTAT.TCACAC	0	0
1	GGGTGA.GTACCA	0	0
1	GGGTGT.ACCGAA	0	0
1	GGGTGT.ATGCTA	0	0
1	GGGTTG.AAACCA	0	0
1	GGGTTG.AACTGA	0	0
1	GGTAAA.CTAGAC	0	0
1	GGTAAA.GCCAAC	0	0
1	GGTAAA.TTGTTA	0	0
1	GGTAAG.AAGGTA	0	0
1	GGTAAT.TATTAC	0	0
1	GGTAAT.TTGCAC	0	0
1	GGTACA.CAACTA	0	0
1	GGTACA.TTATGA	0	0
1	GGTAGG.TTACTA	0	0
1	GGTCAT.TCCTTA	0	0
1	GGTGAA.TTATCA	0	0
1	GGTGGT.GCACTA	0	0
1	GGTGTA.GTTCCA	0	0
1	GGTGTT.TACATA	0	0
1	GGTGTT.TCCAAC	0	0
1	GGTTAT.TTGATA	0	0
1	GGTTCC.TTTTCA	0	0
1	GGTTCT.ACTTGA	0	0
1	GGTTGA.CTGGTA	0	0
1	GGTTGC.ATAACA	0	0
1	GGTTGT.ATACCA	0	0
1	GGTTTA.CACTAA	0	0
1	GGTTTA.CCAATA	0	0
1	GGTTTG.ATTATA	0	0
1	GTAAAC.GCAGCA	0	0
1	GTAAAC.TTTAAC	0	0
1	GTAAAG.AAGTAA	0	0
1	GTAAAT.ACATAA	0	0
1	GTAAAT.GATTGA	0	0
1	GTAACA.ATGTTA	0	0
1	GTAACA.CATTTA	0	0
1	GTAACA.GTACAA	0	0
1	GTAACA.TATCAA	0	0
1	GTAACC.CAAGTA	0	0
1	GTAAGA.TAATAA	0	0
1	GTAAGC.ACTGAA	0	0
1	GTAAGC.TCAAAC	0	0
1	GTAAGG.AGGTAC	0	0
1	GTAAGT.GTTATA	0	0
1	GTAATA.TCTGAA	0	0
1	GTACAA.TACTAA	0	0
1	GTACAG.CTGGTA	0	0
1	GTACAG.TGGTAA	0	0
1	GTACAT.ACTGTA	0	0
1	GTACAT.GGCACA	0	0
1	GTACAT.TCAGCA	0	0
1	GTACAT.TGGCTA	0	0
1	GTACCA.GCTTAA	0	0
1	GTACTA.ACAAAC	0	0
1	GTACTA.CACACA	0	0
1	GTACTA.CTATAC	0	0
1	GTAGAA.CTGTTA	0	0
1	GTAGAT.TAGTTA	0	0
1	GTAGCG.GTGTTA	0	0
1	GTAGCT.AGCCAC	0	0
1	GTAGGA.CTAGAA	0	0
1	GTAGGT.AACCAC	0	0
1	GTAGGT.CACTTA	0	0
1	GTAGGT.GTTCTA	0	0
1	GTAGTA.AAATAC	0	0
1	GTAGTC.CTGTGA	0	0
1	GTAGTG.GCGTCA	0	0
1	GTAGTT.TCTCAA	0	0
1	GTATAA.CCAGTA	0	0
1	GTATAG.ATGGAA	0	0
1	GTATGC.TCAATA	0	0
1	GTATTA.CAGCAA	0	0
1	GTATTA.GTTCAA	0	0
1	GTATTC.GCAAGA	0	0
1	GTATTT.CACAAA	0	0
1	GTCAAA.CAATGA	0	0
1	GTCACA.CCGGAC	0	0
1	GTCAGC.GATGCA	0	0
1	GTCAGT.TGTTAA	0	0
1	GTCATA.TTTAAC	0	0
1	GTCCAG.ATGTCA	0	0
1	GTCCTT.ATGTCA	0	0
1	GTCGTC.TCATCA	0	0
1	GTCTAA.ATAATA	0	0
1	GTCTAA.GACACA	0	0
1	GTCTAA.TTAACA	0	0
1	GTCTCA.TGAATA	0	0
1	GTCTGA.AATGGA	0	0
1	GTCTGT.TCAACA	0	0
1	GTCTTA.TATTAA	0	0
1	GTGAAA.CAAGGA	0	0
1	GTGAGT.CACTAA	0	0
1	GTGATG.TTCCTA	0	0
1	GTGCAA.TACAAA	0	0
1	GTGCCT.TTAAAC	0	0
1	GTGCTA.CGCTAA	0	0
1	GTGCTA.TTGCCA	0	0
1	GTGGAC.TGTCAA	0	0
1	GTGGAG.AATGGA	0	0
1	GTGTAC.TTGAAA	0	0
1	GTGTAG.TAGTCA	0	0
1	GTGTCA.CACCAA	0	0
1	GTGTGC.TTTCCA	0	0
1	GTGTTA.AAACCA	0	0
1	GTGTTA.ATTGTA	0	0
1	GTGTTG.TGTAGA	0	0
1	GTTAAA.TCATTA	0	0
1	GTTAAG.CATTTA	0	0
1	GTTAAT.TGTTTA	0	0
1	GTTAAT.TTACAA	0	0
1	GTTACA.TTCCAA	0	0
1	GTTACG.CGCCGA	0	0
1	GTTACT.GCGATA	0	0
1	GTTACT.GTTTCA	0	0
1	GTTAGA.TCAGTA	0	0
1	GTTAGA.TGGTAA	0	0
1	GTTAGT.CAACTA	0	0
1	GTTAGT.GCCTTA	0	0
1	GTTATA.TAATGA	0	0
1	GTTATC.GACTCA	0	0
1	GTTATG.GGATCA	0	0
1	GTTCAA.GGAACA	0	0
1	GTTCAT.AGACAA	0	0
1	GTTCTG.TTGTAA	0	0
1	GTTGAC.GGCAAA	0	0
1	GTTGAC.TACACA	0	0
1	GTTGAG.GTTGTA	0	0
1	GTTGCA.TAGTGA	0	0
1	GTTGCC.TAACAA	0	0
1	GTTGCT.TACCTA	0	0
1	GTTGGA.TTCCCA	0	0
1	GTTGGT.GCGATA	0	0
1	GTTGTC.AAGTTA	0	0
1	GTTGTT.AGTGCA	0	0
1	GTTGTT.GTACAA	0	0
1	GTTTAC.TTGGTA	0	0
1	GTTTAG.TGAAAC	0	0
1	GTTTAT.ATGTAA	0	0
1	GTTTAT.TGTTGA	0	0
1	GTTTCA.CGAGAA	0	0
1	GTTTGA.TTGGTA	0	0
1	GTTTTA.ATTCAA	0	0
1	GTTTTC.TGAAAA	0	0
1	GTTTTT.TATATA	0	0
1	GTTTTT.TATGTA	0	0
1	TAAAAA.TGGAAA	0	0
1	TAAAAA.TGTTTA	0	0
1	TAAAAA.TTTGCA	0	0
1	TAAAAC.TAGCCA	0	0
1	TAAAAT.ATATCA	0	0
1	TAAACA.AGTACA	0	0
1	TAAACA.CCAAAA	0	0
1	TAAACC.TGAGTA	0	0
1	TAAACT.TTACAA	0	0
1	TAAAGA.ATAACA	0	0
1	TAAAGA.CTTCTA	0	0
1	TAAAGC.GAAAAA	0	0
1	TAAAGC.TAAAGA	0	0
1	TAAAGG.AAGTAA	0	0
1	TAAAGT.TGTGAA	0	0
1	TAAATA.AAAATA	0	0
1	TAAATT.GCTTCA	0	0
1	TAAATT.GTACCA	0	0
1	TAAATT.GTTCCA	0	0
1	TAACAA.TCCGGA	0	0
1	TAACAG.TGCGCA	0	0
1	TAACGC.ACCAGA	0	0
1	TAACTA.ATAGCA	0	0
1	TAACTA.CGCATA	0	0
1	TAAGAA.CATACA	0	0
1	TAAGAA.GAGTAA	0	0
1	TAAGAC.TTCGGA	0	0
1	TAAGCC.TTTATA	0	0
1	TAAGCT.ATGGGA	0	0
1	TAAGTA.AAATGA	0	0
1	TAAGTA.AGTTGA	0	0
1	TAAGTT.ACAAAA	0	0
1	TAATAA.TAATTA	0	0
1	TAATCA.TGTGTA	0	0
1	TAATGA.ATCCCA	0	0
1	TAATGA.TACAGA	0	0
1	TAATGT.AGTACA	0	0
1	TAATGT.TTTAAA	0	0
1	TAATGT.TTTCAA	0	0
1	TAATTA.AGGTGA	0	0
1	TAATTA.TAAAGA	0	0
1	TAATTA.TACAAA	0	0
1	TAATTC.AAGAAA	0	0
1	TAATTT.TCTAAA	0	0
1	TACAAA.CAACCA	0	0
1	TACAAA.TTAAAA	0	0
1	TACAGT.GCAAGA	0	0
1	TACAGT.TAACCA	0	0
1	TACATC.TTGATA	0	0
1	TACATT.TCAGTA	0	0
1	TACCAA.TTCCCA	0	0
1	TACCAC.AAAGCA	0	0
1	TACCCC.TGCATA	0	0
1	TACCGT.CAATGA	0	0
1	TACGAC.CTAAGA	0	0
1	TACGCA.AACTAA	0	0
1	TACGCC.TCAGGA	0	0
1	TACTAT.TATACA	0	0
1	TACTGA.GAGACA	0	0
1	TACTGA.TTTTCA	0	0
1	TACTGG.CAGGCA	0	0
1	TACTTA.GCTTAA	0	0
1	TACTTT.ATACAA	0	0
1	TAGAAA.TAAAGA	0	0
1	TAGACA.ATCGAA	0	0
1	TAGAGT.CAACCA	0	0
1	TAGAGT.GTAACA	0	0
1	TAGAGT.TCATCA	0	0
1	TAGCAC.ATTGCA	0	0
1	TAGCAC.TATGCA	0	0
1	TAGCAT.TACAGA	0	0
1	TAGCCA.ACTCCA	0	0
1	TAGCTA.GGATGA	0	0
1	TAGGAC.CTGTGA	0	0
1	TAGGGG.TGAACA	0	0
1	TAGGTA.TTACTA	0	0
1	TAGGTG.ACTTAA	0	0
1	TAGGTG.TAGGAA	0	0
1	TAGGTT.ATCACA	0	0
1	TAGTAA.ACTACA	0	0
1	TAGTCT.TAGTCA	0	0
1	TAGTGA.GTAGAA	0	0
1	TAGTGG.AATAAA	0	0
1	TAGTGT.AATAAA	0	0
1	TAGTTA.ACGATA	0	0
1	TAGTTC.CTTCCA	0	0
1	TATAAA.CCACAA	0	0
1	TATACA.GTAGCA	0	0
1	TATAGC.GAGATA	0	0
1	TATGAC.AAGACA	0	0
1	TATGAG.TTTAGA	0	0
1	TATGGA.TTACCA	0	0
1	TATGTA.TCATCA	0	0
1	TATTAA.GGTTCA	0	0
1	TATTAC.ACAAAA	0	0
1	TATTAC.AGAGCA	0	0
1	TATTAG.TTTGAA	0	0
1	TATTCT.ACCAGA	0	0
1	TATTGA.CAATCA	0	0
1	TATTGC.GCAACA	0	0
1	TATTTA.ATACAA	0	0
1	TATTTC.CCCACA	0	0
1	TATTTT.TGCTGA	0	0
1	TCAAAA.CAAGCA	0	0
1	TCAAAC.TTCGGA	0	0
1	TCAACA.CTTAAA	0	0
1	TCAACG.GATGAA	0	0
1	TCAACT.CAGGCA	0	0
1	TCAAGG.CCATAA	0	0
1	TCACAA.TAGCGA	0	0
1	TCACAT.TTGACA	0	0
1	TCACCA.GAGTCA	0	0
1	TCACCT.AAGTAA	0	0
1	TCACGT.GTCGCA	0	0
1	TCACTC.GCTGCA	0	0
1	TCAGAG.TGCAGA	0	0
1	TCAGCA.TGCTCA	0	0
1	TCAGTA.ATGTAA	0	0
1	TCATAA.AAGAGA	0	0
1	TCATAA.CCTCAA	0	0
1	TCATAA.TCTACA	0	0
1	TCATAA.TGGTAA	0	0
1	TCATCA.ACAAGA	0	0
1	TCATGC.TGATAA	0	0
1	TCATGT.GGCGAA	0	0
1	TCATGT.TAAACA	0	0
1	TCATTA.TAAGCA	0	0
1	TCCAGT.AAAGCA	0	0
1	TCCATA.GAATAA	0	0
1	TCCATT.ATACCA	0	0
1	TCCCAC.AACAGA	0	0
1	TCCCTG.ACAAGA	0	0
1	TCCGCT.AAAACA	0	0
1	TCCTAT.TCTGAA	0	0
1	TCCTCT.ACTTCA	0	0
1	TCCTCT.TATGCA	0	0
1	TCCTCT.TTAACA	0	0
1	TCCTGA.CAAAGA	0	0
1	TCCTGG.TTTAAA	0	0
1	TCCTTA.ACGTAA	0	0
1	TCCTTC.TGGACA	0	0
1	TCGAGC.TCCGAA	0	0
1	TCGCAA.AGTTCA	0	0
1	TCGCGG.TGATAA	0	0
1	TCGGTA.ACAACA	0	0
1	TCGGTA.TAGCCA	0	0
1	TCGTAG.GCAACA	0	0
1	TCGTTC.TCATCA	0	0
1	TCTAAA.CCGAAA	0	0
1	TCTAAG.CACTAA	0	0
1	TCTACA.ACAGCA	0	0
1	TCTACT.GCACCA	0	0
1	TCTAGA.AATTCA	0	0
1	TCTATC.CATAGA	0	0
1	TCTATG.CCAAGA	0	0
1	TCTCGT.TTAAAA	0	0
1	TCTCTG.ATTTAA	0	0
1	TCTGCA.CAGGAA	0	0
1	TCTTAT.ACAGAA	0	0
1	TCTTCA.GTTGAA	0	0
1	TCTTCC.CAGCAA	0	0
1	TCTTCT.GTCTAA	0	0
1	TCTTGC.ACTGCA	0	0
1	TCTTGC.TGCGAA	0	0
1	TCTTTA.CAACCA	0	0
1	TCTTTG.AATTCA	0	0
1	TCTTTT.ACTGCA	0	0
1	TCTTTT.CAAGAA	0	0
1	TGAAAA.ATGACA	0	0
1	TGAAAC.ATCTCA	0	0
1	TGAAAC.GCTCAA	0	0
1	TGAACT.TACTAA	0	0
1	TGAAGA.CAACCA	0	0
1	TGAAGA.CTTAAA	0	0
1	TGAAGA.GAGCAA	0	0
1	TGAATA.ACCAAA	0	0
1	TGAATT.CTTGAA	0	0
1	TGAATT.TCGTAA	0	0
1	TGACAA.GATCCA	0	0
1	TGACAG.CAAACA	0	0
1	TGACAT.ACACCA	0	0
1	TGACCA.ATGGAA	0	0
1	TGACGG.GTAAAA	0	0
1	TGAGAG.TAATAA	0	0
1	TGAGAT.TCTCAA	0	0
1	TGAGCT.GTAGCA	0	0
1	TGAGGA.TATTAA	0	0
1	TGAGTA.CAACCA	0	0
1	TGATCC.TTGCAA	0	0
1	TGATCG.GCCCCA	0	0
1	TGATGA.CCTGAA	0	0
1	TGATTC.TAAGAA	0	0
1	TGATTC.TTAAAA	0	0
1	TGATTG.ATCACA	0	0
1	TGCAAC.AAGCCA	0	0
1	TGCACT.TGGAAA	0	0
1	TGCATG.ATAGCA	0	0
1	TGCCAT.GCTAAA	0	0
1	TGCCTC.TCTACA	0	0
1	TGCTCT.TAATAA	0	0
1	TGGAAA.TGTGAA	0	0
1	TGGAGT.TTAACA	0	0
1	TGGAGT.TTTCAA	0	0
1	TGGATC.CGGACA	0	0
1	TGGCAG.TTCCAA	0	0
1	TGGCTT.ATCTAA	0	0
1	TGGGCT.TTATAA	0	0
1	TGGTAA.CCTAAA	0	0
1	TGGTTA.TTTAAA	0	0
1	TGGTTC.TATAAA	0	0
1	TGTACA.TCTAAA	0	0
1	TGTACA.TGAACA	0	0
1	TGTCAG.GCGTAA	0	0
1	TGTCAT.TCTAAA	0	0
1	TGTCCG.TTAAAA	0	0
1	TGTCCT.GTTGAA	0	0
1	TGTCTG.AGCAAA	0	0
1	TGTCTG.GTGGAA	0	0
1	TGTGCA.AATGAA	0	0
1	TGTGGC.GCTAAA	0	0
1	TGTGTC.GTAACA	0	0
1	TGTGTT.ATCAAA	0	0
1	TGTGTT.TAGTAA	0	0
1	TGTTAA.AACTAA	0	0
1	TGTTAC.ACAGAA	0	0
1	TGTTAC.CGTGAA	0	0
1	TGTTCG.ATTCAA	0	0
1	TGTTGA.ACTAAA	0	0
1	TGTTGT.CAACAA	0	0
1	TGTTTT.CTTCAA	0	0
1	TTAATA.TAAAAA	0	0
1	TTACAA.AGAAAA	0	0
1	TTACAA.ATTAAA	0	0
1	TTACAA.CTTAAA	0	0
1	TTACAC.AGTAAA	0	0
1	TTACAG.GTATAA	0	0
1	TTAGAC.TACGAA	0	0
1	TTAGGC.TGACAA	0	0
1	TTAGTA.GCATAA	0	0
1	TTATAA.TATCAA	0	0
1	TTATCA.TACCAA	0	0
1	TTATGT.TTTAAA	0	0
1	TTCACA.TCAAAA	0	0
1	TTCATA.AAAAAA	0	0
1	TTCATA.CCACAA	0	0
1	TTCTTT.TAGAAA	0	0
1	TTGAAG.TGTCAA	0	0
1	TTGCGT.ACCAAA	0	0
1	TTGGTA.GTTAAA	0	0
1	TTGGTG.AGAAAA	0	0
1	TTGTAA.TACAAA	0	0
1	TTGTGA.TTAAAA	0	0
1	TTGTTC.GACAAA	0	0
1	TTTGTT.AGAAAA	0	0
