genome	AAAAAA.ACAGTG	0	0
genome	AAAAAA.GAACAA	0	0
genome	AAAAAA.GTGCCT	0	0
genome	AAAAAC.AAATTA	0	0
genome	AAAAAC.ATTGTG	0	0
genome	AAAAAC.TTAGAA	0	0
genome	AAAAAG.ACAAAA	0	0
genome	AAAAAG.CATTTT	0	0
genome	AAAAAG.TGCCTG	0	0
genome	AAAAAT.TCTCTG	0	0
genome	AAAACA.TAAGGC	0	0
genome	AAAACA.TACAAT	0	0
genome	AAAACA.TCCCAC	0	0
genome	AAAACA.TCTACA	0	0
genome	AAAACC.ACAGGG	0	0
genome	AAAACC.ACTTCT	0	0
genome	AAAACC.AGCAAG	0	0
genome	AAAACC.ATCATA	0	0
genome	AAAACC.GCTACT	0	0
genome	AAAACC.TCTTTA	0	0
genome	AAAACC.TTGCTA	0	0
genome	AAAACG.CAATTC	0	0
genome	AAAACT.AAAACA	0	0
genome	AAAACT.AGAGTA	0	0
genome	AAAACT.GGATCA	0	0
genome	AAAAGA.ATGCTC	0	0
genome	AAAAGG.CAAAAA	0	0
genome	AAAAGT.ACCTTT	0	0
genome	AAAAGT.CATTAA	0	0
genome	AAAAGT.TTCCAG	0	0
genome	AAAATA.ATGTGT	0	0
genome	AAAATA.GTGTGA	0	0
genome	AAAATC.CCCGTC	0	0
genome	AAAATC.TCTGGT	0	0
genome	AAAATC.TTAATT	0	0
genome	AAAATG.AGACAT	0	0
genome	AAAATG.CTTAAA	0	0
genome	AAAATT.ATTGCC	0	0
genome	AAAATT.TGTGCG	0	0
genome	AAAATT.TTGATG	0	0
genome	AAACAA.AAAAAC	0	0
genome	AAACAA.AACAGC	0	0
genome	AAACAA.AGAGTT	0	0
genome	AAACAA.ATTACC	0	0
genome	AAACAA.CTTTGT	0	0
genome	AAACAA.TATCTG	0	0
genome	AAACAC.CAAAAA	0	0
genome	AAACAC.CAAGAA	0	0
genome	AAACAC.CACAGA	0	0
genome	AAACAC.TCTATC	0	0
genome	AAACAC.TGAAGA	0	0
genome	AAACAC.TTAATA	0	0
genome	AAACAG.AAGAAG	0	0
genome	AAACAG.ACAAGC	0	0
genome	AAACAG.AGCAAG	0	0
genome	AAACAG.TTCATC	0	0
genome	AAACAT.GCAGTG	0	0
genome	AAACAT.TTAGGG	0	0
genome	AAACCA.ACAAAC	0	0
genome	AAACCA.GCGAAC	0	0
genome	AAACCA.TACCAG	0	0
genome	AAACCA.TCTCTG	0	0
genome	AAACCC.CACCTT	0	0
genome	AAACCC.GGAGTC	0	0
genome	AAACCC.TCCTTG	0	0
genome	AAACCT.GGGGCC	0	0
genome	AAACCT.TAAGCC	0	0
genome	AAACGA.TTTGAT	0	0
genome	AAACTA.ACAAAT	0	0
genome	AAACTA.GATCAG	0	0
genome	AAACTG.CCTACT	0	0
genome	AAACTG.CTATTG	0	0
genome	AAACTG.TAAATA	0	0
genome	AAACTT.TTGGGT	0	0
genome	AAAGAA.ACTGTT	0	0
genome	AAAGAA.ATGTAC	0	0
genome	AAAGAA.CAATGA	0	0
genome	AAAGAA.GATAGG	0	0
genome	AAAGAA.GTGTCC	0	0
genome	AAAGAA.TTATCT	0	0
genome	AAAGAG.CACCAC	0	0
genome	AAAGAT.ACATTG	0	0
genome	AAAGAT.CAAATT	0	0
genome	AAAGAT.GCTGAG	0	0
genome	AAAGAT.GCTGCA	0	0
genome	AAAGAT.TAATTC	0	0
genome	AAAGAT.TTAGTT	0	0
genome	AAAGCA.GTAAAG	0	0
genome	AAAGCA.TCGTGG	0	0
genome	AAAGCA.TTTTAT	0	0
genome	AAAGCC.AAAAAC	0	0
genome	AAAGCC.TGGTCA	0	0
genome	AAAGCT.GAAACA	0	0
genome	AAAGCT.GCTCTT	0	0
genome	AAAGCT.TTACAA	0	0
genome	AAAGGA.TTCCTT	0	0
genome	AAAGGC.CATTTG	0	0
genome	AAAGGC.TAGCAT	0	0
genome	AAAGGC.TTTTGC	0	0
genome	AAAGGT.AAACCA	0	0
genome	AAAGGT.AACAGG	0	0
genome	AAAGGT.AGATGG	0	0
genome	AAAGGT.ATTCCT	0	0
genome	AAAGGT.CTGATT	0	0
genome	AAAGGT.TACTCT	0	0
genome	AAAGGT.TATACC	0	0
genome	AAAGTA.ATCTTC	0	0
genome	AAAGTA.TGTTGT	0	0
genome	AAAGTA.TTATCA	0	0
genome	AAAGTC.AGTTGT	0	0
genome	AAAGTG.ACATCA	0	0
genome	AAAGTG.CAACAG	0	0
genome	AAAGTG.CTTTTA	0	0
genome	AAAGTT.GATGGA	0	0
genome	AAAGTT.GTTGGT	0	0
genome	AAAGTT.TTACCA	0	0
genome	AAAGTT.TTGAAC	0	0
genome	AAATAA.CATGCA	0	0
genome	AAATAA.GCTACT	0	0
genome	AAATAA.GGACAC	0	0
genome	AAATAA.TTTTTG	0	0
genome	AAATAC.TGGTGT	0	0
genome	AAATAC.TGTGAT	0	0
genome	AAATAG.CATACA	0	0
genome	AAATAT.ATATTA	0	0
genome	AAATAT.TAGTAC	0	0
genome	AAATCA.AACCCT	0	0
genome	AAATCA.TTTCCA	0	0
genome	AAATCT.AATTCT	0	0
genome	AAATCT.CAGCAG	0	0
genome	AAATCT.TATGAC	0	0
genome	AAATCT.TATTAT	0	0
genome	AAATGA.ATCCTT	0	0
genome	AAATGA.TTATCA	0	0
genome	AAATGC.CGTAAT	0	0
genome	AAATGC.TTTTTA	0	0
genome	AAATGG.ATATTA	0	0
genome	AAATGG.CAGATA	0	0
genome	AAATGG.GAATTG	0	0
genome	AAATGG.GATGTG	0	0
genome	AAATGT.CTGCAA	0	0
genome	AAATGT.TGGTAA	0	0
genome	AAATTA.AGAAGA	0	0
genome	AAATTA.TGAAAT	0	0
genome	AAATTC.CAAGTG	0	0
genome	AAATTC.CAGTGC	0	0
genome	AAATTC.CTCGAG	0	0
genome	AAATTC.TCTTCT	0	0
genome	AAATTG.CGGTGG	0	0
genome	AAATTG.GCAATT	0	0
genome	AAATTG.GTAGTC	0	0
genome	AAATTG.TCTCCA	0	0
genome	AAATTG.TGATGA	0	0
genome	AAATTG.TGGGTG	0	0
genome	AAATTT.ACAATT	0	0
genome	AAATTT.ATATTA	0	0
genome	AAATTT.GACATT	0	0
genome	AAATTT.GGGGAC	0	0
genome	AAATTT.TGGGTA	0	0
genome	AAATTT.TTATCA	0	0
genome	AACAAA.AATACC	0	0
genome	AACAAA.ACGGCA	0	0
genome	AACAAA.CCAAGG	0	0
genome	AACAAA.CCTTAC	0	0
genome	AACAAA.CTTGGC	0	0
genome	AACAAA.GCTAGC	0	0
genome	AACAAA.TAAAAT	0	0
genome	AACAAA.TTGCAC	0	0
genome	AACAAC.ACTGTT	0	0
genome	AACAAC.AGGCCA	0	0
genome	AACAAC.ATGTGT	0	0
genome	AACAAC.CCGGAT	0	0
genome	AACAAC.CTGTTG	0	0
genome	AACAAC.TCTGTG	0	0
genome	AACAAG.GAAGTG	0	0
genome	AACAAG.TGATAA	0	0
genome	AACAAT.CTGCAA	0	0
genome	AACAAT.TGTGAT	0	0
genome	AACAAT.TTGATG	0	0
genome	AACACA.ACACTT	0	0
genome	AACACA.ACCATT	0	0
genome	AACACA.TGACTA	0	0
genome	AACACC.ACCTTG	0	0
genome	AACACC.GGTTGC	0	0
genome	AACACC.TCATTA	0	0
genome	AACACC.TCTTGA	0	0
genome	AACACC.TTACGG	0	0
genome	AACACG.AAATTA	0	0
genome	AACACG.ACAGAA	0	0
genome	AACACT.AATATC	0	0
genome	AACACT.TCCTTA	0	0
genome	AACAGA.CCTAAA	0	0
genome	AACAGA.GAAGTT	0	0
genome	AACAGA.GCAAAT	0	0
genome	AACAGA.GCGCAA	0	0
genome	AACAGA.GCTGAT	0	0
genome	AACAGA.TTGTTA	0	0
genome	AACAGC.TTAAGG	0	0
genome	AACAGG.TGATGA	0	0
genome	AACAGT.CAAGAA	0	0
genome	AACAGT.GACAAC	0	0
genome	AACATA.AATGTT	0	0
genome	AACATA.GGATTA	0	0
genome	AACATA.TGACTT	0	0
genome	AACATC.AATTCG	0	0
genome	AACATC.GGTGAT	0	0
genome	AACATC.TTGCAA	0	0
genome	AACATG.TCTTGT	0	0
genome	AACATG.TTAGAA	0	0
genome	AACATT.ACTGTA	0	0
genome	AACATT.CCACCA	0	0
genome	AACATT.GGGAGG	0	0
genome	AACATT.TAACTG	0	0
genome	AACATT.TTAGTA	0	0
genome	AACCAA.CAACTT	0	0
genome	AACCAC.CCAGGT	0	0
genome	AACCAC.CGAACA	0	0
genome	AACCAC.TAACTG	0	0
genome	AACCAC.TTCCCG	0	0
genome	AACCAG.AAATAA	0	0
genome	AACCAG.ACTCAA	0	0
genome	AACCAG.CAAGTT	0	0
genome	AACCAG.CTCATC	0	0
genome	AACCCA.GAGTCA	0	0
genome	AACCCA.TGATTA	0	0
genome	AACCCT.AAAAAG	0	0
genome	AACCCT.AGTTGA	0	0
genome	AACCGA.GACGAC	0	0
genome	AACCGC.GCTTTA	0	0
genome	AACCTA.TGTACT	0	0
genome	AACCTC.TCAGGA	0	0
genome	AACCTC.TTGAGG	0	0
genome	AACCTG.AGCATT	0	0
genome	AACCTT.AACACC	0	0
genome	AACCTT.AGCTTA	0	0
genome	AACCTT.TTGAAA	0	0
genome	AACGAC.GTAATT	0	0
genome	AACGAG.TGAAAC	0	0
genome	AACGAT.TAAATG	0	0
genome	AACGCT.AAAGCT	0	0
genome	AACGTA.CAATGG	0	0
genome	AACGTC.TTCTGT	0	0
genome	AACTAA.ATTCTT	0	0
genome	AACTAA.CAGACA	0	0
genome	AACTAA.TAATCA	0	0
genome	AACTAC.TCATCA	0	0
genome	AACTAG.ATCAGT	0	0
genome	AACTAT.GCTTTA	0	0
genome	AACTAT.TTAGTA	0	0
genome	AACTCA.GACTTG	0	0
genome	AACTCA.TTTCCA	0	0
genome	AACTCC.CGAACC	0	0
genome	AACTCC.GATGAA	0	0
genome	AACTGA.GGAGCC	0	0
genome	AACTGC.CCTGCC	0	0
genome	AACTGC.TTTGGC	0	0
genome	AACTGG.ACTTCA	0	0
genome	AACTGG.CCAGAA	0	0
genome	AACTGT.AAAGGT	0	0
genome	AACTGT.ACTCTT	0	0
genome	AACTGT.CATACA	0	0
genome	AACTGT.TAGGCA	0	0
genome	AACTTA.AAATTA	0	0
genome	AACTTA.TGACAA	0	0
genome	AACTTA.TTTACT	0	0
genome	AACTTA.TTTCTT	0	0
genome	AACTTC.GCACTA	0	0
genome	AACTTC.TCTTTA	0	0
genome	AACTTC.TGCTGA	0	0
genome	AACTTC.TGGCAG	0	0
genome	AACTTG.TAATTC	0	0
genome	AACTTG.TGTTGT	0	0
genome	AACTTT.AAGCAA	0	0
genome	AACTTT.ATTGGT	0	0
genome	AACTTT.CTTGCT	0	0
genome	AACTTT.GCCCTC	0	0
genome	AACTTT.TATTGC	0	0
genome	AACTTT.TCAGGG	0	0
genome	AACTTT.TTAAGA	0	0
genome	AAGAAA.AATTTA	0	0
genome	AAGAAA.ACAATT	0	0
genome	AAGAAA.CAGTTA	0	0
genome	AAGAAA.GAGCTA	0	0
genome	AAGAAA.TGTGCC	0	0
genome	AAGAAC.TCTTTC	0	0
genome	AAGAAC.TGTCCA	0	0
genome	AAGAAG.CTCGGC	0	0
genome	AAGAAG.GTTTGA	0	0
genome	AAGAAG.TAAAAA	0	0
genome	AAGAAG.TAACAT	0	0
genome	AAGAAG.TCAAAT	0	0
genome	AAGAAT.TCAAGT	0	0
genome	AAGACA.CAGCAT	0	0
genome	AAGACA.CTTTTC	0	0
genome	AAGACA.TTTAAA	0	0
genome	AAGACC.TTAAGT	0	0
genome	AAGACT.AAGCTT	0	0
genome	AAGAGA.AGGTAC	0	0
genome	AAGAGA.TGTCAT	0	0
genome	AAGAGC.ACCACA	0	0
genome	AAGAGG.TAGCCA	0	0
genome	AAGAGT.ATTTTG	0	0
genome	AAGAGT.GAATGT	0	0
genome	AAGATA.AGAAAA	0	0
genome	AAGATA.TACTGA	0	0
genome	AAGATG.ATGGAA	0	0
genome	AAGATG.TAAGAA	0	0
genome	AAGATG.TCCATA	0	0
genome	AAGATT.TACAAA	0	0
genome	AAGATT.TCAAAG	0	0
genome	AAGATT.TGTCCG	0	0
genome	AAGCAA.GTGAAA	0	0
genome	AAGCAG.GTTACG	0	0
genome	AAGCAG.TGGTAC	0	0
genome	AAGCAT.CAGCCG	0	0
genome	AAGCAT.GAGATA	0	0
genome	AAGCAT.TTAGGC	0	0
genome	AAGCCA.ATTCAT	0	0
genome	AAGCCA.TAATTC	0	0
genome	AAGCCA.TTCCAT	0	0
genome	AAGCCA.TTTAAA	0	0
genome	AAGCCC.TTAATA	0	0
genome	AAGCCT.ACCGCA	0	0
genome	AAGCCT.ACTCCC	0	0
genome	AAGCCT.ATTATT	0	0
genome	AAGCCT.TTCTCG	0	0
genome	AAGCTA.TCTTAA	0	0
genome	AAGCTA.TGAGGA	0	0
genome	AAGCTG.ACTTGC	0	0
genome	AAGCTG.ATTATT	0	0
genome	AAGCTT.ATGCAC	0	0
genome	AAGCTT.GATAAT	0	0
genome	AAGGAA.ACAAGT	0	0
genome	AAGGAA.TGATTA	0	0
genome	AAGGAC.GGTTTG	0	0
genome	AAGGAC.TTCTAA	0	0
genome	AAGGAT.ACAGCT	0	0
genome	AAGGAT.ATAAAC	0	0
genome	AAGGAT.CTACTC	0	0
genome	AAGGCA.TTTGAT	0	0
genome	AAGGCC.GCAGCA	0	0
genome	AAGGCC.TTAAAC	0	0
genome	AAGGCT.ATGAAA	0	0
genome	AAGGCT.CTGCAA	0	0
genome	AAGGGA.ACTTTG	0	0
genome	AAGGGA.CTAAAC	0	0
genome	AAGGGG.TTCAAG	0	0
genome	AAGGTA.ACAATA	0	0
genome	AAGGTA.CTGAAC	0	0
genome	AAGGTC.ATAAGA	0	0
genome	AAGGTC.TTAATG	0	0
genome	AAGGTG.AATAAA	0	0
genome	AAGGTT.ATACCT	0	0
genome	AAGGTT.ATTGCC	0	0
genome	AAGGTT.CCCTGT	0	0
genome	AAGGTT.CGAAGG	0	0
genome	AAGTAC.AGTTTC	0	0
genome	AAGTAG.ACCTGA	0	0
genome	AAGTAG.AGTAAG	0	0
genome	AAGTAG.TCTTCA	0	0
genome	AAGTAG.TGAGCC	0	0
genome	AAGTCA.ATGCAA	0	0
genome	AAGTCA.CTAATT	0	0
genome	AAGTCA.TAACTG	0	0
genome	AAGTCA.TAAGAG	0	0
genome	AAGTCA.TGTACT	0	0
genome	AAGTCA.TGTCAA	0	0
genome	AAGTCC.GAGTTG	0	0
genome	AAGTGA.AACAGA	0	0
genome	AAGTGA.ACACTT	0	0
genome	AAGTGA.GCCATA	0	0
genome	AAGTGA.GTAACT	0	0
genome	AAGTGC.CCTACA	0	0
genome	AAGTGC.TTTTAC	0	0
genome	AAGTGG.AATACC	0	0
genome	AAGTGG.TAAGCA	0	0
genome	AAGTGG.TGGTAG	0	0
genome	AAGTGT.TTGATA	0	0
genome	AAGTTA.ACTTGT	0	0
genome	AAGTTA.AGTTCC	0	0
genome	AAGTTC.CCTACT	0	0
genome	AAGTTG.AAACAT	0	0
genome	AAGTTT.TCATAG	0	0
genome	AAGTTT.TTATGG	0	0
genome	AATAAA.ACAGCT	0	0
genome	AATAAA.ACCATC	0	0
genome	AATAAA.CACTAC	0	0
genome	AATAAA.GACCTC	0	0
genome	AATAAA.TCTAGC	0	0
genome	AATAAA.TTTTGG	0	0
genome	AATAAG.GGCTGG	0	0
genome	AATAAT.GCGATC	0	0
genome	AATAAT.GTTTAA	0	0
genome	AATACA.ATCATG	0	0
genome	AATACA.TTCAGT	0	0
genome	AATACA.TTGAAT	0	0
genome	AATACC.ATAGCA	0	0
genome	AATACC.ATTGGC	0	0
genome	AATACC.GTGGCT	0	0
genome	AATACC.TTTGCT	0	0
genome	AATACG.ATCACC	0	0
genome	AATACT.CAAAAA	0	0
genome	AATAGA.GTGAAT	0	0
genome	AATAGA.TTATTA	0	0
genome	AATAGG.CAATAC	0	0
genome	AATAGT.AAATTG	0	0
genome	AATAGT.ACTTTG	0	0
genome	AATAGT.GTAACA	0	0
genome	AATAGT.TGAACA	0	0
genome	AATATC.TATAAT	0	0
genome	AATATG.TTATTC	0	0
genome	AATCAA.CACACC	0	0
genome	AATCAA.GACACA	0	0
genome	AATCAA.GACGGG	0	0
genome	AATCAA.GATATG	0	0
genome	AATCAA.GATGCT	0	0
genome	AATCAA.GGTACA	0	0
genome	AATCAA.TCCAAT	0	0
genome	AATCAC.AATCAA	0	0
genome	AATCAC.TTTTGA	0	0
genome	AATCAG.ATGTAA	0	0
genome	AATCAT.ACAACT	0	0
genome	AATCAT.ATCTAA	0	0
genome	AATCAT.CAAATC	0	0
genome	AATCAT.TTCAGT	0	0
genome	AATCCA.GTAAGG	0	0
genome	AATCGA.AAGCAG	0	0
genome	AATCTA.ACAACT	0	0
genome	AATCTA.CAATGG	0	0
genome	AATCTA.TCAACC	0	0
genome	AATCTA.TTGTAA	0	0
genome	AATCTG.AGGAGT	0	0
genome	AATCTG.AGTAAA	0	0
genome	AATCTG.CATGGC	0	0
genome	AATCTG.CTTGAA	0	0
genome	AATCTG.TAGTCA	0	0
genome	AATCTG.TGCTGA	0	0
genome	AATGAA.CACACA	0	0
genome	AATGAA.CTCTTG	0	0
genome	AATGAA.TAGCTG	0	0
genome	AATGAT.GATTGA	0	0
genome	AATGAT.TTTGTC	0	0
genome	AATGCA.CCCGCA	0	0
genome	AATGCA.TGCCTG	0	0
genome	AATGCC.AGTGGT	0	0
genome	AATGCT.AGGTGT	0	0
genome	AATGCT.GACAAC	0	0
genome	AATGCT.TTGTTA	0	0
genome	AATGGA.GTACCA	0	0
genome	AATGGC.ACAAAT	0	0
genome	AATGGC.ATCTCT	0	0
genome	AATGGC.GACCTC	0	0
genome	AATGGC.TACATT	0	0
genome	AATGGT.TACGTA	0	0
genome	AATGGT.TGAATG	0	0
genome	AATGGT.TTAGAA	0	0
genome	AATGGT.TTGAAG	0	0
genome	AATGTA.AAGGCA	0	0
genome	AATGTA.ATTGTA	0	0
genome	AATGTA.TAGAAG	0	0
genome	AATGTA.TTTACA	0	0
genome	AATGTC.TGACAC	0	0
genome	AATGTG.CTTTCA	0	0
genome	AATGTG.TAGGAT	0	0
genome	AATGTG.TATGAG	0	0
genome	AATGTT.AATTCA	0	0
genome	AATGTT.CACTAT	0	0
genome	AATTAA.CTTGTA	0	0
genome	AATTAG.TATGGA	0	0
genome	AATTAG.TGAAGA	0	0
genome	AATTAT.TAGAGT	0	0
genome	AATTAT.TTGGCA	0	0
genome	AATTCA.AAGGTG	0	0
genome	AATTCA.AGATGG	0	0
genome	AATTCA.ATACTG	0	0
genome	AATTCA.TTGTCT	0	0
genome	AATTCA.TTTGAA	0	0
genome	AATTCC.TCTAGT	0	0
genome	AATTCT.AGTGCC	0	0
genome	AATTGA.CTTGTA	0	0
genome	AATTGA.TGCTAA	0	0
genome	AATTGA.TTCTGG	0	0
genome	AATTGA.TTGAGT	0	0
genome	AATTGC.GTTTTA	0	0
genome	AATTGT.ACACAT	0	0
genome	AATTGT.ACATGC	0	0
genome	AATTGT.AGTAAC	0	0
genome	AATTGT.CATTCA	0	0
genome	AATTGT.TACATA	0	0
genome	AATTTA.AAAACA	0	0
genome	AATTTA.ATGATG	0	0
genome	AATTTG.ACATGT	0	0
genome	AATTTG.ACATTC	0	0
genome	AATTTG.ATGCAT	0	0
genome	AATTTG.GGCCAA	0	0
genome	AATTTG.TCATCT	0	0
genome	AATTTG.TTTTTA	0	0
genome	AATTTT.AAGGTC	0	0
genome	AATTTT.CCAATA	0	0
genome	AATTTT.CTCTGG	0	0
genome	AATTTT.TTACCA	0	0
genome	ACAAAA.ACATAC	0	0
genome	ACAAAA.AGGCCA	0	0
genome	ACAAAA.ATCGCT	0	0
genome	ACAAAA.ATTCCC	0	0
genome	ACAAAA.CAACAA	0	0
genome	ACAAAA.CACTTG	0	0
genome	ACAAAA.TTGGAT	0	0
genome	ACAAAC.CAAGGA	0	0
genome	ACAAAC.TAAAAT	0	0
genome	ACAAAC.TCTATC	0	0
genome	ACAAAG.AACCAT	0	0
genome	ACAAAG.CTTACA	0	0
genome	ACAAAT.AAAGAC	0	0
genome	ACAAAT.AGCTCA	0	0
genome	ACAAAT.ATTACT	0	0
genome	ACAAAT.GTTTCA	0	0
genome	ACAACA.CAGACA	0	0
genome	ACAACA.CATCAC	0	0
genome	ACAACA.GAACGT	0	0
genome	ACAACA.GGTGAA	0	0
genome	ACAACC.TCAACT	0	0
genome	ACAACG.CGGCCC	0	0
genome	ACAACT.AGAGTA	0	0
genome	ACAACT.CTCCTG	0	0
genome	ACAACT.GCGTGT	0	0
genome	ACAAGA.AAGCCA	0	0
genome	ACAAGA.ATTTCA	0	0
genome	ACAAGA.CACTAT	0	0
genome	ACAAGG.AGATGG	0	0
genome	ACAAGG.CAAACT	0	0
genome	ACAAGG.CACCAA	0	0
genome	ACAAGG.TATTGA	0	0
genome	ACAAGG.TCTCCA	0	0
genome	ACAAGT.TGCCTA	0	0
genome	ACAATC.ATGAGC	0	0
genome	ACAATC.TTTTTA	0	0
genome	ACAATG.AACTAA	0	0
genome	ACAATG.TAGGGA	0	0
genome	ACAATT.AAGACA	0	0
genome	ACAATT.ATTGCC	0	0
genome	ACAATT.TGTGAT	0	0
genome	ACACAA.CCCCAA	0	0
genome	ACACAA.GCAGAT	0	0
genome	ACACAA.TAATTC	0	0
genome	ACACAA.TAGGTA	0	0
genome	ACACAC.CTGGTA	0	0
genome	ACACAC.TCCAAC	0	0
genome	ACACAG.CGAACT	0	0
genome	ACACAT.GCTTAA	0	0
genome	ACACCA.CTGTGA	0	0
genome	ACACCA.CTTCTG	0	0
genome	ACACCA.TACGGG	0	0
genome	ACACCA.TAGTGG	0	0
genome	ACACCA.TGTCTG	0	0
genome	ACACCC.TAAGGG	0	0
genome	ACACCT.ATAATA	0	0
genome	ACACCT.ATACCA	0	0
genome	ACACCT.TAGAAA	0	0
genome	ACACCT.TATGGT	0	0
genome	ACACGA.CAGCCT	0	0
genome	ACACGA.TAACTC	0	0
genome	ACACGC.TATTAA	0	0
genome	ACACGG.TCATCA	0	0
genome	ACACGT.TCTTTA	0	0
genome	ACACTA.ACACCC	0	0
genome	ACACTA.TAACAG	0	0
genome	ACACTA.TGATGC	0	0
genome	ACACTA.TTGCAA	0	0
genome	ACACTC.ATCGTA	0	0
genome	ACACTC.TAAAGT	0	0
genome	ACACTC.TTAGCT	0	0
genome	ACACTC.TTTATA	0	0
genome	ACACTG.TTAAAG	0	0
genome	ACACTT.AAGGTA	0	0
genome	ACACTT.TGCCTG	0	0
genome	ACAGAA.GCCGCT	0	0
genome	ACAGAA.TTGTTA	0	0
genome	ACAGAG.CTAAAA	0	0
genome	ACAGCA.GAAGTG	0	0
genome	ACAGCA.TTAAAA	0	0
genome	ACAGCC.GCCCCT	0	0
genome	ACAGCT.TTCTCC	0	0
genome	ACAGGA.TCAACA	0	0
genome	ACAGGG.AATTTC	0	0
genome	ACAGTA.GCTAAG	0	0
genome	ACAGTC.TTTACT	0	0
genome	ACAGTT.AAGAAA	0	0
genome	ACAGTT.AATTAT	0	0
genome	ACAGTT.CACAAT	0	0
genome	ACATAA.AAGCTG	0	0
genome	ACATAA.AATGGT	0	0
genome	ACATAA.CAGCCA	0	0
genome	ACATAA.GAATAG	0	0
genome	ACATAC.ATGCTA	0	0
genome	ACATAC.GATTAA	0	0
genome	ACATAC.TGGCAT	0	0
genome	ACATAG.AATAAT	0	0
genome	ACATAG.ACAAGT	0	0
genome	ACATAG.TACTAA	0	0
genome	ACATAT.GTTGAT	0	0
genome	ACATCA.AAACCT	0	0
genome	ACATGC.TTCCAC	0	0
genome	ACATGG.AAGGAA	0	0
genome	ACATGG.TTAAAT	0	0
genome	ACATGT.CAACAC	0	0
genome	ACATGT.CAGCCC	0	0
genome	ACATGT.TCTGGG	0	0
genome	ACATGT.TTTTTA	0	0
genome	ACATTA.AACCTG	0	0
genome	ACATTA.AGGTGG	0	0
genome	ACATTA.TAGAGT	0	0
genome	ACATTA.TGGCAA	0	0
genome	ACATTC.TACGTG	0	0
genome	ACATTG.CAAAAG	0	0
genome	ACCAAA.ACCTGG	0	0
genome	ACCAAA.GATTCT	0	0
genome	ACCAAA.GTAATG	0	0
genome	ACCAAC.CAAACT	0	0
genome	ACCAAT.AAAGAT	0	0
genome	ACCAAT.ACTAAT	0	0
genome	ACCAAT.GAAAAA	0	0
genome	ACCAAT.GGTATG	0	0
genome	ACCAAT.GTACTA	0	0
genome	ACCAAT.TCGTGA	0	0
genome	ACCAAT.TGGTAG	0	0
genome	ACCACA.AAAACT	0	0
genome	ACCACA.GTACAA	0	0
genome	ACCACC.ATCTGG	0	0
genome	ACCACC.CCTGGA	0	0
genome	ACCACG.GAACAA	0	0
genome	ACCAGA.ACAAAT	0	0
genome	ACCAGA.ATTTTG	0	0
genome	ACCAGC.TTTTTA	0	0
genome	ACCAGG.ACAAGG	0	0
genome	ACCAGT.TCTGTA	0	0
genome	ACCAGT.TGTGCC	0	0
genome	ACCAGT.TGTGTA	0	0
genome	ACCATA.AGAGTA	0	0
genome	ACCATC.GTGAAT	0	0
genome	ACCATT.AAGTTG	0	0
genome	ACCATT.ACTTGA	0	0
genome	ACCATT.AGATCT	0	0
genome	ACCATT.TAACAA	0	0
genome	ACCATT.TTCACT	0	0
genome	ACCCAC.TTAAGT	0	0
genome	ACCCAT.CTTCAG	0	0
genome	ACCCGC.AAGAAG	0	0
genome	ACCCTA.ACATTC	0	0
genome	ACCCTC.AGATGA	0	0
genome	ACCCTG.ATGGAA	0	0
genome	ACCCTG.GGGAGA	0	0
genome	ACCCTG.TATGCA	0	0
genome	ACCCTT.TAAAAC	0	0
genome	ACCGAG.CCACGC	0	0
genome	ACCTAA.TCAACA	0	0
genome	ACCTAA.TCACCT	0	0
genome	ACCTAC.TTGAAG	0	0
genome	ACCTAT.GGCAAA	0	0
genome	ACCTCT.ACAACA	0	0
genome	ACCTCT.TTTAGG	0	0
genome	ACCTGA.CATAGT	0	0
genome	ACCTGA.CGCACC	0	0
genome	ACCTGA.TTACTG	0	0
genome	ACCTGC.CATTAA	0	0
genome	ACCTGC.TCAAGA	0	0
genome	ACCTGT.TAGGTC	0	0
genome	ACCTGT.TCTTCC	0	0
genome	ACCTTA.TAAAGG	0	0
genome	ACCTTC.AGGTAG	0	0
genome	ACCTTC.CTTGCC	0	0
genome	ACCTTC.GAACCT	0	0
genome	ACCTTC.GGAACG	0	0
genome	ACCTTG.AGGAAA	0	0
genome	ACCTTG.GGCCGA	0	0
genome	ACCTTG.TCTTCT	0	0
genome	ACCTTT.TCAAAG	0	0
genome	ACGAAA.CGTAAG	0	0
genome	ACGAAT.AGTAAA	0	0
genome	ACGACA.CAGATA	0	0
genome	ACGAGC.CGTGCA	0	0
genome	ACGATA.TAGTCA	0	0
genome	ACGATC.AGTGTA	0	0
genome	ACGCAA.ATAATA	0	0
genome	ACGCAA.CTTCGA	0	0
genome	ACGCAA.TGGATA	0	0
genome	ACGCAA.TTGTGG	0	0
genome	ACGCAT.AGTTCA	0	0
genome	ACGCGT.TACGCC	0	0
genome	ACGCTA.TAGTCG	0	0
genome	ACGCTG.CTAAAC	0	0
genome	ACGCTG.GAAGCT	0	0
genome	ACGGAC.AAACCG	0	0
genome	ACGGTG.AAGACG	0	0
genome	ACGGTT.GTGTCT	0	0
genome	ACGTAA.AGAGCA	0	0
genome	ACGTAA.CCTGCT	0	0
genome	ACGTAA.CTGGCA	0	0
genome	ACGTAA.TGATAG	0	0
genome	ACGTAC.AATGGA	0	0
genome	ACGTAG.CGCAAC	0	0
genome	ACGTAT.CAAGCA	0	0
genome	ACGTCT.TCTGTA	0	0
genome	ACGTGC.CGTACG	0	0
genome	ACGTGG.ATTTCA	0	0
genome	ACGTGG.TTTGGA	0	0
genome	ACGTGT.AAAGAA	0	0
genome	ACGTGT.TTTTCT	0	0
genome	ACGTTG.ATGGCT	0	0
genome	ACGTTT.GTGGAC	0	0
genome	ACTAAA.AACCAA	0	0
genome	ACTAAA.CATAAA	0	0
genome	ACTAAA.GAAACA	0	0
genome	ACTAAT.AATGTA	0	0
genome	ACTAAT.AGACAA	0	0
genome	ACTACA.ACAACA	0	0
genome	ACTACA.ATAAAT	0	0
genome	ACTACA.TCTTGG	0	0
genome	ACTACC.AATTTA	0	0
genome	ACTACC.ACTCAA	0	0
genome	ACTACC.AGAGTG	0	0
genome	ACTACC.TCTGTA	0	0
genome	ACTACC.TTCTGC	0	0
genome	ACTACT.ATGCTG	0	0
genome	ACTACT.CCACCC	0	0
genome	ACTACT.CTTCAG	0	0
genome	ACTAGA.GGTTCT	0	0
genome	ACTAGC.CATATA	0	0
genome	ACTAGT.AAGCTG	0	0
genome	ACTAGT.AGAAAA	0	0
genome	ACTATG.CTTTAG	0	0
genome	ACTATG.TGATGC	0	0
genome	ACTATG.TTAGAA	0	0
genome	ACTATT.TGACCA	0	0
genome	ACTCAA.AACGTC	0	0
genome	ACTCAA.AATTTG	0	0
genome	ACTCAA.ATTAAA	0	0
genome	ACTCAA.TCAGGC	0	0
genome	ACTCAC.CAGTAT	0	0
genome	ACTCAG.TTCCCA	0	0
genome	ACTCAT.CAGACC	0	0
genome	ACTCAT.TCTATG	0	0
genome	ACTCAT.TGAGAT	0	0
genome	ACTCCA.ATTCCC	0	0
genome	ACTCCA.CAAATA	0	0
genome	ACTCCC.TTCGGA	0	0
genome	ACTCCG.GTGGCC	0	0
genome	ACTCTG.ACTAAA	0	0
genome	ACTGAA.ATTAAT	0	0
genome	ACTGAA.CATGGG	0	0
genome	ACTGAA.CCTTTG	0	0
genome	ACTGAA.GTTTAC	0	0
genome	ACTGAA.TCAGAG	0	0
genome	ACTGAT.AAAGAT	0	0
genome	ACTGCC.CCTCTG	0	0
genome	ACTGGA.AAATGC	0	0
genome	ACTGGA.ACATTG	0	0
genome	ACTGGC.GTAACC	0	0
genome	ACTGGT.ATACAG	0	0
genome	ACTGGT.TAAAAG	0	0
genome	ACTGTA.ACTCGA	0	0
genome	ACTGTA.TAAACA	0	0
genome	ACTGTC.ATAGGA	0	0
genome	ACTGTG.CCTTGC	0	0
genome	ACTGTG.TATGTA	0	0
genome	ACTGTG.TCTGGG	0	0
genome	ACTGTT.ATCAGA	0	0
genome	ACTGTT.CAAACA	0	0
genome	ACTGTT.CGACTA	0	0
genome	ACTGTT.GCACAA	0	0
genome	ACTGTT.TCCGAT	0	0
genome	ACTGTT.TCTTTG	0	0
genome	ACTTAA.CGAAAT	0	0
genome	ACTTAA.GATCTA	0	0
genome	ACTTAA.GCCTTG	0	0
genome	ACTTAC.AATGAG	0	0
genome	ACTTAC.CCAAAA	0	0
genome	ACTTAC.CCGCAA	0	0
genome	ACTTAT.AATGTC	0	0
genome	ACTTAT.GATTTG	0	0
genome	ACTTAT.TCCCTG	0	0
genome	ACTTCA.GTGATG	0	0
genome	ACTTCA.TGTATA	0	0
genome	ACTTCA.TTTTAG	0	0
genome	ACTTCC.CAAGGA	0	0
genome	ACTTCC.TGGAAT	0	0
genome	ACTTCG.ATGGTG	0	0
genome	ACTTCT.CTGCTA	0	0
genome	ACTTCT.TTGCAT	0	0
genome	ACTTGC.TGTGGA	0	0
genome	ACTTGC.TTTCAC	0	0
genome	ACTTGG.TAGCAT	0	0
genome	ACTTGT.ACGCCT	0	0
genome	ACTTTA.ATACAT	0	0
genome	ACTTTA.ATCGGC	0	0
genome	ACTTTA.TATTCC	0	0
genome	ACTTTA.TCTCCA	0	0
genome	ACTTTA.TTAGGA	0	0
genome	ACTTTC.ATCCAA	0	0
genome	ACTTTC.GGTTAC	0	0
genome	ACTTTG.TAAAGC	0	0
genome	ACTTTT.AAGAAC	0	0
genome	ACTTTT.CTAGAA	0	0
genome	ACTTTT.GCATAT	0	0
genome	ACTTTT.TATTAA	0	0
genome	ACTTTT.TGTAAA	0	0
genome	AGAAAA.AAGATG	0	0
genome	AGAAAA.GACGAA	0	0
genome	AGAAAA.GCTTAG	0	0
genome	AGAAAA.TGGAAC	0	0
genome	AGAAAC.CTCAAA	0	0
genome	AGAAAG.TGGATA	0	0
genome	AGAAAT.ATCCAA	0	0
genome	AGAACC.GTACAG	0	0
genome	AGAACC.GTAGAA	0	0
genome	AGAACT.CCTTCC	0	0
genome	AGAACT.GAACCA	0	0
genome	AGAAGA.ACACGC	0	0
genome	AGAAGA.TCACAG	0	0
genome	AGAAGA.TCATCT	0	0
genome	AGAAGC.GCTCGG	0	0
genome	AGAAGG.AGCAGA	0	0
genome	AGAAGG.ATGCCT	0	0
genome	AGAAGT.AGGACT	0	0
genome	AGAAGT.GCACCA	0	0
genome	AGAAGT.TGATAG	0	0
genome	AGAAGT.TTAACA	0	0
genome	AGAATA.ATGTCT	0	0
genome	AGAATC.TAGGGG	0	0
genome	AGAATC.TCTGCA	0	0
genome	AGAATG.AGAACG	0	0
genome	AGAATG.CAAAAA	0	0
genome	AGAATT.ATTCTG	0	0
genome	AGAATT.CTTACA	0	0
genome	AGAATT.GCTATG	0	0
genome	AGACAA.CCTTAA	0	0
genome	AGACAA.GTATAC	0	0
genome	AGACAC.AATGCC	0	0
genome	AGACAG.ACTTCA	0	0
genome	AGACAT.CAACAA	0	0
genome	AGACAT.TATAGC	0	0
genome	AGACCA.AAGATC	0	0
genome	AGACCA.TGAGTA	0	0
genome	AGACTA.TTCTCC	0	0
genome	AGACTT.TCAGTG	0	0
genome	AGAGAA.ACACAG	0	0
genome	AGAGAA.AGATCT	0	0
genome	AGAGAA.ATTCTG	0	0
genome	AGAGAA.CTGTTG	0	0
genome	AGAGAA.TTTAAG	0	0
genome	AGAGAG.TAGGCC	0	0
genome	AGAGAT.TTGACA	0	0
genome	AGAGCA.GAAGAA	0	0
genome	AGAGGA.GCAAAG	0	0
genome	AGAGTT.AAAGGC	0	0
genome	AGAGTT.CTGATC	0	0
genome	AGATAA.TCATTA	0	0
genome	AGATAG.ACTTAA	0	0
genome	AGATCA.ATTGGC	0	0
genome	AGATCA.CATTCC	0	0
genome	AGATCA.GAACTC	0	0
genome	AGATCT.TGTGGC	0	0
genome	AGATGC.TATTAC	0	0
genome	AGATGC.TTCAAA	0	0
genome	AGATGG.AATGCC	0	0
genome	AGATGG.CATGTA	0	0
genome	AGATGG.TGGAAC	0	0
genome	AGATTA.GTGCTA	0	0
genome	AGATTC.AAGACC	0	0
genome	AGATTC.CTAAGA	0	0
genome	AGATTC.TAAAGA	0	0
genome	AGATTT.ATCTAA	0	0
genome	AGATTT.ATTCCT	0	0
genome	AGATTT.CCAATA	0	0
genome	AGATTT.CTAATA	0	0
genome	AGATTT.TCTGTA	0	0
genome	AGATTT.TTAGTG	0	0
genome	AGCAAA.AATACT	0	0
genome	AGCAAA.CAAGAG	0	0
genome	AGCAAA.CAAGTA	0	0
genome	AGCAAA.CAGAAA	0	0
genome	AGCAAA.CCAAAG	0	0
genome	AGCAAA.TGTGAC	0	0
genome	AGCAAC.AATGGA	0	0
genome	AGCAAC.AGCAAA	0	0
genome	AGCAAG.AGAAGA	0	0
genome	AGCAAG.GTTTTC	0	0
genome	AGCAAG.TGAAAT	0	0
genome	AGCAAG.TTAGCA	0	0
genome	AGCAAT.GATACA	0	0
genome	AGCAAT.TTGTGA	0	0
genome	AGCACA.AAAGAT	0	0
genome	AGCACA.GTTGAG	0	0
genome	AGCACC.TCTATG	0	0
genome	AGCACT.GCTCAG	0	0
genome	AGCAGA.AAATTC	0	0
genome	AGCAGA.CTCGAA	0	0
genome	AGCAGG.TCGCCA	0	0
genome	AGCAGG.TTGCGG	0	0
genome	AGCAGT.CAGATG	0	0
genome	AGCAGT.GAAAAG	0	0
genome	AGCATA.AATGTA	0	0
genome	AGCATA.TCTTGC	0	0
genome	AGCATC.AGATAC	0	0
genome	AGCATC.ATAGTA	0	0
genome	AGCATC.TCAGAG	0	0
genome	AGCATG.AGCCGA	0	0
genome	AGCATT.CAGTAG	0	0
genome	AGCATT.TCTGCA	0	0
genome	AGCATT.TTAGCA	0	0
genome	AGCATT.TTCACT	0	0
genome	AGCCAC.ACATCA	0	0
genome	AGCCAC.GTACAG	0	0
genome	AGCCAC.TATAAA	0	0
genome	AGCCAT.AACTCA	0	0
genome	AGCCAT.CGAAAG	0	0
genome	AGCCAT.CTAGCA	0	0
genome	AGCCCT.GCTCTG	0	0
genome	AGCCCT.GTCAAG	0	0
genome	AGCCCT.TATACG	0	0
genome	AGCCTC.TTATTA	0	0
genome	AGCCTT.AATACA	0	0
genome	AGCGCT.GGGGCA	0	0
genome	AGCGCT.TGAAAA	0	0
genome	AGCGTG.ATAGCA	0	0
genome	AGCGTT.TTAACA	0	0
genome	AGCTAA.ACTGAA	0	0
genome	AGCTAA.AGAATG	0	0
genome	AGCTAC.GAGAAG	0	0
genome	AGCTAT.GATGAA	0	0
genome	AGCTAT.GTAGTA	0	0
genome	AGCTCC.CTAGTG	0	0
genome	AGCTCG.CAAGGG	0	0
genome	AGCTCG.CGCCTA	0	0
genome	AGCTCT.CCTAGC	0	0
genome	AGCTGA.GTGATA	0	0
genome	AGCTGG.ACTTTG	0	0
genome	AGCTGT.ACGGCC	0	0
genome	AGCTTA.GAGCAG	0	0
genome	AGCTTA.GGTTGA	0	0
genome	AGCTTG.CCATTG	0	0
genome	AGCTTT.ATTTTC	0	0
genome	AGCTTT.GCTAGC	0	0
genome	AGCTTT.GGCAGA	0	0
genome	AGCTTT.TCATTA	0	0
genome	AGGAAA.TAACAA	0	0
genome	AGGAAA.TGTATA	0	0
genome	AGGAAC.AGAAGA	0	0
genome	AGGAAC.CAAGTG	0	0
genome	AGGAAG.CCTTTG	0	0
genome	AGGAAG.TACACA	0	0
genome	AGGAAT.TATCAA	0	0
genome	AGGACA.GGGTCA	0	0
genome	AGGACA.TCAGAC	0	0
genome	AGGACG.GCAGGG	0	0
genome	AGGACT.GAAAGA	0	0
genome	AGGACT.TTTAAA	0	0
genome	AGGAGA.TGTTCA	0	0
genome	AGGATT.AACAAC	0	0
genome	AGGCAA.GAACCT	0	0
genome	AGGCAC.CTAGTA	0	0
genome	AGGCAG.TCCTTG	0	0
genome	AGGCAT.AAAATA	0	0
genome	AGGCAT.AGTAGG	0	0
genome	AGGCAT.GCAACA	0	0
genome	AGGCAT.TAATTA	0	0
genome	AGGCAT.TTACTA	0	0
genome	AGGCCA.CAGCAA	0	0
genome	AGGCCG.TAAACT	0	0
genome	AGGCGT.GTAAGA	0	0
genome	AGGCTA.AAAGCA	0	0
genome	AGGCTG.GTTATA	0	0
genome	AGGCTG.TGAAAC	0	0
genome	AGGCTG.TTCTAA	0	0
genome	AGGGAG.ACTTGA	0	0
genome	AGGGAG.GCTGCC	0	0
genome	AGGGAG.TCACGC	0	0
genome	AGGGAT.ACATTA	0	0
genome	AGGGCT.TAACTG	0	0
genome	AGGGTA.AAAGAA	0	0
genome	AGGGTA.ACACCA	0	0
genome	AGGGTC.TTAGCA	0	0
genome	AGGTAA.AATGAG	0	0
genome	AGGTAA.TACTAA	0	0
genome	AGGTAA.TATGTA	0	0
genome	AGGTAG.TGTTAG	0	0
genome	AGGTAG.TTTGTA	0	0
genome	AGGTAT.TGAACA	0	0
genome	AGGTCC.TAAGAA	0	0
genome	AGGTGA.AATTTG	0	0
genome	AGGTGA.ATAAAG	0	0
genome	AGGTGC.ATCAAA	0	0
genome	AGGTGG.TTAAAC	0	0
genome	AGGTGT.AGTAAA	0	0
genome	AGGTGT.GTTGGA	0	0
genome	AGGTGT.TAGCTG	0	0
genome	AGGTGT.TTAGGA	0	0
genome	AGGTTG.ACCTCA	0	0
genome	AGGTTG.AGAGCA	0	0
genome	AGGTTT.ATAACC	0	0
genome	AGGTTT.GATTAT	0	0
genome	AGGTTT.GTCCGG	0	0
genome	AGGTTT.TGTAAC	0	0
genome	AGTAAA.AAATAA	0	0
genome	AGTAAA.TACAAA	0	0
genome	AGTAAA.TGTTAC	0	0
genome	AGTAAA.TTCTTG	0	0
genome	AGTAAA.TTGTTC	0	0
genome	AGTAAC.CCTGAG	0	0
genome	AGTAAG.TAATCA	0	0
genome	AGTAAT.ACCTAA	0	0
genome	AGTAAT.AGTTAT	0	0
genome	AGTAAT.GTGACA	0	0
genome	AGTACA.CTGGTA	0	0
genome	AGTACA.GTGTTA	0	0
genome	AGTACA.TGAATG	0	0
genome	AGTACC.GCAGCA	0	0
genome	AGTACG.TTTTGC	0	0
genome	AGTACT.TTGTAC	0	0
genome	AGTAGA.AGCTAG	0	0
genome	AGTAGA.TAAAGC	0	0
genome	AGTAGA.TTCAAA	0	0
genome	AGTAGC.AAATCA	0	0
genome	AGTAGC.TTATTA	0	0
genome	AGTAGT.GAAAAT	0	0
genome	AGTAGT.GTCGTC	0	0
genome	AGTAGT.TTACTC	0	0
genome	AGTATT.CCCTAT	0	0
genome	AGTATT.GGTTTG	0	0
genome	AGTATT.TACACT	0	0
genome	AGTCAA.GAGATG	0	0
genome	AGTCAA.TGAACA	0	0
genome	AGTCAT.TTCAGA	0	0
genome	AGTCCA.CCAACA	0	0
genome	AGTCCA.TCAACA	0	0
genome	AGTCCT.AGAATA	0	0
genome	AGTCGC.ACAGGA	0	0
genome	AGTCTA.AGCATC	0	0
genome	AGTCTC.CGCAAC	0	0
genome	AGTCTG.GAATTG	0	0
genome	AGTCTG.TATGAC	0	0
genome	AGTCTT.TTGCAT	0	0
genome	AGTGAA.CGCCAC	0	0
genome	AGTGAA.TAACTG	0	0
genome	AGTGAA.TGGTCA	0	0
genome	AGTGAC.GTTTGG	0	0
genome	AGTGAG.GGTGCA	0	0
genome	AGTGAG.TCAGAG	0	0
genome	AGTGAG.TGTTTC	0	0
genome	AGTGAT.ACCTTA	0	0
genome	AGTGAT.TGCTAT	0	0
genome	AGTGCC.TCTTTA	0	0
genome	AGTGCC.TGCCTA	0	0
genome	AGTGCG.GAGAAA	0	0
genome	AGTGCT.TCTGAC	0	0
genome	AGTGGG.CGCGAT	0	0
genome	AGTGTA.AGTGAA	0	0
genome	AGTGTT.TAAACA	0	0
genome	AGTTAA.GTTAGA	0	0
genome	AGTTAT.AAGAAA	0	0
genome	AGTTCC.CTACTG	0	0
genome	AGTTCC.TCTCTA	0	0
genome	AGTTCT.GTTGTA	0	0
genome	AGTTGA.TCAGCA	0	0
genome	AGTTGG.TGATGC	0	0
genome	AGTTGT.TGATTG	0	0
genome	AGTTGT.TGGTAG	0	0
genome	AGTTTA.AAAAAT	0	0
genome	AGTTTA.ACTCTG	0	0
genome	AGTTTA.CTCCAC	0	0
genome	AGTTTA.GCCTGA	0	0
genome	AGTTTA.TCATTC	0	0
genome	AGTTTC.ACAAAA	0	0
genome	AGTTTC.ATTTGG	0	0
genome	AGTTTC.GGATTG	0	0
genome	AGTTTC.TTATGA	0	0
genome	AGTTTG.AACCTA	0	0
genome	AGTTTG.CCTGGA	0	0
genome	AGTTTG.TGTTTC	0	0
genome	AGTTTT.GCACAA	0	0
genome	ATAAAA.CTTCTA	0	0
genome	ATAAAC.ACCCAT	0	0
genome	ATAAAC.CTGAAC	0	0
genome	ATAAAC.TTATAA	0	0
genome	ATAAAG.ATTCAA	0	0
genome	ATAAAG.TTGGTC	0	0
genome	ATAAAT.CTACTG	0	0
genome	ATAAAT.GCTTAA	0	0
genome	ATAACA.CTTCTG	0	0
genome	ATAACA.TTGTTA	0	0
genome	ATAACC.TCAAAA	0	0
genome	ATAAGA.TCTACA	0	0
genome	ATAAGC.ATCCGA	0	0
genome	ATAAGT.GTATGA	0	0
genome	ATAATG.ACCCCA	0	0
genome	ATACAA.AAAAAG	0	0
genome	ATACAA.CACCAA	0	0
genome	ATACAA.CCTCAC	0	0
genome	ATACAC.GAAGTG	0	0
genome	ATACAG.AAAGCA	0	0
genome	ATACAG.CAATCC	0	0
genome	ATACAT.TCTCTG	0	0
genome	ATACCA.GAAAGC	0	0
genome	ATACCA.TTTGCA	0	0
genome	ATACCC.TAGCAA	0	0
genome	ATACCG.TCAATG	0	0
genome	ATACGA.TCTGTC	0	0
genome	ATACGC.TAATAT	0	0
genome	ATACGT.GCTTTA	0	0
genome	ATACTA.ATGGAA	0	0
genome	ATAGAA.TTAAAC	0	0
genome	ATAGAA.TTCCAT	0	0
genome	ATAGAC.GATCGA	0	0
genome	ATAGAC.TAATCA	0	0
genome	ATAGCA.AAGTAG	0	0
genome	ATAGCA.CTACAG	0	0
genome	ATAGCA.TCTTTG	0	0
genome	ATAGCC.CGGAAC	0	0
genome	ATAGCT.AAAAAC	0	0
genome	ATAGGA.AGAATA	0	0
genome	ATAGGA.TTGTTG	0	0
genome	ATAGGT.AGCATA	0	0
genome	ATAGGT.ATGTCC	0	0
genome	ATAGGT.GTAACC	0	0
genome	ATAGGT.TCTAAA	0	0
genome	ATAGTT.CCAATC	0	0
genome	ATAGTT.TTGATG	0	0
genome	ATATAA.CAATTG	0	0
genome	ATATAA.TGTCTG	0	0
genome	ATATAC.ATTTAG	0	0
genome	ATATAG.GGGTGA	0	0
genome	ATATAT.GTCTAC	0	0
genome	ATATCG.TAATTA	0	0
genome	ATATCT.AGATGA	0	0
genome	ATATGA.GGAAGG	0	0
genome	ATATGA.TTCACG	0	0
genome	ATATGC.AAAAAC	0	0
genome	ATATGG.GATTGC	0	0
genome	ATATGT.TTGTTC	0	0
genome	ATATTA.GTGCAA	0	0
genome	ATATTG.TGAACA	0	0
genome	ATATTG.TGCTAG	0	0
genome	ATATTT.AATTCA	0	0
genome	ATCAAA.GTTCGG	0	0
genome	ATCAAA.TACTTA	0	0
genome	ATCAAA.TGTCCC	0	0
genome	ATCAAA.TTGAAT	0	0
genome	ATCAAC.ACACCC	0	0
genome	ATCAAC.ATGTAA	0	0
genome	ATCAAC.TTCTTA	0	0
genome	ATCAAT.ATAAAC	0	0
genome	ATCACA.TATTAG	0	0
genome	ATCACA.TTCATG	0	0
genome	ATCACC.GCGAAG	0	0
genome	ATCACG.ACTAAA	0	0
genome	ATCACT.TTAGGG	0	0
genome	ATCAGA.ATACCA	0	0
genome	ATCAGA.ATTATG	0	0
genome	ATCAGA.TCAGAC	0	0
genome	ATCAGC.AAATGC	0	0
genome	ATCAGG.CCACAG	0	0
genome	ATCAGG.TGTTAA	0	0
genome	ATCAGT.CAAGCA	0	0
genome	ATCAGT.CCAAGC	0	0
genome	ATCAGT.GATAAA	0	0
genome	ATCAGT.TGTAAC	0	0
genome	ATCATA.CATTGA	0	0
genome	ATCATC.AAATCC	0	0
genome	ATCATC.ACAAAA	0	0
genome	ATCATT.TAGATG	0	0
genome	ATCCAA.TCTGCA	0	0
genome	ATCCTC.TCTGGA	0	0
genome	ATCCTG.AAATCG	0	0
genome	ATCCTG.TAATTC	0	0
genome	ATCCTT.ATTTCA	0	0
genome	ATCCTT.TGACAG	0	0
genome	ATCGAT.TACTGA	0	0
genome	ATCGCT.ATAGCA	0	0
genome	ATCGGC.CCGTAA	0	0
genome	ATCGTA.TCCGCG	0	0
genome	ATCGTG.TACAAC	0	0
genome	ATCGTT.AGTGTG	0	0
genome	ATCTAA.CTTAAC	0	0
genome	ATCTAG.ACCATA	0	0
genome	ATCTAG.TAGTGG	0	0
genome	ATCTAT.CTATTC	0	0
genome	ATCTAT.TGGCAA	0	0
genome	ATCTAT.TGTTCG	0	0
genome	ATCTAT.TTAAAA	0	0
genome	ATCTGA.ATATTG	0	0
genome	ATCTGG.ACGTAA	0	0
genome	ATCTGG.TAAGGA	0	0
genome	ATCTGG.TTGAAA	0	0
genome	ATCTGT.AATTTG	0	0
genome	ATCTGT.ATCCAA	0	0
genome	ATCTGT.TGGCCA	0	0
genome	ATCTGT.TTGTCA	0	0
genome	ATCTTA.TAATGA	0	0
genome	ATCTTC.ACCTAG	0	0
genome	ATCTTC.TAATTA	0	0
genome	ATCTTT.ATGGGA	0	0
genome	ATCTTT.GCTAAG	0	0
genome	ATCTTT.TCATCC	0	0
genome	ATCTTT.TTTAAG	0	0
genome	ATGAAA.ACATTC	0	0
genome	ATGAAA.GATTGA	0	0
genome	ATGAAA.TCAAGC	0	0
genome	ATGAAC.GACGAC	0	0
genome	ATGAAT.ATAAGA	0	0
genome	ATGAAT.GCAACA	0	0
genome	ATGAAT.TCTTGA	0	0
genome	ATGACA.AGTCAT	0	0
genome	ATGACA.GAACAG	0	0
genome	ATGACA.TTGTAA	0	0
genome	ATGACC.GTGTCC	0	0
genome	ATGAGA.TTGAAA	0	0
genome	ATGAGC.TGAAGA	0	0
genome	ATGAGG.TGGTTC	0	0
genome	ATGAGG.TTTGGC	0	0
genome	ATGATG.AAAAGC	0	0
genome	ATGATG.ATTGAC	0	0
genome	ATGATT.CAGCCA	0	0
genome	ATGATT.CTCAAT	0	0
genome	ATGCAA.CAAATG	0	0
genome	ATGCAA.CACCAC	0	0
genome	ATGCAA.GAATGC	0	0
genome	ATGCAA.TAATAA	0	0
genome	ATGCAA.TTGAAT	0	0
genome	ATGCAC.AGCAAC	0	0
genome	ATGCAC.CCGCAT	0	0
genome	ATGCAG.ATGCAT	0	0
genome	ATGCAG.GGGTAA	0	0
genome	ATGCAG.TTTTGC	0	0
genome	ATGCGT.ATAACA	0	0
genome	ATGCTA.ATTAGG	0	0
genome	ATGCTA.GGAGAG	0	0
genome	ATGCTA.TCCTTC	0	0
genome	ATGCTC.AGGTTG	0	0
genome	ATGCTC.TGTTCA	0	0
genome	ATGCTG.TATCAG	0	0
genome	ATGGAA.TTCACA	0	0
genome	ATGGAC.ACAGGG	0	0
genome	ATGGAC.ACTTAA	0	0
genome	ATGGAC.CCAAAA	0	0
genome	ATGGAT.ATTACA	0	0
genome	ATGGCA.AACAAG	0	0
genome	ATGGCA.TTGTGG	0	0
genome	ATGGCT.GCAATG	0	0
genome	ATGGGA.ACTTCG	0	0
genome	ATGGGT.ATTTAG	0	0
genome	ATGGTA.ATTAGA	0	0
genome	ATGGTA.TAAGAG	0	0
genome	ATGGTA.TCGGCA	0	0
genome	ATGGTC.TAACAG	0	0
genome	ATGGTC.TGTGTG	0	0
genome	ATGGTG.TAGGAG	0	0
genome	ATGGTT.ACCATC	0	0
genome	ATGGTT.CACTAC	0	0
genome	ATGTAA.ACAAGC	0	0
genome	ATGTAA.TGAAAA	0	0
genome	ATGTAC.ACCCTA	0	0
genome	ATGTAG.CCATTA	0	0
genome	ATGTCA.AATTCA	0	0
genome	ATGTCA.CTAAAT	0	0
genome	ATGTCC.AATTCA	0	0
genome	ATGTCT.ATAATG	0	0
genome	ATGTCT.TGGGAC	0	0
genome	ATGTGA.AAGGCA	0	0
genome	ATGTGA.TCAACA	0	0
genome	ATGTGA.TGGACA	0	0
genome	ATGTGC.AAAAAA	0	0
genome	ATGTGC.ATTACC	0	0
genome	ATGTGC.GGAGCA	0	0
genome	ATGTGT.CTTAGA	0	0
genome	ATGTTA.CAAAGG	0	0
genome	ATGTTC.AAGGCA	0	0
genome	ATGTTC.TTTAAT	0	0
genome	ATGTTG.AAATGC	0	0
genome	ATGTTT.ACAAAC	0	0
genome	ATGTTT.TCACCC	0	0
genome	ATGTTT.TTAGCA	0	0
genome	ATTAAA.ACTACA	0	0
genome	ATTAAA.ATTTTG	0	0
genome	ATTAAA.TTCCAA	0	0
genome	ATTAAG.AGAGTG	0	0
genome	ATTAAT.TGACTC	0	0
genome	ATTACA.AATTGA	0	0
genome	ATTACA.TAGTAA	0	0
genome	ATTACA.TCAAGA	0	0
genome	ATTACC.CCTGCA	0	0
genome	ATTACC.GAAGCA	0	0
genome	ATTACC.GGTTTG	0	0
genome	ATTACC.GTTATG	0	0
genome	ATTACC.TTCTTA	0	0
genome	ATTACC.TTGAAG	0	0
genome	ATTACT.CAAAAT	0	0
genome	ATTAGA.ATAATA	0	0
genome	ATTAGA.GATGAA	0	0
genome	ATTAGA.TAAGCA	0	0
genome	ATTAGT.TGAGTC	0	0
genome	ATTATA.ACGTAA	0	0
genome	ATTATA.CGATAG	0	0
genome	ATTATA.GCTGTA	0	0
genome	ATTATG.TATTCG	0	0
genome	ATTATG.TGATAG	0	0
genome	ATTATT.GCACTA	0	0
genome	ATTATT.TTACAA	0	0
genome	ATTCAA.CAGGAC	0	0
genome	ATTCAA.TCCAGG	0	0
genome	ATTCAA.TTCTTA	0	0
genome	ATTCAC.CAAACC	0	0
genome	ATTCCA.ACACCA	0	0
genome	ATTCCA.ATGGAA	0	0
genome	ATTCCT.TGGACA	0	0
genome	ATTCCT.TTGGCA	0	0
genome	ATTCTA.CAGGAG	0	0
genome	ATTCTC.GTGCCA	0	0
genome	ATTCTC.TAAGAA	0	0
genome	ATTCTC.TCGGCG	0	0
genome	ATTCTT.GGTGGG	0	0
genome	ATTCTT.GTAAGG	0	0
genome	ATTCTT.GTGAAA	0	0
genome	ATTCTT.TCTTGG	0	0
genome	ATTGAA.AAGTTA	0	0
genome	ATTGAA.GACCAC	0	0
genome	ATTGAA.GTGTCA	0	0
genome	ATTGAC.CATACA	0	0
genome	ATTGAG.TCTTGA	0	0
genome	ATTGAT.GTACAA	0	0
genome	ATTGCC.GGAACC	0	0
genome	ATTGCG.GTGCCA	0	0
genome	ATTGCT.CATTCA	0	0
genome	ATTGCT.TGTGAG	0	0
genome	ATTGGA.AAGCCG	0	0
genome	ATTGGC.CCCGCA	0	0
genome	ATTGGC.GTGACA	0	0
genome	ATTGGT.TCATAA	0	0
genome	ATTGTA.AAGACA	0	0
genome	ATTGTA.AGAAAG	0	0
genome	ATTGTA.GCTTTA	0	0
genome	ATTGTC.GTGGAC	0	0
genome	ATTGTC.GTTGGC	0	0
genome	ATTGTT.TTCAGC	0	0
genome	ATTTAA.CCCAGG	0	0
genome	ATTTCA.CAGGAC	0	0
genome	ATTTCA.CCTCTA	0	0
genome	ATTTCA.TATTAA	0	0
genome	ATTTCC.GCAAAG	0	0
genome	ATTTCG.ATGGCA	0	0
genome	ATTTCT.TACAAA	0	0
genome	ATTTCT.TGGTAA	0	0
genome	ATTTCT.TGTTTG	0	0
genome	ATTTCT.TTTGAA	0	0
genome	ATTTGA.ACCTTC	0	0
genome	ATTTGA.ACTAGA	0	0
genome	ATTTGA.TAAAGA	0	0
genome	ATTTGG.CCGACA	0	0
genome	ATTTGG.TCATAG	0	0
genome	ATTTGG.TGTGGA	0	0
genome	ATTTGT.ACGCAC	0	0
genome	ATTTGT.CACCAC	0	0
genome	ATTTGT.CGAACA	0	0
genome	ATTTGT.GGTATG	0	0
genome	ATTTGT.GTTGAA	0	0
genome	ATTTGT.TGCTAA	0	0
genome	ATTTGT.TTCTAC	0	0
genome	ATTTTA.ACATTA	0	0
genome	ATTTTA.GTTTTA	0	0
genome	ATTTTA.TTTTAC	0	0
genome	ATTTTC.CCGAGG	0	0
genome	ATTTTG.AAGCGC	0	0
genome	ATTTTG.GGTAAG	0	0
genome	ATTTTT.AAATTA	0	0
genome	ATTTTT.AGTATA	0	0
genome	ATTTTT.TTATTG	0	0
genome	CAAAAA.ACCAGC	0	0
genome	CAAAAA.AGATGG	0	0
genome	CAAAAA.ATGACA	0	0
genome	CAAAAA.CCAGCC	0	0
genome	CAAAAC.ACGTCG	0	0
genome	CAAAAC.AGTTGA	0	0
genome	CAAAAG.TAAAAA	0	0
genome	CAAAAG.TGACTC	0	0
genome	CAAAAG.TGATTC	0	0
genome	CAAAAG.TTTGAG	0	0
genome	CAAAAT.AGAGAG	0	0
genome	CAAAAT.TGAAGG	0	0
genome	CAAAAT.TGGACA	0	0
genome	CAAAAT.TTTGAG	0	0
genome	CAAACA.TGGCCG	0	0
genome	CAAACC.CTGAAA	0	0
genome	CAAACT.AGTTGG	0	0
genome	CAAACT.CTTGCA	0	0
genome	CAAAGA.ACCTTC	0	0
genome	CAAAGA.GGCATC	0	0
genome	CAAAGC.AAAGCC	0	0
genome	CAAAGG.GGTGCA	0	0
genome	CAAAGT.AACACC	0	0
genome	CAAAGT.ATAGAA	0	0
genome	CAAATA.CTGGTG	0	0
genome	CAAATC.TGTAAA	0	0
genome	CAAATG.ATAAAG	0	0
genome	CAAATT.GTTTGA	0	0
genome	CAAATT.TCAGTG	0	0
genome	CAACAA.AGCAAG	0	0
genome	CAACAA.GCCAAA	0	0
genome	CAACAA.TTAATG	0	0
genome	CAACAC.ACAAAG	0	0
genome	CAACAC.AGTGTC	0	0
genome	CAACAC.GAGGTG	0	0
genome	CAACAC.TTTGTG	0	0
genome	CAACAG.ATCACC	0	0
genome	CAACAG.ATCGTC	0	0
genome	CAACAG.TGGACA	0	0
genome	CAACAT.ACATAA	0	0
genome	CAACAT.TGGTGA	0	0
genome	CAACAT.TTAAAA	0	0
genome	CAACCA.GTTCCC	0	0
genome	CAACCA.TGTTGG	0	0
genome	CAACGT.TACACC	0	0
genome	CAACTA.AGCAAC	0	0
genome	CAACTC.AGGCAG	0	0
genome	CAACTC.GCGAAC	0	0
genome	CAACTG.ATAGAC	0	0
genome	CAACTG.ATTTTC	0	0
genome	CAACTG.CAGTAA	0	0
genome	CAACTG.GGGAGC	0	0
genome	CAACTG.TGTAAG	0	0
genome	CAACTT.ACTTAG	0	0
genome	CAACTT.TCATAA	0	0
genome	CAACTT.TGTGGC	0	0
genome	CAAGAA.AACAGC	0	0
genome	CAAGAA.ACTACA	0	0
genome	CAAGAC.GCAGTG	0	0
genome	CAAGCA.AAGCAA	0	0
genome	CAAGCA.CGTACC	0	0
genome	CAAGCA.GGTTAC	0	0
genome	CAAGCT.TGTTAA	0	0
genome	CAAGGA.GAGTTA	0	0
genome	CAAGGA.TAGCAG	0	0
genome	CAAGGC.AGCAGC	0	0
genome	CAAGGC.TTCCAA	0	0
genome	CAAGGT.TAGTGG	0	0
genome	CAAGGT.TGCTAC	0	0
genome	CAAGTA.AACTTC	0	0
genome	CAAGTA.ATGTAG	0	0
genome	CAAGTA.TGAGTG	0	0
genome	CAAGTC.TCCCTA	0	0
genome	CAAGTG.CTTTAA	0	0
genome	CAATAA.CCATCC	0	0
genome	CAATAG.AAAATG	0	0
genome	CAATAG.AGTCCA	0	0
genome	CAATCT.TACTCA	0	0
genome	CAATGA.ATTCTC	0	0
genome	CAATGA.TCTCAG	0	0
genome	CAATGC.CAGTGG	0	0
genome	CAATTA.AGGATA	0	0
genome	CAATTA.TATGCC	0	0
genome	CAATTT.AACTTC	0	0
genome	CAATTT.TAATAA	0	0
genome	CAATTT.TGATGA	0	0
genome	CACAAA.CCAAAA	0	0
genome	CACAAA.GTTTAA	0	0
genome	CACAAA.TCCCTA	0	0
genome	CACAAA.TCTGTG	0	0
genome	CACAAC.CAGGCG	0	0
genome	CACAAC.TGCGTG	0	0
genome	CACAAT.TCTGCA	0	0
genome	CACACA.ACTTAG	0	0
genome	CACACA.TCTGAC	0	0
genome	CACACA.TGGAAA	0	0
genome	CACACA.TGGTAC	0	0
genome	CACACT.AAAAGA	0	0
genome	CACACT.AAAGGC	0	0
genome	CACACT.ATTAAA	0	0
genome	CACAGA.TTTTGA	0	0
genome	CACATG.AAGAAG	0	0
genome	CACATG.TTGTTA	0	0
genome	CACATT.TTTGCA	0	0
genome	CACCAA.AGAGCC	0	0
genome	CACCAA.AGTCAG	0	0
genome	CACCAC.TTCAAG	0	0
genome	CACCAG.AAAACA	0	0
genome	CACCAT.GTAACA	0	0
genome	CACCAT.TAGGTG	0	0
genome	CACCCA.TCAGTA	0	0
genome	CACCCC.CATTAC	0	0
genome	CACCCT.TTTTAA	0	0
genome	CACCGA.GCCACG	0	0
genome	CACCGC.ATTGCC	0	0
genome	CACCGT.CGGCAC	0	0
genome	CACCTA.ATCAAC	0	0
genome	CACCTG.GCAAAG	0	0
genome	CACCTG.TACACG	0	0
genome	CACCTG.TGTCTA	0	0
genome	CACGAA.GCTTTC	0	0
genome	CACGCG.AGTACG	0	0
genome	CACGGA.GAAACC	0	0
genome	CACGTA.TCGCAA	0	0
genome	CACGTG.AGGCTG	0	0
genome	CACGTT.AGAAGA	0	0
genome	CACTAA.TGAGAA	0	0
genome	CACTAC.AGACTA	0	0
genome	CACTAC.TTCCAA	0	0
genome	CACTAG.CTCTAG	0	0
genome	CACTAT.TATGGA	0	0
genome	CACTCG.TATGTC	0	0
genome	CACTGC.TTCTCC	0	0
genome	CACTGG.ATTTCG	0	0
genome	CACTGT.ACACTA	0	0
genome	CACTGT.CACTCG	0	0
genome	CACTTA.TAACAA	0	0
genome	CACTTT.TTCCAC	0	0
genome	CACTTT.TTGAAA	0	0
genome	CACTTT.TTTGCA	0	0
genome	CAGAAA.CAATAC	0	0
genome	CAGAAA.TAGTGA	0	0
genome	CAGAAT.TGACTA	0	0
genome	CAGACA.AAAAAC	0	0
genome	CAGACC.CTTCTA	0	0
genome	CAGACT.TTTGCG	0	0
genome	CAGAGT.GAATCA	0	0
genome	CAGATT.TATCTC	0	0
genome	CAGATT.TTAACA	0	0
genome	CAGCAA.AAGTGC	0	0
genome	CAGCAA.CTTTCC	0	0
genome	CAGCAC.CAAAGC	0	0
genome	CAGCAC.TCTAGG	0	0
genome	CAGCAC.TGCTAG	0	0
genome	CAGCAG.AGGGGA	0	0
genome	CAGCAG.ATCCAC	0	0
genome	CAGCAG.TAAACC	0	0
genome	CAGCAG.TCGGCA	0	0
genome	CAGCAT.TGCAAG	0	0
genome	CAGCCA.TGTTTA	0	0
genome	CAGCTA.AGTTTC	0	0
genome	CAGCTA.TTTGCA	0	0
genome	CAGCTG.ACTCAA	0	0
genome	CAGCTG.TAATAG	0	0
genome	CAGCTG.TTGTGC	0	0
genome	CAGGAA.AGAATC	0	0
genome	CAGGAA.TAATCA	0	0
genome	CAGGAG.CTTAAA	0	0
genome	CAGGCA.GACAAA	0	0
genome	CAGGCT.GTAATG	0	0
genome	CAGGGT.TTTCGG	0	0
genome	CAGGTA.TTATAA	0	0
genome	CAGGTG.ATTAAA	0	0
genome	CAGGTG.GCTCAG	0	0
genome	CAGGTG.TGTTGG	0	0
genome	CAGGTT.ATCTAA	0	0
genome	CAGGTT.GACAGC	0	0
genome	CAGGTT.GCGACG	0	0
genome	CAGTAG.TTGCAA	0	0
genome	CAGTAT.TTTAGA	0	0
genome	CAGTCA.CTTATG	0	0
genome	CAGTCC.TACTTA	0	0
genome	CAGTCT.AAAGAA	0	0
genome	CAGTGC.AAGCTC	0	0
genome	CAGTGC.ACAAAA	0	0
genome	CAGTTA.ACAACA	0	0
genome	CAGTTA.TTATAA	0	0
genome	CAGTTG.ACAATC	0	0
genome	CAGTTG.TGGTGC	0	0
genome	CAGTTT.ACCTAA	0	0
genome	CATAAA.GGATTA	0	0
genome	CATAAA.TAATGG	0	0
genome	CATAAC.ATCCAC	0	0
genome	CATAAC.CTCAAA	0	0
genome	CATAAG.CAAATA	0	0
genome	CATAAT.AAAACA	0	0
genome	CATAAT.ATCACC	0	0
genome	CATACA.TAATTC	0	0
genome	CATACC.CAGACG	0	0
genome	CATACG.ATTAAC	0	0
genome	CATAGA.CATCCA	0	0
genome	CATAGC.AAGAAA	0	0
genome	CATAGC.AGTGTA	0	0
genome	CATAGC.TCATAA	0	0
genome	CATAGT.AAAAGC	0	0
genome	CATAGT.TATACA	0	0
genome	CATATA.ACCATA	0	0
genome	CATATC.AAACGC	0	0
genome	CATATG.TTGTAA	0	0
genome	CATCAA.CCTACA	0	0
genome	CATCAA.TCTACC	0	0
genome	CATCAC.ACTGTA	0	0
genome	CATCAC.ATAGTC	0	0
genome	CATCAC.TAGTCG	0	0
genome	CATCAG.TTGAGG	0	0
genome	CATCAG.TTGTGC	0	0
genome	CATCCA.GCACAA	0	0
genome	CATCGT.AACAAC	0	0
genome	CATCTA.TTGTGC	0	0
genome	CATCTG.AAAATC	0	0
genome	CATCTG.AGGTCC	0	0
genome	CATCTG.CACAAC	0	0
genome	CATCTT.ATCCTC	0	0
genome	CATGAC.ATGAGG	0	0
genome	CATGAC.ATTTCA	0	0
genome	CATGAG.ACATAA	0	0
genome	CATGAG.TTATAA	0	0
genome	CATGAT.ATCTCA	0	0
genome	CATGAT.GAAAAG	0	0
genome	CATGCA.ACCACA	0	0
genome	CATGGC.GATTCC	0	0
genome	CATGGC.TTGTTA	0	0
genome	CATGGG.ATAGCA	0	0
genome	CATGGT.ATGTTA	0	0
genome	CATGTA.CTACCC	0	0
genome	CATGTA.TCAACA	0	0
genome	CATGTG.AACTAC	0	0
genome	CATGTG.GCGAAA	0	0
genome	CATGTT.TGCCAA	0	0
genome	CATTAA.AACCAC	0	0
genome	CATTAA.ACTAGC	0	0
genome	CATTAA.AGGTAA	0	0
genome	CATTAA.CTCCAC	0	0
genome	CATTAA.GCCAGA	0	0
genome	CATTAA.TTTAAA	0	0
genome	CATTAT.GTATTC	0	0
genome	CATTCC.AAGAAC	0	0
genome	CATTCT.CACAAG	0	0
genome	CATTCT.TCTTTC	0	0
genome	CATTTA.TTATGC	0	0
genome	CATTTA.TTGTGC	0	0
genome	CATTTC.AGCAAA	0	0
genome	CATTTG.CTTAGG	0	0
genome	CATTTG.GTTATA	0	0
genome	CATTTG.TGACGC	0	0
genome	CATTTT.ATACAA	0	0
genome	CATTTT.TAAAGA	0	0
genome	CCAAAA.ATCACA	0	0
genome	CCAAAA.CTCTTC	0	0
genome	CCAAAG.CAATAG	0	0
genome	CCAAAT.TGCAGC	0	0
genome	CCAACA.AGCCTA	0	0
genome	CCAACA.GCATAA	0	0
genome	CCAACT.CACTAA	0	0
genome	CCAAGA.GCAGTA	0	0
genome	CCAAGT.ACATAG	0	0
genome	CCAATA.AAATGC	0	0
genome	CCAATC.TAAGAC	0	0
genome	CCAATG.TACTAA	0	0
genome	CCAATT.TGAAGA	0	0
genome	CCACAT.AGGGAC	0	0
genome	CCACAT.TTGAAG	0	0
genome	CCACCA.ATTTTC	0	0
genome	CCACCA.CAGAGC	0	0
genome	CCACCA.TTAACC	0	0
genome	CCACCT.TCTCCA	0	0
genome	CCACGC.AGGTAG	0	0
genome	CCACGC.CAATTC	0	0
genome	CCACGG.ACCTCC	0	0
genome	CCACTC.ATGGCA	0	0
genome	CCAGAA.ATCAGG	0	0
genome	CCAGAA.CTGGAC	0	0
genome	CCAGAT.ACAGTA	0	0
genome	CCAGAT.AGTTTC	0	0
genome	CCAGCA.CTGCAA	0	0
genome	CCAGTA.CAGAGG	0	0
genome	CCAGTC.CTGAAG	0	0
genome	CCAGTG.TGTAAG	0	0
genome	CCAGTG.TGTGTA	0	0
genome	CCATAA.AAAAGG	0	0
genome	CCATAA.AGCCAG	0	0
genome	CCATAG.AATAAA	0	0
genome	CCATAG.GAAGTC	0	0
genome	CCATAT.CAAACG	0	0
genome	CCATCA.CTGAAG	0	0
genome	CCATCA.GGCCAC	0	0
genome	CCATCT.GGACGC	0	0
genome	CCATGG.AGATTC	0	0
genome	CCATGT.GACATA	0	0
genome	CCATGT.TTGAAC	0	0
genome	CCATTA.CAACAG	0	0
genome	CCATTA.TATGGC	0	0
genome	CCATTC.CTGCGC	0	0
genome	CCATTG.GATAGC	0	0
genome	CCATTT.ATCCTC	0	0
genome	CCCAGG.AACAAA	0	0
genome	CCCAGT.GTGTAA	0	0
genome	CCCATA.CAAAAG	0	0
genome	CCCCCT.CATACA	0	0
genome	CCCCTA.TGCTGC	0	0
genome	CCCGCA.TCTTGA	0	0
genome	CCCTAC.GCTGCC	0	0
genome	CCCTCA.TTGCAA	0	0
genome	CCCTCC.TTAAGC	0	0
genome	CCCTCT.TCAGAA	0	0
genome	CCCTGA.TTGAAC	0	0
genome	CCCTGC.TGGAGA	0	0
genome	CCCTGT.CTACCA	0	0
genome	CCCTTC.GCGTAG	0	0
genome	CCCTTG.TACTCA	0	0
genome	CCGAAG.TCTTAA	0	0
genome	CCGAGG.CACGCG	0	0
genome	CCGCAC.CTTGAA	0	0
genome	CCGCAG.CGGTAC	0	0
genome	CCGCGT.GCCTCG	0	0
genome	CCGCTA.TTTAGA	0	0
genome	CCGCTG.TTTAGG	0	0
genome	CCGGTA.CACACC	0	0
genome	CCGTAA.AACACA	0	0
genome	CCGTAT.TTTGCA	0	0
genome	CCGTGG.TATAAA	0	0
genome	CCGTGT.CTATTC	0	0
genome	CCTAAA.AATCTA	0	0
genome	CCTAAT.TGTAAA	0	0
genome	CCTAAT.TTTACA	0	0
genome	CCTACA.ACCTCA	0	0
genome	CCTACA.AGGTGC	0	0
genome	CCTAGA.AAATCA	0	0
genome	CCTATA.AGTTGA	0	0
genome	CCTATT.CTTACA	0	0
genome	CCTCAA.AAGAGA	0	0
genome	CCTCAA.GAACAA	0	0
genome	CCTCAT.ACGTAG	0	0
genome	CCTCAT.GAGGCG	0	0
genome	CCTCAT.TGGGCG	0	0
genome	CCTCCA.ACGCAA	0	0
genome	CCTCGT.TGTTCC	0	0
genome	CCTCTA.ACAAAA	0	0
genome	CCTGCA.GTGCTC	0	0
genome	CCTGCG.GTCCTC	0	0
genome	CCTGTA.TGAAAG	0	0
genome	CCTGTT.GCATAG	0	0
genome	CCTGTT.TCCAGC	0	0
genome	CCTTAA.CTTAAG	0	0
genome	CCTTAA.GGTGTA	0	0
genome	CCTTAC.GCAGAG	0	0
genome	CCTTAG.TATGCC	0	0
genome	CCTTCA.GAGGAA	0	0
genome	CCTTCA.TGTAGA	0	0
genome	CCTTCC.AGGTAA	0	0
genome	CCTTCT.TAGTCA	0	0
genome	CCTTGA.CAGGGC	0	0
genome	CCTTTA.TAAGAA	0	0
genome	CCTTTT.TCTATC	0	0
genome	CGAAAC.AATGAG	0	0
genome	CGAAAC.GTAAGC	0	0
genome	CGAAAG.GAGTGA	0	0
genome	CGAAAT.CACCCC	0	0
genome	CGAACA.TATCTA	0	0
genome	CGAACC.GTAAAA	0	0
genome	CGAAGA.CTAAAA	0	0
genome	CGAAGT.AACTGA	0	0
genome	CGACGA.GACTAC	0	0
genome	CGAGAT.ACAACA	0	0
genome	CGAGCT.CTGAAA	0	0
genome	CGAGTG.CAAGAC	0	0
genome	CGATAC.AGCCTC	0	0
genome	CGATAT.TTCGAA	0	0
genome	CGATCT.TCTATC	0	0
genome	CGCAAA.AGGTTC	0	0
genome	CGCAGA.ACAGAA	0	0
genome	CGCAGT.GGGCGC	0	0
genome	CGCATA.AAAACA	0	0
genome	CGCCAT.GCCAGC	0	0
genome	CGCCCT.ACACAC	0	0
genome	CGCGAA.AAAATC	0	0
genome	CGCTAC.TTAGAC	0	0
genome	CGCTCA.GTCCTA	0	0
genome	CGCTTC.AAAATC	0	0
genome	CGGAAC.TTCTCC	0	0
genome	CGGAGT.TCCAAA	0	0
genome	CGGATG.ACCGTC	0	0
genome	CGGCCT.CTGTAA	0	0
genome	CGGCGC.GATCTA	0	0
genome	CGGCTG.AACACG	0	0
genome	CGGGCT.CACTTA	0	0
genome	CGGTAC.ATTACC	0	0
genome	CGGTAT.GTTGCA	0	0
genome	CGGTGT.AGTGCA	0	0
genome	CGTAAG.GTGGTC	0	0
genome	CGTACA.TAGCAA	0	0
genome	CGTACT.ATCAGC	0	0
genome	CGTACT.CTGCAA	0	0
genome	CGTCAA.ATCTTA	0	0
genome	CGTCAC.AAATGA	0	0
genome	CGTCGT.GGTTCA	0	0
genome	CGTGAT.ACACCC	0	0
genome	CGTGAT.AGGAAC	0	0
genome	CGTGCT.GCGCTA	0	0
genome	CGTTCC.ATTAAC	0	0
genome	CGTTCT.AAAAGA	0	0
genome	CGTTGA.AGGACA	0	0
genome	CGTTTA.AGAACA	0	0
genome	CGTTTA.ATAGCC	0	0
genome	CGTTTA.ATGAAA	0	0
genome	CGTTTA.TCAATC	0	0
genome	CTAAAC.ACCAAG	0	0
genome	CTAAAG.ATAAAG	0	0
genome	CTAAAG.TGTGAA	0	0
genome	CTAAGA.AATGTC	0	0
genome	CTAAGA.GTTTGA	0	0
genome	CTAATA.TCTAGA	0	0
genome	CTAATG.TTGTAA	0	0
genome	CTACAA.ACTACC	0	0
genome	CTACAG.ATTGGC	0	0
genome	CTACAG.TGATGC	0	0
genome	CTACAT.CACCAG	0	0
genome	CTACCA.CACAGA	0	0
genome	CTACGT.CCCGCC	0	0
genome	CTAGAC.TTGAGA	0	0
genome	CTAGCT.TTGGAG	0	0
genome	CTAGGT.TACCAA	0	0
genome	CTAGTG.CTGTGC	0	0
genome	CTATAA.ATGAGA	0	0
genome	CTATAA.TTTTGA	0	0
genome	CTATAC.TGTCTC	0	0
genome	CTATAG.AAAGAA	0	0
genome	CTATCT.TAGTAC	0	0
genome	CTATGC.CAGGTC	0	0
genome	CTATGT.AGATTA	0	0
genome	CTATGT.GATAAC	0	0
genome	CTATTA.AATCAC	0	0
genome	CTCAAG.TGGTTC	0	0
genome	CTCACT.TCTTCC	0	0
genome	CTCAGT.GCAACC	0	0
genome	CTCATA.ACCGAG	0	0
genome	CTCATA.TTCACA	0	0
genome	CTCATC.ACGCAC	0	0
genome	CTCATG.AGACCA	0	0
genome	CTCCAA.AACACC	0	0
genome	CTCCGT.GAGGAG	0	0
genome	CTCCTA.AACTTC	0	0
genome	CTCCTC.AGTGGC	0	0
genome	CTCCTG.GTTTAA	0	0
genome	CTCGAA.TGCACC	0	0
genome	CTCGAT.GTACTC	0	0
genome	CTCTAA.AAACTC	0	0
genome	CTCTAA.TACCAA	0	0
genome	CTCTGT.AAATAA	0	0
genome	CTCTTA.AACAGC	0	0
genome	CTCTTA.CACGCC	0	0
genome	CTCTTA.TGTCAA	0	0
genome	CTCTTG.GCAGAA	0	0
genome	CTCTTT.AAGTCC	0	0
genome	CTGAAA.ACTCAA	0	0
genome	CTGAAA.GAGCTA	0	0
genome	CTGAAG.AATGAC	0	0
genome	CTGACA.ACGTTA	0	0
genome	CTGACA.TACTGA	0	0
genome	CTGACC.GGGTAA	0	0
genome	CTGACC.TATACA	0	0
genome	CTGAGG.AAGGAC	0	0
genome	CTGAGT.TGATAA	0	0
genome	CTGATG.AACTCA	0	0
genome	CTGATG.ACAATC	0	0
genome	CTGATG.TAACAA	0	0
genome	CTGATT.TCCTCA	0	0
genome	CTGCAA.ATCAGC	0	0
genome	CTGCAC.GAAGTC	0	0
genome	CTGCAG.ACCAGC	0	0
genome	CTGCAG.AGGAAG	0	0
genome	CTGCAT.GAAAGC	0	0
genome	CTGCGA.GATCTA	0	0
genome	CTGCTA.AATGGC	0	0
genome	CTGCTC.TCAACC	0	0
genome	CTGCTG.AAAAAG	0	0
genome	CTGCTG.CGTGAA	0	0
genome	CTGCTT.AACCAA	0	0
genome	CTGGAC.CATTGA	0	0
genome	CTGGCA.TGACAA	0	0
genome	CTGGTA.TGGTCA	0	0
genome	CTGGTA.TTCACC	0	0
genome	CTGGTG.TTCTTC	0	0
genome	CTGGTT.TAAATC	0	0
genome	CTGGTT.TATACC	0	0
genome	CTGTAC.GTCTGC	0	0
genome	CTGTAG.TACAGC	0	0
genome	CTGTCA.TAAGAA	0	0
genome	CTGTGA.ATCAAG	0	0
genome	CTGTGC.CTTGCA	0	0
genome	CTGTGT.GCCAAC	0	0
genome	CTGTTA.AAACAA	0	0
genome	CTGTTA.ACACCA	0	0
genome	CTGTTA.CGGGTA	0	0
genome	CTGTTA.CTTGCC	0	0
genome	CTGTTC.ACTGAA	0	0
genome	CTGTTG.AGCTCC	0	0
genome	CTGTTG.ATTAAA	0	0
genome	CTGTTG.ATTTCC	0	0
genome	CTGTTG.GACTAC	0	0
genome	CTGTTG.TAAACA	0	0
genome	CTGTTG.TGGGAA	0	0
genome	CTTAAA.AAACCC	0	0
genome	CTTAAA.CAGCAA	0	0
genome	CTTAAA.CCAGAC	0	0
genome	CTTAAG.ATGGTA	0	0
genome	CTTACA.GCTATA	0	0
genome	CTTACC.CAGAGA	0	0
genome	CTTAGA.ACAGCA	0	0
genome	CTTATG.CACACA	0	0
genome	CTTATT.AGCAAA	0	0
genome	CTTCAA.AAATGA	0	0
genome	CTTCAA.CTCAAC	0	0
genome	CTTCAA.CTGAAG	0	0
genome	CTTCAA.TTTTTA	0	0
genome	CTTCAG.CTCATC	0	0
genome	CTTCAG.GGTGCA	0	0
genome	CTTCAG.TTGGAC	0	0
genome	CTTCAT.TCCAAA	0	0
genome	CTTCAT.TTGGTA	0	0
genome	CTTCCA.TGAGAA	0	0
genome	CTTCCT.TTCCAA	0	0
genome	CTTCGA.TTCTGC	0	0
genome	CTTCGG.ACCTTC	0	0
genome	CTTCTA.GAAGCC	0	0
genome	CTTCTC.AATTAA	0	0
genome	CTTCTC.GTAACC	0	0
genome	CTTCTC.TCAAGC	0	0
genome	CTTCTG.AACATA	0	0
genome	CTTCTG.CTCTGC	0	0
genome	CTTGAA.GAAAAC	0	0
genome	CTTGAA.TGTTGC	0	0
genome	CTTGAA.TTCCAC	0	0
genome	CTTGAA.TTCCTC	0	0
genome	CTTGAC.ATCAAC	0	0
genome	CTTGAT.GCTTTA	0	0
genome	CTTGCA.CTAATA	0	0
genome	CTTGCA.TGATGA	0	0
genome	CTTGCG.TAAGCC	0	0
genome	CTTGCT.TTTTTC	0	0
genome	CTTGTA.ACGTAC	0	0
genome	CTTGTA.GTGGGA	0	0
genome	CTTGTG.AGGGAC	0	0
genome	CTTGTG.TAATGA	0	0
genome	CTTTAA.GCACTC	0	0
genome	CTTTAC.ATCATA	0	0
genome	CTTTAT.AGAACC	0	0
genome	CTTTCA.TTGTAC	0	0
genome	CTTTGA.GCTACA	0	0
genome	CTTTGC.AATTTA	0	0
genome	CTTTGC.AGATGA	0	0
genome	CTTTGT.ATCCAA	0	0
genome	CTTTTA.AAGTAC	0	0
genome	CTTTTC.AATAGC	0	0
genome	CTTTTG.AAACTA	0	0
genome	CTTTTG.ATACCA	0	0
genome	CTTTTG.TTCTGA	0	0
genome	CTTTTT.TTAGAC	0	0
genome	CTTTTT.TTTTCA	0	0
genome	GAAAAA.AATTGC	0	0
genome	GAAAAG.ACAATC	0	0
genome	GAAAAG.ATTGTC	0	0
genome	GAAAAG.GGCTTC	0	0
genome	GAAAAG.TAAAAA	0	0
genome	GAAACA.ACAACA	0	0
genome	GAAACC.TCTCAC	0	0
genome	GAAACT.CTCAAA	0	0
genome	GAAACT.GCCTAC	0	0
genome	GAAAGC.AGAAAA	0	0
genome	GAAAGT.TACGCC	0	0
genome	GAAAGT.TGCCCA	0	0
genome	GAAAGT.TGTCTC	0	0
genome	GAAATA.AAATGA	0	0
genome	GAAATA.CCACAA	0	0
genome	GAAATA.TCCAAA	0	0
genome	GAAATA.TTTTTA	0	0
genome	GAAATG.TGGACA	0	0
genome	GAAATG.TTGCTC	0	0
genome	GAAATT.AACTCC	0	0
genome	GAAATT.CATCTA	0	0
genome	GAAATT.GGCCTC	0	0
genome	GAACAA.TCCTGA	0	0
genome	GAACAA.TTCAGA	0	0
genome	GAACAT.ACTACC	0	0
genome	GAACCT.AGTTAC	0	0
genome	GAACTA.TCAGAC	0	0
genome	GAACTT.ACTCTC	0	0
genome	GAACTT.TCCTGC	0	0
genome	GAAGAA.AATCAC	0	0
genome	GAAGAA.AGTCAC	0	0
genome	GAAGAA.ATTTTA	0	0
genome	GAAGAA.GCTGAA	0	0
genome	GAAGAG.AGTTTA	0	0
genome	GAAGAG.TTGGCC	0	0
genome	GAAGAT.AGGAAC	0	0
genome	GAAGCC.TAAAAA	0	0
genome	GAAGGT.TAAACC	0	0
genome	GAAGTA.CTGAGC	0	0
genome	GAAGTC.GAGGAC	0	0
genome	GAAGTG.CACCAA	0	0
genome	GAAGTT.AATCCA	0	0
genome	GAAGTT.GATAGA	0	0
genome	GAAGTT.TCTTGA	0	0
genome	GAAGTT.TGTTGA	0	0
genome	GAATAT.CTATAA	0	0
genome	GAATAT.TGCTAA	0	0
genome	GAATCT.GAGTAA	0	0
genome	GAATGA.AAAAAA	0	0
genome	GAATGC.TCATCA	0	0
genome	GAATGC.TGTTTA	0	0
genome	GAATTA.TTACAC	0	0
genome	GAATTC.TTACAC	0	0
genome	GAATTT.ACTAAA	0	0
genome	GAATTT.GCAAAA	0	0
genome	GAATTT.GGTGAA	0	0
genome	GAATTT.TCAGAA	0	0
genome	GACAAA.AAAAAA	0	0
genome	GACAAA.CTTATA	0	0
genome	GACAAC.GCAGAC	0	0
genome	GACAAG.ACACCA	0	0
genome	GACAAG.CATTGC	0	0
genome	GACAAG.TACAAC	0	0
genome	GACAAT.TTAAGA	0	0
genome	GACACC.CGTGAC	0	0
genome	GACACG.GTCATC	0	0
genome	GACAGT.TTTAGC	0	0
genome	GACATA.CAATAA	0	0
genome	GACATA.CTGGCA	0	0
genome	GACATT.TCTCTC	0	0
genome	GACCAT.TTGACA	0	0
genome	GACGGT.CTTTAC	0	0
genome	GACTAC.AACTCA	0	0
genome	GACTCA.GTTAAC	0	0
genome	GACTCT.TCATTA	0	0
genome	GACTTT.TAAGTA	0	0
genome	GAGAAA.ACTTCC	0	0
genome	GAGAAG.CATTAA	0	0
genome	GAGAAG.CGTAAA	0	0
genome	GAGAAT.TTCACA	0	0
genome	GAGACT.ACCTTA	0	0
genome	GAGACT.GTTTTA	0	0
genome	GAGAGC.GTGAAC	0	0
genome	GAGATG.CAACTA	0	0
genome	GAGATG.TTTCAA	0	0
genome	GAGATT.ATTAAA	0	0
genome	GAGATT.ATTTAA	0	0
genome	GAGATT.TTGACA	0	0
genome	GAGCAA.ATAAGC	0	0
genome	GAGCAG.AGGGTA	0	0
genome	GAGCAG.GTCGCC	0	0
genome	GAGCTA.AAAATC	0	0
genome	GAGCTT.TGGTGA	0	0
genome	GAGGAA.TTAAGC	0	0
genome	GAGGCT.CATTTA	0	0
genome	GAGGGT.TTTTAA	0	0
genome	GAGGTT.GCCACA	0	0
genome	GAGTAA.TTTCCC	0	0
genome	GAGTCT.ATGGAA	0	0
genome	GAGTGC.GGAGAA	0	0
genome	GAGTTC.ACTGTA	0	0
genome	GATAAA.ATGTTA	0	0
genome	GATAAA.ATTATA	0	0
genome	GATACA.CTAATA	0	0
genome	GATACC.ATACAA	0	0
genome	GATAGA.GAGTTA	0	0
genome	GATAGT.AACAAA	0	0
genome	GATATC.ATGTAC	0	0
genome	GATATC.TAAAAA	0	0
genome	GATATT.CTGCTA	0	0
genome	GATCAT.CAAATC	0	0
genome	GATCCT.CGTGGA	0	0
genome	GATCTC.AAGAAC	0	0
genome	GATCTC.TTATTA	0	0
genome	GATGAA.CGTCGA	0	0
genome	GATGAT.GGCTGC	0	0
genome	GATGAT.TAAACC	0	0
genome	GATGCA.ATTCAA	0	0
genome	GATGCT.CTGGTA	0	0
genome	GATGCT.TCATAA	0	0
genome	GATGTC.CCTAAA	0	0
genome	GATGTG.TATTAC	0	0
genome	GATGTT.AGTACA	0	0
genome	GATTAA.AACTCC	0	0
genome	GATTAC.AGTTCA	0	0
genome	GATTAG.TAATGA	0	0
genome	GATTAT.GTGCTA	0	0
genome	GATTAT.TAGCTA	0	0
genome	GATTAT.TCAATA	0	0
genome	GATTGA.AAACCA	0	0
genome	GATTGA.AAAGTA	0	0
genome	GATTGA.TAGCTA	0	0
genome	GATTTC.TCTAAA	0	0
genome	GATTTG.CTACTA	0	0
genome	GATTTT.TTATCA	0	0
genome	GCAAAA.TAGGCA	0	0
genome	GCAAAA.TCATGA	0	0
genome	GCAAAC.AGGCAC	0	0
genome	GCAAAC.TACGGA	0	0
genome	GCAAAG.AAGAGC	0	0
genome	GCAACA.GGACGA	0	0
genome	GCAACG.CAACAA	0	0
genome	GCAAGA.TACCAC	0	0
genome	GCAAGG.TTTTCA	0	0
genome	GCAAGT.AGTGCA	0	0
genome	GCAATA.TCAACA	0	0
genome	GCAATG.ATACAA	0	0
genome	GCAATT.TTCGCA	0	0
genome	GCACAA.AAGTCC	0	0
genome	GCACAA.ATGTTA	0	0
genome	GCACTA.ATTCCA	0	0
genome	GCACTA.CCAATA	0	0
genome	GCACTC.TGGACA	0	0
genome	GCAGCA.TATACA	0	0
genome	GCAGCC.AGTGAC	0	0
genome	GCAGCC.GCAGAA	0	0
genome	GCAGCT.TCCCTA	0	0
genome	GCAGGA.CCACAA	0	0
genome	GCAGTA.GGGAAC	0	0
genome	GCAGTG.AAAGAA	0	0
genome	GCAGTT.CAACTA	0	0
genome	GCATAA.AATAGA	0	0
genome	GCATCA.GGTCAA	0	0
genome	GCATTG.CATGGA	0	0
genome	GCATTG.CTAACA	0	0
genome	GCATTG.CTGAGA	0	0
genome	GCCAAA.ATGTTA	0	0
genome	GCCAAT.CTAAGA	0	0
genome	GCCAAT.TACACA	0	0
genome	GCCACA.ATGACC	0	0
genome	GCCACC.TCACAA	0	0
genome	GCCACG.GGAGTA	0	0
genome	GCCACT.CATGGC	0	0
genome	GCCAGC.ATTCTA	0	0
genome	GCCATG.CTAAAA	0	0
genome	GCCATG.CTAACA	0	0
genome	GCCCTG.TGTCCA	0	0
genome	GCCCTT.CCACAA	0	0
genome	GCCGGT.CTACAC	0	0
genome	GCCGTC.GGACAA	0	0
genome	GCCGTG.ACATGA	0	0
genome	GCCTAA.AAACAA	0	0
genome	GCCTTG.CCTCGA	0	0
genome	GCCTTT.CAACAA	0	0
genome	GCGAAG.GTCCCA	0	0
genome	GCGAGC.AGAACA	0	0
genome	GCGAGT.TATGCC	0	0
genome	GCGATA.TGTTAC	0	0
genome	GCGATC.AAACAA	0	0
genome	GCGCCG.TCTAAA	0	0
genome	GCGCTA.TGCAAC	0	0
genome	GCGCTG.GGGCAA	0	0
genome	GCGGCA.TCAAGC	0	0
genome	GCGGGT.ATAAAC	0	0
genome	GCGTAA.AGGTAA	0	0
genome	GCTACT.TAGTAA	0	0
genome	GCTAGT.TAACTA	0	0
genome	GCTATG.TGTTCA	0	0
genome	GCTATT.CAGTTA	0	0
genome	GCTCAA.CATAAC	0	0
genome	GCTCAC.TATAAC	0	0
genome	GCTCCA.CACATA	0	0
genome	GCTCGT.GCCTAA	0	0
genome	GCTGAA.ATGTCA	0	0
genome	GCTGAC.CTATAC	0	0
genome	GCTGCG.TGTGCA	0	0
genome	GCTGCT.GGTATA	0	0
genome	GCTGCT.TTTACA	0	0
genome	GCTTAA.AAAGCA	0	0
genome	GCTTAT.CAGCAA	0	0
genome	GCTTCA.ACTCAA	0	0
genome	GCTTCA.TTGTAA	0	0
genome	GCTTGC.TTTGGA	0	0
genome	GCTTGT.CTTACA	0	0
genome	GCTTTA.ATAGAA	0	0
genome	GCTTTG.TGTAAA	0	0
genome	GCTTTT.CGTTTA	0	0
genome	GGAAAA.TCTGTA	0	0
genome	GGAACA.TGTAGA	0	0
genome	GGAAGC.CTCTGA	0	0
genome	GGAATT.AAGGGA	0	0
genome	GGAATT.GCGAGA	0	0
genome	GGACAA.CAATCA	0	0
genome	GGACAA.GACACC	0	0
genome	GGACCT.CCTAAA	0	0
genome	GGACTA.TCCCAC	0	0
genome	GGACTT.TTCTTA	0	0
genome	GGAGAA.GACAAA	0	0
genome	GGAGAA.TTCCCC	0	0
genome	GGAGAG.TGCCTA	0	0
genome	GGAGAT.ACGCAC	0	0
genome	GGAGCA.AAAACC	0	0
genome	GGAGCC.TGAATA	0	0
genome	GGAGGA.GTCTTA	0	0
genome	GGAGGA.TTGAAA	0	0
genome	GGAGGG.CATACA	0	0
genome	GGAGGT.TTATCA	0	0
genome	GGAGTA.GATCGA	0	0
genome	GGAGTG.TAACAA	0	0
genome	GGATAG.TGTCTA	0	0
genome	GGATCA.ACATAC	0	0
genome	GGCAAT.CTCAAC	0	0
genome	GGCCAA.CTGTCA	0	0
genome	GGCCAG.AGCAAC	0	0
genome	GGCCCC.ATTTCA	0	0
genome	GGCCTC.GTGAAA	0	0
genome	GGCCTT.TGTAAA	0	0
genome	GGCGCC.TAACTA	0	0
genome	GGCTAA.CGCAAC	0	0
genome	GGCTCT.AATGAC	0	0
genome	GGCTTC.GGTGTA	0	0
genome	GGCTTG.AAACCA	0	0
genome	GGGAGA.AATTGA	0	0
genome	GGGCGC.ATCAAA	0	0
genome	GGGCTC.TCCATA	0	0
genome	GGGTAT.TCACAC	0	0
genome	GGGTGA.GTACCA	0	0
genome	GGGTGT.ACCGAA	0	0
genome	GGGTGT.ATGCTA	0	0
genome	GGGTTG.AAACCA	0	0
genome	GGGTTG.AACTGA	0	0
genome	GGTAAA.CTAGAC	0	0
genome	GGTAAA.GCCAAC	0	0
genome	GGTAAA.TTGTTA	0	0
genome	GGTAAG.AAGGTA	0	0
genome	GGTAAT.TATTAC	0	0
genome	GGTAAT.TTGCAC	0	0
genome	GGTACA.CAACTA	0	0
genome	GGTACA.TTATGA	0	0
genome	GGTAGG.TTACTA	0	0
genome	GGTCAT.TCCTTA	0	0
genome	GGTGAA.TTATCA	0	0
genome	GGTGGT.GCACTA	0	0
genome	GGTGTA.GTTCCA	0	0
genome	GGTGTT.TACATA	0	0
genome	GGTGTT.TCCAAC	0	0
genome	GGTTAT.TTGATA	0	0
genome	GGTTCC.TTTTCA	0	0
genome	GGTTCT.ACTTGA	0	0
genome	GGTTGA.CTGGTA	0	0
genome	GGTTGC.ATAACA	0	0
genome	GGTTGT.ATACCA	0	0
genome	GGTTTA.CACTAA	0	0
genome	GGTTTA.CCAATA	0	0
genome	GGTTTG.ATTATA	0	0
genome	GTAAAC.GCAGCA	0	0
genome	GTAAAC.TTTAAC	0	0
genome	GTAAAG.AAGTAA	0	0
genome	GTAAAT.ACATAA	0	0
genome	GTAAAT.GATTGA	0	0
genome	GTAACA.ATGTTA	0	0
genome	GTAACA.CATTTA	0	0
genome	GTAACA.GTACAA	0	0
genome	GTAACA.TATCAA	0	0
genome	GTAACC.CAAGTA	0	0
genome	GTAAGA.TAATAA	0	0
genome	GTAAGC.ACTGAA	0	0
genome	GTAAGC.TCAAAC	0	0
genome	GTAAGG.AGGTAC	0	0
genome	GTAAGT.GTTATA	0	0
genome	GTAATA.TCTGAA	0	0
genome	GTACAA.TACTAA	0	0
genome	GTACAG.CTGGTA	0	0
genome	GTACAG.TGGTAA	0	0
genome	GTACAT.ACTGTA	0	0
genome	GTACAT.GGCACA	0	0
genome	GTACAT.TCAGCA	0	0
genome	GTACAT.TGGCTA	0	0
genome	GTACCA.GCTTAA	0	0
genome	GTACTA.ACAAAC	0	0
genome	GTACTA.CACACA	0	0
genome	GTACTA.CTATAC	0	0
genome	GTAGAA.CTGTTA	0	0
genome	GTAGAT.TAGTTA	0	0
genome	GTAGCG.GTGTTA	0	0
genome	GTAGCT.AGCCAC	0	0
genome	GTAGGA.CTAGAA	0	0
genome	GTAGGT.AACCAC	0	0
genome	GTAGGT.CACTTA	0	0
genome	GTAGGT.GTTCTA	0	0
genome	GTAGTA.AAATAC	0	0
genome	GTAGTC.CTGTGA	0	0
genome	GTAGTG.GCGTCA	0	0
genome	GTAGTT.TCTCAA	0	0
genome	GTATAA.CCAGTA	0	0
genome	GTATAG.ATGGAA	0	0
genome	GTATGC.TCAATA	0	0
genome	GTATTA.CAGCAA	0	0
genome	GTATTA.GTTCAA	0	0
genome	GTATTC.GCAAGA	0	0
genome	GTATTT.CACAAA	0	0
genome	GTCAAA.CAATGA	0	0
genome	GTCACA.CCGGAC	0	0
genome	GTCAGC.GATGCA	0	0
genome	GTCAGT.TGTTAA	0	0
genome	GTCATA.TTTAAC	0	0
genome	GTCCAG.ATGTCA	0	0
genome	GTCCTT.ATGTCA	0	0
genome	GTCGTC.TCATCA	0	0
genome	GTCTAA.ATAATA	0	0
genome	GTCTAA.GACACA	0	0
genome	GTCTAA.TTAACA	0	0
genome	GTCTCA.TGAATA	0	0
genome	GTCTGA.AATGGA	0	0
genome	GTCTGT.TCAACA	0	0
genome	GTCTTA.TATTAA	0	0
genome	GTGAAA.CAAGGA	0	0
genome	GTGAGT.CACTAA	0	0
genome	GTGATG.TTCCTA	0	0
genome	GTGCAA.TACAAA	0	0
genome	GTGCCT.TTAAAC	0	0
genome	GTGCTA.CGCTAA	0	0
genome	GTGCTA.TTGCCA	0	0
genome	GTGGAC.TGTCAA	0	0
genome	GTGGAG.AATGGA	0	0
genome	GTGTAC.TTGAAA	0	0
genome	GTGTAG.TAGTCA	0	0
genome	GTGTCA.CACCAA	0	0
genome	GTGTGC.TTTCCA	0	0
genome	GTGTTA.AAACCA	0	0
genome	GTGTTA.ATTGTA	0	0
genome	GTGTTG.TGTAGA	0	0
genome	GTTAAA.TCATTA	0	0
genome	GTTAAG.CATTTA	0	0
genome	GTTAAT.TGTTTA	0	0
genome	GTTAAT.TTACAA	0	0
genome	GTTACA.TTCCAA	0	0
genome	GTTACG.CGCCGA	0	0
genome	GTTACT.GCGATA	0	0
genome	GTTACT.GTTTCA	0	0
genome	GTTAGA.TCAGTA	0	0
genome	GTTAGA.TGGTAA	0	0
genome	GTTAGT.CAACTA	0	0
genome	GTTAGT.GCCTTA	0	0
genome	GTTATA.TAATGA	0	0
genome	GTTATC.GACTCA	0	0
genome	GTTATG.GGATCA	0	0
genome	GTTCAA.GGAACA	0	0
genome	GTTCAT.AGACAA	0	0
genome	GTTCTG.TTGTAA	0	0
genome	GTTGAC.GGCAAA	0	0
genome	GTTGAC.TACACA	0	0
genome	GTTGAG.GTTGTA	0	0
genome	GTTGCA.TAGTGA	0	0
genome	GTTGCC.TAACAA	0	0
genome	GTTGCT.TACCTA	0	0
genome	GTTGGA.TTCCCA	0	0
genome	GTTGGT.GCGATA	0	0
genome	GTTGTC.AAGTTA	0	0
genome	GTTGTT.AGTGCA	0	0
genome	GTTGTT.GTACAA	0	0
genome	GTTTAC.TTGGTA	0	0
genome	GTTTAG.TGAAAC	0	0
genome	GTTTAT.ATGTAA	0	0
genome	GTTTAT.TGTTGA	0	0
genome	GTTTCA.CGAGAA	0	0
genome	GTTTGA.TTGGTA	0	0
genome	GTTTTA.ATTCAA	0	0
genome	GTTTTC.TGAAAA	0	0
genome	GTTTTT.TATATA	0	0
genome	GTTTTT.TATGTA	0	0
genome	TAAAAA.TGGAAA	0	0
genome	TAAAAA.TGTTTA	0	0
genome	TAAAAA.TTTGCA	0	0
genome	TAAAAC.TAGCCA	0	0
genome	TAAAAT.ATATCA	0	0
genome	TAAACA.AGTACA	0	0
genome	TAAACA.CCAAAA	0	0
genome	TAAACC.TGAGTA	0	0
genome	TAAACT.TTACAA	0	0
genome	TAAAGA.ATAACA	0	0
genome	TAAAGA.CTTCTA	0	0
genome	TAAAGC.GAAAAA	0	0
genome	TAAAGC.TAAAGA	0	0
genome	TAAAGG.AAGTAA	0	0
genome	TAAAGT.TGTGAA	0	0
genome	TAAATA.AAAATA	0	0
genome	TAAATT.GCTTCA	0	0
genome	TAAATT.GTACCA	0	0
genome	TAAATT.GTTCCA	0	0
genome	TAACAA.TCCGGA	0	0
genome	TAACAG.TGCGCA	0	0
genome	TAACGC.ACCAGA	0	0
genome	TAACTA.ATAGCA	0	0
genome	TAACTA.CGCATA	0	0
genome	TAAGAA.CATACA	0	0
genome	TAAGAA.GAGTAA	0	0
genome	TAAGAC.TTCGGA	0	0
genome	TAAGCC.TTTATA	0	0
genome	TAAGCT.ATGGGA	0	0
genome	TAAGTA.AAATGA	0	0
genome	TAAGTA.AGTTGA	0	0
genome	TAAGTT.ACAAAA	0	0
genome	TAATAA.TAATTA	0	0
genome	TAATCA.TGTGTA	0	0
genome	TAATGA.ATCCCA	0	0
genome	TAATGA.TACAGA	0	0
genome	TAATGT.AGTACA	0	0
genome	TAATGT.TTTAAA	0	0
genome	TAATGT.TTTCAA	0	0
genome	TAATTA.AGGTGA	0	0
genome	TAATTA.TAAAGA	0	0
genome	TAATTA.TACAAA	0	0
genome	TAATTC.AAGAAA	0	0
genome	TAATTT.TCTAAA	0	0
genome	TACAAA.CAACCA	0	0
genome	TACAAA.TTAAAA	0	0
genome	TACAGT.GCAAGA	0	0
genome	TACAGT.TAACCA	0	0
genome	TACATC.TTGATA	0	0
genome	TACATT.TCAGTA	0	0
genome	TACCAA.TTCCCA	0	0
genome	TACCAC.AAAGCA	0	0
genome	TACCCC.TGCATA	0	0
genome	TACCGT.CAATGA	0	0
genome	TACGAC.CTAAGA	0	0
genome	TACGCA.AACTAA	0	0
genome	TACGCC.TCAGGA	0	0
genome	TACTAT.TATACA	0	0
genome	TACTGA.GAGACA	0	0
genome	TACTGA.TTTTCA	0	0
genome	TACTGG.CAGGCA	0	0
genome	TACTTA.GCTTAA	0	0
genome	TACTTT.ATACAA	0	0
genome	TAGAAA.TAAAGA	0	0
genome	TAGACA.ATCGAA	0	0
genome	TAGAGT.CAACCA	0	0
genome	TAGAGT.GTAACA	0	0
genome	TAGAGT.TCATCA	0	0
genome	TAGCAC.ATTGCA	0	0
genome	TAGCAC.TATGCA	0	0
genome	TAGCAT.TACAGA	0	0
genome	TAGCCA.ACTCCA	0	0
genome	TAGCTA.GGATGA	0	0
genome	TAGGAC.CTGTGA	0	0
genome	TAGGGG.TGAACA	0	0
genome	TAGGTA.TTACTA	0	0
genome	TAGGTG.ACTTAA	0	0
genome	TAGGTG.TAGGAA	0	0
genome	TAGGTT.ATCACA	0	0
genome	TAGTAA.ACTACA	0	0
genome	TAGTCT.TAGTCA	0	0
genome	TAGTGA.GTAGAA	0	0
genome	TAGTGG.AATAAA	0	0
genome	TAGTGT.AATAAA	0	0
genome	TAGTTA.ACGATA	0	0
genome	TAGTTC.CTTCCA	0	0
genome	TATAAA.CCACAA	0	0
genome	TATACA.GTAGCA	0	0
genome	TATAGC.GAGATA	0	0
genome	TATGAC.AAGACA	0	0
genome	TATGAG.TTTAGA	0	0
genome	TATGGA.TTACCA	0	0
genome	TATGTA.TCATCA	0	0
genome	TATTAA.GGTTCA	0	0
genome	TATTAC.ACAAAA	0	0
genome	TATTAC.AGAGCA	0	0
genome	TATTAG.TTTGAA	0	0
genome	TATTCT.ACCAGA	0	0
genome	TATTGA.CAATCA	0	0
genome	TATTGC.GCAACA	0	0
genome	TATTTA.ATACAA	0	0
genome	TATTTC.CCCACA	0	0
genome	TATTTT.TGCTGA	0	0
genome	TCAAAA.CAAGCA	0	0
genome	TCAAAC.TTCGGA	0	0
genome	TCAACA.CTTAAA	0	0
genome	TCAACG.GATGAA	0	0
genome	TCAACT.CAGGCA	0	0
genome	TCAAGG.CCATAA	0	0
genome	TCACAA.TAGCGA	0	0
genome	TCACAT.TTGACA	0	0
genome	TCACCA.GAGTCA	0	0
genome	TCACCT.AAGTAA	0	0
genome	TCACGT.GTCGCA	0	0
genome	TCACTC.GCTGCA	0	0
genome	TCAGAG.TGCAGA	0	0
genome	TCAGCA.TGCTCA	0	0
genome	TCAGTA.ATGTAA	0	0
genome	TCATAA.AAGAGA	0	0
genome	TCATAA.CCTCAA	0	0
genome	TCATAA.TCTACA	0	0
genome	TCATAA.TGGTAA	0	0
genome	TCATCA.ACAAGA	0	0
genome	TCATGC.TGATAA	0	0
genome	TCATGT.GGCGAA	0	0
genome	TCATGT.TAAACA	0	0
genome	TCATTA.TAAGCA	0	0
genome	TCCAGT.AAAGCA	0	0
genome	TCCATA.GAATAA	0	0
genome	TCCATT.ATACCA	0	0
genome	TCCCAC.AACAGA	0	0
genome	TCCCTG.ACAAGA	0	0
genome	TCCGCT.AAAACA	0	0
genome	TCCTAT.TCTGAA	0	0
genome	TCCTCT.ACTTCA	0	0
genome	TCCTCT.TATGCA	0	0
genome	TCCTCT.TTAACA	0	0
genome	TCCTGA.CAAAGA	0	0
genome	TCCTGG.TTTAAA	0	0
genome	TCCTTA.ACGTAA	0	0
genome	TCCTTC.TGGACA	0	0
genome	TCGAGC.TCCGAA	0	0
genome	TCGCAA.AGTTCA	0	0
genome	TCGCGG.TGATAA	0	0
genome	TCGGTA.ACAACA	0	0
genome	TCGGTA.TAGCCA	0	0
genome	TCGTAG.GCAACA	0	0
genome	TCGTTC.TCATCA	0	0
genome	TCTAAA.CCGAAA	0	0
genome	TCTAAG.CACTAA	0	0
genome	TCTACA.ACAGCA	0	0
genome	TCTACT.GCACCA	0	0
genome	TCTAGA.AATTCA	0	0
genome	TCTATC.CATAGA	0	0
genome	TCTATG.CCAAGA	0	0
genome	TCTCGT.TTAAAA	0	0
genome	TCTCTG.ATTTAA	0	0
genome	TCTGCA.CAGGAA	0	0
genome	TCTTAT.ACAGAA	0	0
genome	TCTTCA.GTTGAA	0	0
genome	TCTTCC.CAGCAA	0	0
genome	TCTTCT.GTCTAA	0	0
genome	TCTTGC.ACTGCA	0	0
genome	TCTTGC.TGCGAA	0	0
genome	TCTTTA.CAACCA	0	0
genome	TCTTTG.AATTCA	0	0
genome	TCTTTT.ACTGCA	0	0
genome	TCTTTT.CAAGAA	0	0
genome	TGAAAA.ATGACA	0	0
genome	TGAAAC.ATCTCA	0	0
genome	TGAAAC.GCTCAA	0	0
genome	TGAACT.TACTAA	0	0
genome	TGAAGA.CAACCA	0	0
genome	TGAAGA.CTTAAA	0	0
genome	TGAAGA.GAGCAA	0	0
genome	TGAATA.ACCAAA	0	0
genome	TGAATT.CTTGAA	0	0
genome	TGAATT.TCGTAA	0	0
genome	TGACAA.GATCCA	0	0
genome	TGACAG.CAAACA	0	0
genome	TGACAT.ACACCA	0	0
genome	TGACCA.ATGGAA	0	0
genome	TGACGG.GTAAAA	0	0
genome	TGAGAG.TAATAA	0	0
genome	TGAGAT.TCTCAA	0	0
genome	TGAGCT.GTAGCA	0	0
genome	TGAGGA.TATTAA	0	0
genome	TGAGTA.CAACCA	0	0
genome	TGATCC.TTGCAA	0	0
genome	TGATCG.GCCCCA	0	0
genome	TGATGA.CCTGAA	0	0
genome	TGATTC.TAAGAA	0	0
genome	TGATTC.TTAAAA	0	0
genome	TGATTG.ATCACA	0	0
genome	TGCAAC.AAGCCA	0	0
genome	TGCACT.TGGAAA	0	0
genome	TGCATG.ATAGCA	0	0
genome	TGCCAT.GCTAAA	0	0
genome	TGCCTC.TCTACA	0	0
genome	TGCTCT.TAATAA	0	0
genome	TGGAAA.TGTGAA	0	0
genome	TGGAGT.TTAACA	0	0
genome	TGGAGT.TTTCAA	0	0
genome	TGGATC.CGGACA	0	0
genome	TGGCAG.TTCCAA	0	0
genome	TGGCTT.ATCTAA	0	0
genome	TGGGCT.TTATAA	0	0
genome	TGGTAA.CCTAAA	0	0
genome	TGGTTA.TTTAAA	0	0
genome	TGGTTC.TATAAA	0	0
genome	TGTACA.TCTAAA	0	0
genome	TGTACA.TGAACA	0	0
genome	TGTCAG.GCGTAA	0	0
genome	TGTCAT.TCTAAA	0	0
genome	TGTCCG.TTAAAA	0	0
genome	TGTCCT.GTTGAA	0	0
genome	TGTCTG.AGCAAA	0	0
genome	TGTCTG.GTGGAA	0	0
genome	TGTGCA.AATGAA	0	0
genome	TGTGGC.GCTAAA	0	0
genome	TGTGTC.GTAACA	0	0
genome	TGTGTT.ATCAAA	0	0
genome	TGTGTT.TAGTAA	0	0
genome	TGTTAA.AACTAA	0	0
genome	TGTTAC.ACAGAA	0	0
genome	TGTTAC.CGTGAA	0	0
genome	TGTTCG.ATTCAA	0	0
genome	TGTTGA.ACTAAA	0	0
genome	TGTTGT.CAACAA	0	0
genome	TGTTTT.CTTCAA	0	0
genome	TTAATA.TAAAAA	0	0
genome	TTACAA.AGAAAA	0	0
genome	TTACAA.ATTAAA	0	0
genome	TTACAA.CTTAAA	0	0
genome	TTACAC.AGTAAA	0	0
genome	TTACAG.GTATAA	0	0
genome	TTAGAC.TACGAA	0	0
genome	TTAGGC.TGACAA	0	0
genome	TTAGTA.GCATAA	0	0
genome	TTATAA.TATCAA	0	0
genome	TTATCA.TACCAA	0	0
genome	TTATGT.TTTAAA	0	0
genome	TTCACA.TCAAAA	0	0
genome	TTCATA.AAAAAA	0	0
genome	TTCATA.CCACAA	0	0
genome	TTCTTT.TAGAAA	0	0
genome	TTGAAG.TGTCAA	0	0
genome	TTGCGT.ACCAAA	0	0
genome	TTGGTA.GTTAAA	0	0
genome	TTGGTG.AGAAAA	0	0
genome	TTGTAA.TACAAA	0	0
genome	TTGTGA.TTAAAA	0	0
genome	TTGTTC.GACAAA	0	0
genome	TTTGTT.AGAAAA	0	0
